Component: ARM Compiler 5.06 update 5 (build 528) Tool: armlink [4d35e2]

==============================================================================

Section Cross References

    lcd_log.o(i.LCD_LOG_ClearTextZone) refers to stm324xg_eval_lcd.o(i.BSP_LCD_ClearStringLine) for BSP_LCD_ClearStringLine
    lcd_log.o(i.LCD_LOG_ClearTextZone) refers to lcd_log.o(i.LCD_LOG_DeInit) for LCD_LOG_DeInit
    lcd_log.o(i.LCD_LOG_DeInit) refers to lcd_log.o(.data) for .data
    lcd_log.o(i.LCD_LOG_Init) refers to lcd_log.o(i.LCD_LOG_DeInit) for LCD_LOG_DeInit
    lcd_log.o(i.LCD_LOG_Init) refers to stm324xg_eval_lcd.o(i.BSP_LCD_Clear) for BSP_LCD_Clear
    lcd_log.o(i.LCD_LOG_ScrollBack) refers to lcd_log.o(i.LCD_LOG_UpdateDisplay) for LCD_LOG_UpdateDisplay
    lcd_log.o(i.LCD_LOG_ScrollBack) refers to lcd_log.o(.data) for .data
    lcd_log.o(i.LCD_LOG_ScrollForward) refers to lcd_log.o(i.LCD_LOG_UpdateDisplay) for LCD_LOG_UpdateDisplay
    lcd_log.o(i.LCD_LOG_ScrollForward) refers to lcd_log.o(.data) for .data
    lcd_log.o(i.LCD_LOG_SetFooter) refers to stm324xg_eval_lcd.o(i.BSP_LCD_SetFont) for BSP_LCD_SetFont
    lcd_log.o(i.LCD_LOG_SetFooter) refers to stm324xg_eval_lcd.o(i.BSP_LCD_SetTextColor) for BSP_LCD_SetTextColor
    lcd_log.o(i.LCD_LOG_SetFooter) refers to stm324xg_eval_lcd.o(i.BSP_LCD_GetXSize) for BSP_LCD_GetXSize
    lcd_log.o(i.LCD_LOG_SetFooter) refers to stm324xg_eval_lcd.o(i.BSP_LCD_GetYSize) for BSP_LCD_GetYSize
    lcd_log.o(i.LCD_LOG_SetFooter) refers to stm324xg_eval_lcd.o(i.BSP_LCD_FillRect) for BSP_LCD_FillRect
    lcd_log.o(i.LCD_LOG_SetFooter) refers to stm324xg_eval_lcd.o(i.BSP_LCD_SetBackColor) for BSP_LCD_SetBackColor
    lcd_log.o(i.LCD_LOG_SetFooter) refers to stm324xg_eval_lcd.o(i.BSP_LCD_DisplayStringAt) for BSP_LCD_DisplayStringAt
    lcd_log.o(i.LCD_LOG_SetFooter) refers to stm324xg_eval_lcd.o(.data) for Font12
    lcd_log.o(i.LCD_LOG_SetHeader) refers to stm324xg_eval_lcd.o(i.BSP_LCD_SetFont) for BSP_LCD_SetFont
    lcd_log.o(i.LCD_LOG_SetHeader) refers to stm324xg_eval_lcd.o(i.BSP_LCD_SetTextColor) for BSP_LCD_SetTextColor
    lcd_log.o(i.LCD_LOG_SetHeader) refers to stm324xg_eval_lcd.o(i.BSP_LCD_GetXSize) for BSP_LCD_GetXSize
    lcd_log.o(i.LCD_LOG_SetHeader) refers to stm324xg_eval_lcd.o(i.BSP_LCD_FillRect) for BSP_LCD_FillRect
    lcd_log.o(i.LCD_LOG_SetHeader) refers to stm324xg_eval_lcd.o(i.BSP_LCD_SetBackColor) for BSP_LCD_SetBackColor
    lcd_log.o(i.LCD_LOG_SetHeader) refers to stm324xg_eval_lcd.o(i.BSP_LCD_DisplayStringAt) for BSP_LCD_DisplayStringAt
    lcd_log.o(i.LCD_LOG_SetHeader) refers to stm324xg_eval_lcd.o(.data) for Font16
    lcd_log.o(i.LCD_LOG_SetHeader) refers to stm324xg_eval_lcd.o(.data) for Font12
    lcd_log.o(i.LCD_LOG_UpdateDisplay) refers to stm324xg_eval_lcd.o(i.BSP_LCD_SetTextColor) for BSP_LCD_SetTextColor
    lcd_log.o(i.LCD_LOG_UpdateDisplay) refers to stm324xg_eval_lcd.o(i.BSP_LCD_DisplayStringAtLine) for BSP_LCD_DisplayStringAtLine
    lcd_log.o(i.LCD_LOG_UpdateDisplay) refers to lcd_log.o(.data) for .data
    lcd_log.o(i.LCD_LOG_UpdateDisplay) refers to lcd_log.o(.bss) for .bss
    lcd_log.o(i.__io_putchar) refers to stm324xg_eval_lcd.o(i.BSP_LCD_GetFont) for BSP_LCD_GetFont
    lcd_log.o(i.__io_putchar) refers to stm324xg_eval_lcd.o(i.BSP_LCD_GetXSize) for BSP_LCD_GetXSize
    lcd_log.o(i.__io_putchar) refers to lcd_log.o(i.LCD_LOG_UpdateDisplay) for LCD_LOG_UpdateDisplay
    lcd_log.o(i.__io_putchar) refers to lcd_log.o(.data) for .data
    lcd_log.o(i.__io_putchar) refers to lcd_log.o(.bss) for .bss
    stm324xg_eval_lcd.o(i.BSP_LCD_Clear) refers to stm324xg_eval_lcd.o(i.BSP_LCD_GetXSize) for BSP_LCD_GetXSize
    stm324xg_eval_lcd.o(i.BSP_LCD_Clear) refers to stm324xg_eval_lcd.o(i.BSP_LCD_DrawHLine) for BSP_LCD_DrawHLine
    stm324xg_eval_lcd.o(i.BSP_LCD_Clear) refers to stm324xg_eval_lcd.o(i.BSP_LCD_GetYSize) for BSP_LCD_GetYSize
    stm324xg_eval_lcd.o(i.BSP_LCD_Clear) refers to stm324xg_eval_lcd.o(.bss) for .bss
    stm324xg_eval_lcd.o(i.BSP_LCD_ClearStringLine) refers to stm324xg_eval_lcd.o(i.BSP_LCD_GetXSize) for BSP_LCD_GetXSize
    stm324xg_eval_lcd.o(i.BSP_LCD_ClearStringLine) refers to stm324xg_eval_lcd.o(i.BSP_LCD_FillRect) for BSP_LCD_FillRect
    stm324xg_eval_lcd.o(i.BSP_LCD_ClearStringLine) refers to stm324xg_eval_lcd.o(.bss) for .bss
    stm324xg_eval_lcd.o(i.BSP_LCD_DisplayChar) refers to stm324xg_eval_lcd.o(i.DrawChar) for DrawChar
    stm324xg_eval_lcd.o(i.BSP_LCD_DisplayChar) refers to stm324xg_eval_lcd.o(.bss) for .bss
    stm324xg_eval_lcd.o(i.BSP_LCD_DisplayOff) refers to stm324xg_eval_lcd.o(.data) for .data
    stm324xg_eval_lcd.o(i.BSP_LCD_DisplayOn) refers to stm324xg_eval_lcd.o(.data) for .data
    stm324xg_eval_lcd.o(i.BSP_LCD_DisplayStringAt) refers to stm324xg_eval_lcd.o(i.BSP_LCD_GetXSize) for BSP_LCD_GetXSize
    stm324xg_eval_lcd.o(i.BSP_LCD_DisplayStringAt) refers to stm324xg_eval_lcd.o(i.BSP_LCD_DisplayChar) for BSP_LCD_DisplayChar
[...]
    i.LCD_LOG_DeInit                         0x08001f1c   Section        0  lcd_log.o(i.LCD_LOG_DeInit)
    i.LCD_LOG_ScrollBack                     0x08001f44   Section        0  lcd_log.o(i.LCD_LOG_ScrollBack)
    i.LCD_LOG_ScrollForward                  0x08001fc4   Section        0  lcd_log.o(i.LCD_LOG_ScrollForward)
    i.LCD_LOG_UpdateDisplay                  0x08002024   Section        0  lcd_log.o(i.LCD_LOG_UpdateDisplay)
    i.Led_Handler                            0x080020ac   Section        0  main.o(i.Led_Handler)
    i.MCU_ID_Init                            0x080020ec   Section        0  main.o(i.MCU_ID_Init)
    i.MemManage_Handler                      0x08002174   Section        0  stm32f4xx_it.o(i.MemManage_Handler)
    i.NMI_Handler                            0x08002176   Section        0  stm32f4xx_it.o(i.NMI_Handler)
    i.OTG_FS_IRQHandler                      0x08002178   Section        0  stm32f4xx_it.o(i.OTG_FS_IRQHandler)
    i.PendSV_Handler                         0x08002184   Section        0  stm32f4xx_it.o(i.PendSV_Handler)
    i.SVC_Handler                            0x08002186   Section        0  stm32f4xx_it.o(i.SVC_Handler)
    i.SysTick_Handler                        0x08002188   Section        0  stm32f4xx_it.o(i.SysTick_Handler)
    i.SystemClock_Config                     0x0800218c   Section        0  main.o(i.SystemClock_Config)
    SystemClock_Config                       0x0800218d   Thumb Code   132  main.o(i.SystemClock_Config)
    i.SystemInit                             0x0800221c   Section        0  system_stm32f4xx.o(i.SystemInit)
    i.UART_SetConfig                         0x08002270   Section        0  stm32f4xx_hal_uart.o(i.UART_SetConfig)
    UART_SetConfig                           0x08002271   Thumb Code   676  stm32f4xx_hal_uart.o(i.UART_SetConfig)
    i.UART_WaitOnFlagUntilTimeout            0x0800251c   Section        0  stm32f4xx_hal_uart.o(i.UART_WaitOnFlagUntilTimeout)
    UART_WaitOnFlagUntilTimeout              0x0800251d   Thumb Code   100  stm32f4xx_hal_uart.o(i.UART_WaitOnFlagUntilTimeout)
    i.USBH_AllocPipe                         0x08002580   Section        0  usbh_pipes.o(i.USBH_AllocPipe)
    i.USBH_ClosePipe                         0x080025b4   Section        0  usbh_pipes.o(i.USBH_ClosePipe)
    i.USBH_ClrFeature                        0x080025be   Section        0  usbh_ctlreq.o(i.USBH_ClrFeature)
    i.USBH_CtlReceiveData                    0x080025dc   Section        0  usbh_ioreq.o(i.USBH_CtlReceiveData)
    i.USBH_CtlReq                            0x080025fa   Section        0  usbh_ctlreq.o(i.USBH_CtlReq)
    i.USBH_CtlSendData                       0x08002630   Section        0  usbh_ioreq.o(i.USBH_CtlSendData)
    i.USBH_CtlSendSetup                      0x08002658   Section        0  usbh_ioreq.o(i.USBH_CtlSendSetup)
    i.USBH_Delay                             0x08002676   Section        0  usbh_conf.o(i.USBH_Delay)
    i.USBH_FindInterface                     0x0800267a   Section        0  usbh_core.o(i.USBH_FindInterface)
    i.USBH_FreePipe                          0x080026be   Section        0  usbh_pipes.o(i.USBH_FreePipe)
    i.USBH_GetDescriptor                     0x080026d6   Section        0  usbh_ctlreq.o(i.USBH_GetDescriptor)
    i.USBH_GetNextDesc                       0x0800270a   Section        0  usbh_ctlreq.o(i.USBH_GetNextDesc)
    i.USBH_Get_CfgDesc                       0x08002718   Section        0  usbh_ctlreq.o(i.USBH_Get_CfgDesc)
    i.USBH_Get_DevDesc                       0x08002744   Section        0  usbh_ctlreq.o(i.USBH_Get_DevDesc)
    i.USBH_Get_StringDesc                    0x080027c4   Section        0  usbh_ctlreq.o(i.USBH_Get_StringDesc)
    i.USBH_HID_ClassRequest                  0x0800280c   Section        0  usbh_hid.o(i.USBH_HID_ClassRequest)
    USBH_HID_ClassRequest                    0x0800280d   Thumb Code   156  usbh_hid.o(i.USBH_HID_ClassRequest)
    i.USBH_HID_EventCallback                 0x080028a8   Section        0  usbh_hid.o(i.USBH_HID_EventCallback)
    i.USBH_HID_GetASCIICode                  0x080028ac   Section        0  usbh_hid_keybd.o(i.USBH_HID_GetASCIICode)
    i.USBH_HID_GetDeviceType                 0x080028d0   Section        0  usbh_hid.o(i.USBH_HID_GetDeviceType)
    i.USBH_HID_GetHIDDescriptor              0x080028fe   Section        0  usbh_hid.o(i.USBH_HID_GetHIDDescriptor)
    i.USBH_HID_GetHIDReportDescriptor        0x08002912   Section        0  usbh_hid.o(i.USBH_HID_GetHIDReportDescriptor)
    i.USBH_HID_GetKeybdInfo                  0x08002928   Section        0  usbh_hid_keybd.o(i.USBH_HID_GetKeybdInfo)
    i.USBH_HID_GetMouseInfo                  0x0800293c   Section        0  usbh_hid_mouse.o(i.USBH_HID_GetMouseInfo)
    i.USBH_HID_GetReport                     0x08002950   Section        0  usbh_hid.o(i.USBH_HID_GetReport)
    i.USBH_HID_InterfaceDeInit               0x08002972   Section        0  usbh_hid.o(i.USBH_HID_InterfaceDeInit)
    USBH_HID_InterfaceDeInit                 0x08002973   Thumb Code    68  usbh_hid.o(i.USBH_HID_InterfaceDeInit)
    i.USBH_HID_InterfaceInit                 0x080029b8   Section        0  usbh_hid.o(i.USBH_HID_InterfaceInit)
    USBH_HID_InterfaceInit                   0x080029b9   Thumb Code   376  usbh_hid.o(i.USBH_HID_InterfaceInit)
    i.USBH_HID_KeybdDecode                   0x08002b80   Section        0  usbh_hid_keybd.o(i.USBH_HID_KeybdDecode)
    USBH_HID_KeybdDecode                     0x08002b81   Thumb Code   158  usbh_hid_keybd.o(i.USBH_HID_KeybdDecode)
    i.USBH_HID_KeybdInit                     0x08002c30   Section        0  usbh_hid_keybd.o(i.USBH_HID_KeybdInit)
    i.USBH_HID_MouseDecode                   0x08002c84   Section        0  usbh_hid_mouse.o(i.USBH_HID_MouseDecode)
    USBH_HID_MouseDecode                     0x08002c85   Thumb Code    98  usbh_hid_mouse.o(i.USBH_HID_MouseDecode)
    i.USBH_HID_MouseInit                     0x08002cf0   Section        0  usbh_hid_mouse.o(i.USBH_HID_MouseInit)
    i.USBH_HID_Process                       0x08002d2c   Section        0  usbh_hid.o(i.USBH_HID_Process)
    USBH_HID_Process                         0x08002d2d   Thumb Code   188  usbh_hid.o(i.USBH_HID_Process)
    i.USBH_HID_SOFProcess                    0x08002de8   Section        0  usbh_hid.o(i.USBH_HID_SOFProcess)
    USBH_HID_SOFProcess                      0x08002de9   Thumb Code    34  usbh_hid.o(i.USBH_HID_SOFProcess)
    i.USBH_HID_SetIdle                       0x08002e0a   Section        0  usbh_hid.o(i.USBH_HID_SetIdle)
    i.USBH_HID_SetProtocol                   0x08002e24   Section        0  usbh_hid.o(i.USBH_HID_SetProtocol)
    i.USBH_HandleControl                     0x08002e44   Section        0  usbh_ctlreq.o(i.USBH_HandleControl)
    USBH_HandleControl                       0x08002e45   Thumb Code   400  usbh_ctlreq.o(i.USBH_HandleControl)
    i.USBH_HandleEnum                        0x08002ff0   Section        0  usbh_core.o(i.USBH_HandleEnum)
    USBH_HandleEnum                          0x08002ff1   Thumb Code   360  usbh_core.o(i.USBH_HandleEnum)
    i.USBH_Init                              0x080031fc   Section        0  usbh_core.o(i.USBH_Init)
    i.USBH_InterruptReceiveData              0x08003260   Section        0  usbh_ioreq.o(i.USBH_InterruptReceiveData)
    i.USBH_InterruptSendData                 0x08003300   Section        0  usbh_ioreq.o(i.USBH_InterruptSendData)
    i.USBH_LL_ClosePipe                      0x08003320   Section        0  usbh_conf.o(i.USBH_LL_ClosePipe)
    i.USBH_LL_Connect                        0x0800332e   Section        0  usbh_core.o(i.USBH_LL_Connect)
    i.USBH_LL_Disconnect                     0x08003358   Section        0  usbh_core.o(i.USBH_LL_Disconnect)
    i.USBH_LL_DriverVBUS                     0x080033c0   Section        0  usbh_conf.o(i.USBH_LL_DriverVBUS)
    i.USBH_LL_GetSpeed                       0x080033e0   Section        0  usbh_conf.o(i.USBH_LL_GetSpeed)
    i.USBH_LL_GetURBState                    0x08003402   Section        0  usbh_conf.o(i.USBH_LL_GetURBState)
    i.USBH_LL_IncTimer                       0x0800340a   Section        0  usbh_core.o(i.USBH_LL_IncTimer)
    i.USBH_LL_Init                           0x08003428   Section        0  usbh_conf.o(i.USBH_LL_Init)
    i.USBH_LL_OpenPipe                       0x0800346c   Section        0  usbh_conf.o(i.USBH_LL_OpenPipe)
    i.USBH_LL_ResetPort                      0x08003484   Section        0  usbh_conf.o(i.USBH_LL_ResetPort)
    i.USBH_LL_SetTimer                       0x08003492   Section        0  usbh_core.o(i.USBH_LL_SetTimer)
    i.USBH_LL_SetToggle                      0x08003498   Section        0  usbh_conf.o(i.USBH_LL_SetToggle)
    i.USBH_LL_Start                          0x080034bc   Section        0  usbh_conf.o(i.USBH_LL_Start)
    i.USBH_LL_Stop                           0x080034ca   Section        0  usbh_conf.o(i.USBH_LL_Stop)
    i.USBH_LL_SubmitURB                      0x080034d8   Section        0  usbh_conf.o(i.USBH_LL_SubmitURB)
    i.USBH_OpenPipe                          0x080034f8   Section        0  usbh_pipes.o(i.USBH_OpenPipe)
    i.USBH_ParseCfgDesc                      0x0800350c   Section        0  usbh_ctlreq.o(i.USBH_ParseCfgDesc)
    USBH_ParseCfgDesc                        0x0800350d   Thumb Code   232  usbh_ctlreq.o(i.USBH_ParseCfgDesc)
    i.USBH_Process                           0x080035f4   Section        0  usbh_core.o(i.USBH_Process)
    i.USBH_ReEnumerate                       0x080038e8   Section        0  usbh_core.o(i.USBH_ReEnumerate)
    i.USBH_RegisterClass                     0x08003908   Section        0  usbh_core.o(i.USBH_RegisterClass)
    i.USBH_SelectInterface                   0x08003984   Section        0  usbh_core.o(i.USBH_SelectInterface)
    i.USBH_SetAddress                        0x08003a78   Section        0  usbh_ctlreq.o(i.USBH_SetAddress)
    i.USBH_SetCfg                            0x08003a94   Section        0  usbh_ctlreq.o(i.USBH_SetCfg)
    i.USBH_Start                             0x08003ab0   Section        0  usbh_core.o(i.USBH_Start)
    i.USBH_Stop                              0x08003ac4   Section        0  usbh_core.o(i.USBH_Stop)
    i.USBH_UserProcess                       0x08003ae8   Section        0  main.o(i.USBH_UserProcess)
    USBH_UserProcess                         0x08003ae9   Thumb Code    32  main.o(i.USBH_UserProcess)
    i.USB_CoreInit                           0x08003b0c   Section        0  stm32f4xx_ll_usb.o(i.USB_CoreInit)
    i.USB_CoreReset                          0x08003b78   Section        0  stm32f4xx_ll_usb.o(i.USB_CoreReset)
    USB_CoreReset                            0x08003b79   Thumb Code    50  stm32f4xx_ll_usb.o(i.USB_CoreReset)
    i.USB_DisableGlobalInt                   0x08003bb0   Section        0  stm32f4xx_ll_usb.o(i.USB_DisableGlobalInt)
    i.USB_DoPing                             0x08003bbc   Section        0  stm32f4xx_ll_usb.o(i.USB_DoPing)
    i.USB_DriveVbus                          0x08003bfc   Section        0  stm32f4xx_ll_usb.o(i.USB_DriveVbus)
    i.USB_EnableGlobalInt                    0x08003c28   Section        0  stm32f4xx_ll_usb.o(i.USB_EnableGlobalInt)
    i.USB_FlushRxFifo                        0x08003c34   Section        0  stm32f4xx_ll_usb.o(i.USB_FlushRxFifo)
    i.USB_FlushTxFifo                        0x08003c54   Section        0  stm32f4xx_ll_usb.o(i.USB_FlushTxFifo)
    i.USB_GetCurrentFrame                    0x08003c78   Section        0  stm32f4xx_ll_usb.o(i.USB_GetCurrentFrame)
    i.USB_GetHostSpeed                       0x08003c80   Section        0  stm32f4xx_ll_usb.o(i.USB_GetHostSpeed)
    i.USB_GetMode                            0x08003c8e   Section        0  stm32f4xx_ll_usb.o(i.USB_GetMode)
    i.USB_HC_Halt                            0x08003c96   Section        0  stm32f4xx_ll_usb.o(i.USB_HC_Halt)
    i.USB_HC_Init                            0x08003de0   Section        0  stm32f4xx_ll_usb.o(i.USB_HC_Init)
    i.USB_HC_ReadInterrupt                   0x08003eca   Section        0  stm32f4xx_ll_usb.o(i.USB_HC_ReadInterrupt)
    i.USB_HC_StartXfer                       0x08003ed8   Section        0  stm32f4xx_ll_usb.o(i.USB_HC_StartXfer)
    i.USB_HostInit                           0x08004060   Section        0  stm32f4xx_ll_usb.o(i.USB_HostInit)
    i.USB_InitFSLSPClkSel                    0x08004134   Section        0  stm32f4xx_ll_usb.o(i.USB_InitFSLSPClkSel)
    i.USB_ReadInterrupts                     0x0800416a   Section        0  stm32f4xx_ll_usb.o(i.USB_ReadInterrupts)
    i.USB_ReadPacket                         0x08004172   Section        0  stm32f4xx_ll_usb.o(i.USB_ReadPacket)
    i.USB_ResetPort                          0x08004192   Section        0  stm32f4xx_ll_usb.o(i.USB_ResetPort)
    i.USB_SetCurrentMode                     0x080041be   Section        0  stm32f4xx_ll_usb.o(i.USB_SetCurrentMode)
    i.USB_StopHost                           0x080041e2   Section        0  stm32f4xx_ll_usb.o(i.USB_StopHost)
    i.USB_WritePacket                        0x08004294   Section        0  stm32f4xx_ll_usb.o(i.USB_WritePacket)
    i.USR_KEYBRD_ProcessData                 0x080042bc   Section        0  keyboard.o(i.USR_KEYBRD_ProcessData)
    i.USR_MOUSE_Init                         0x08004348   Section        0  mouse.o(i.USR_MOUSE_Init)
    USR_MOUSE_Init                           0x08004349   Thumb Code    86  mouse.o(i.USR_MOUSE_Init)
    i.USR_MOUSE_ProcessData                  0x080043d0   Section        0  mouse.o(i.USR_MOUSE_ProcessData)
    i.UsageFault_Handler                     0x080043ea   Section        0  stm32f4xx_it.o(i.UsageFault_Handler)
    i.__0printf$5                            0x080043ec   Section        0  printf5.o(i.__0printf$5)
    i.__NVIC_SetPriority                     0x0800440c   Section        0  stm32f4xx_hal_cortex.o(i.__NVIC_SetPriority)
    __NVIC_SetPriority                       0x0800440d   Thumb Code    32  stm32f4xx_hal_cortex.o(i.__NVIC_SetPriority)
    i.__scatterload_copy                     0x0800442c   Section       14  handlers.o(i.__scatterload_copy)
    i.__scatterload_null                     0x0800443a   Section        2  handlers.o(i.__scatterload_null)
    i.__scatterload_zeroinit                 0x0800443c   Section       14  handlers.o(i.__scatterload_zeroinit)
    i._printf_core                           0x0800444c   Section        0  printf5.o(i._printf_core)
    _printf_core                             0x0800444d   Thumb Code   658  printf5.o(i._printf_core)
    i.fifo_init                              0x0800470c   Section        0  usbh_hid.o(i.fifo_init)
    i.fifo_read                              0x0800471a   Section        0  usbh_hid.o(i.fifo_read)
    i.fifo_write                             0x0800475e   Section        0  usbh_hid.o(i.fifo_write)
    i.fputc                                  0x080047b0   Section        0  main.o(i.fputc)
    i.free                                   0x080047c8   Section        0  malloc.o(i.free)
    i.led_init                               0x08004818   Section        0  main.o(i.led_init)
    i.main                                   0x08004860   Section        0  main.o(i.main)
    i.malloc                                 0x080049f8   Section        0  malloc.o(i.malloc)
    .constdata                               0x08004a64   Section     6840  stm324xg_eval_lcd.o(.constdata)
    .constdata                               0x0800651c   Section       16  system_stm32f4xx.o(.constdata)
    .constdata                               0x0800652c   Section        8  system_stm32f4xx.o(.constdata)
    .constdata                               0x08006534   Section      780  usbh_hid_keybd.o(.constdata)
    imp_0_lctrl                              0x08006534   Data          32  usbh_hid_keybd.o(.constdata)
    imp_0_lshift                             0x08006554   Data          32  usbh_hid_keybd.o(.constdata)
    imp_0_lalt                               0x08006574   Data          32  usbh_hid_keybd.o(.constdata)
    imp_0_lgui                               0x08006594   Data          32  usbh_hid_keybd.o(.constdata)
    imp_0_rctrl                              0x080065b4   Data          32  usbh_hid_keybd.o(.constdata)
    imp_0_rshift                             0x080065d4   Data          32  usbh_hid_keybd.o(.constdata)
    imp_0_ralt                               0x080065f4   Data          32  usbh_hid_keybd.o(.constdata)
    imp_0_rgui                               0x08006614   Data          32  usbh_hid_keybd.o(.constdata)
    imp_0_key_array                          0x08006634   Data          32  usbh_hid_keybd.o(.constdata)
    HID_KEYBRD_Key                           0x08006654   Data         130  usbh_hid_keybd.o(.constdata)
    HID_KEYBRD_ShiftKey                      0x080066d6   Data         130  usbh_hid_keybd.o(.constdata)
    HID_KEYBRD_Codes                         0x08006758   Data         232  usbh_hid_keybd.o(.constdata)
    .constdata                               0x08006840   Section      160  usbh_hid_mouse.o(.constdata)
    prop_b1                                  0x08006840   Data          32  usbh_hid_mouse.o(.constdata)
    prop_b2                                  0x08006860   Data          32  usbh_hid_mouse.o(.constdata)
    prop_b3                                  0x08006880   Data          32  usbh_hid_mouse.o(.constdata)
    prop_x                                   0x080068a0   Data          32  usbh_hid_mouse.o(.constdata)
    prop_y                                   0x080068c0   Data          32  usbh_hid_mouse.o(.constdata)
    .conststring                             0x080068e0   Section       68  usbh_ioreq.o(.conststring)
    .conststring                             0x08006924   Section       93  keyboard.o(.conststring)
    .conststring                             0x08006984   Section      157  menu.o(.conststring)
    .conststring                             0x08006a24   Section       77  menu.o(.conststring)
    .conststring                             0x08006a74   Section        4  usbh_hid.o(.conststring)
    .data                                    0x20000000   Section       20  lcd_log.o(.data)
    .data                                    0x20000014   Section       12  stm324xg_eval_lcd.o(.data)
    lcd_drv                                  0x20000014   Data           4  stm324xg_eval_lcd.o(.data)
    .data                                    0x20000020   Section        4  stm324xg_eval_io.o(.data)
    io_driver                                0x20000020   Data           4  stm324xg_eval_io.o(.data)
    .data                                    0x20000024   Section        4  usbh_core.o(.data)
    .data                                    0x20000028   Section        4  usbh_ioreq.o(.data)
    .data                                    0x2000002c   Section        4  system_stm32f4xx.o(.data)
    .data                                    0x20000030   Section        8  mouse.o(.data)
    x_loc                                    0x20000030   Data           2  mouse.o(.data)
    y_loc                                    0x20000032   Data           2  mouse.o(.data)
    prev_x                                   0x20000034   Data           2  mouse.o(.data)
    prev_y                                   0x20000036   Data           2  mouse.o(.data)
    .data                                    0x20000038   Section        4  keyboard.o(.data)
    .data                                    0x2000003c   Section       12  main.o(.data)
    .data                                    0x20000048   Section        1  main.o(.data)
    .data                                    0x20000049   Section        7  menu.o(.data)
    JoyState                                 0x2000004a   Data           1  menu.o(.data)
    .data                                    0x20000050   Section        8  menu.o(.data)
    .data                                    0x20000058   Section        8  menu.o(.data)
    .data                                    0x20000060   Section       12  stm32f4xx_hal.o(.data)
    .data                                    0x2000006c   Section        8  usbh_hid_keybd.o(.data)
    .data                                    0x20000074   Section       32  usbh_hid.o(.data)
    .data                                    0x20000094   Section        9  usbh_hid_mouse.o(.data)
    .data                                    0x200000a0   Section        4  stdout.o(.data)
    .data                                    0x200000a4   Section        4  mvars.o(.data)
    .data                                    0x200000a8   Section        4  mvars.o(.data)
    .bss                                     0x200000ac   Section    14520  lcd_log.o(.bss)
    .bss                                     0x20003964   Section       12  stm324xg_eval_lcd.o(.bss)
    .bss                                     0x20003970   Section      664  usbh_conf.o(.bss)
    .bss                                     0x20003c08   Section      776  main.o(.bss)
    .bss                                     0x20003f10   Section       15  usbh_hid_keybd.o(.bss)
    HEAP                                     0x20003f20   Section      512  startup_stm32f405xx.o(HEAP)
    STACK                                    0x20004120   Section     1024  startup_stm32f405xx.o(STACK)

    Global Symbols

    Symbol Name                              Value     Ov Type        Size  Object(Section)

    BuildAttributes$$THM_ISAv4$E$P$D$K$B$S$7EM$VFPi3$EXTD16$VFPS$VFMA$PE$A:L22UL41UL21$X:L11$S22US41US21$IEEE1$IW$USESV6$~STKCKD$USESV7$~SHL$OSPACE$ROPI$EBA8$MICROLIB$REQ8$PRES8$EABIv2 0x00000000   Number         0  anon$$obj.o ABSOLUTE
    __ARM_use_no_argv                        0x00000000   Number         0  main.o ABSOLUTE
    _printf_a                                0x00000000   Number         0  stubs.o ABSOLUTE
    _printf_c                                0x00000000   Number         0  stubs.o ABSOLUTE
    _printf_charcount                        0x00000000   Number         0  stubs.o ABSOLUTE
    _printf_d                                0x00000000   Number         0  stubs.o ABSOLUTE
    _printf_e                                0x00000000   Number         0  stubs.o ABSOLUTE
    _printf_f                                0x00000000   Number         0  stubs.o ABSOLUTE
    _printf_flags                            0x00000000   Number         0  stubs.o ABSOLUTE
    _printf_fp_dec                           0x00000000   Number         0  stubs.o ABSOLUTE
    _printf_fp_hex                           0x00000000   Number         0  stubs.o ABSOLUTE
    _printf_g                                0x00000000   Number         0  stubs.o ABSOLUTE
    _printf_i                                0x00000000   Number         0  stubs.o ABSOLUTE
    _printf_int_dec                          0x00000000   Number         0  stubs.o ABSOLUTE
    _printf_l                                0x00000000   Number         0  stubs.o ABSOLUTE
    _printf_lc                               0x00000000   Number         0  stubs.o ABSOLUTE
    _printf_ll                               0x00000000   Number         0  stubs.o ABSOLUTE
    _printf_lld                              0x00000000   Number         0  stubs.o ABSOLUTE
    _printf_lli                              0x00000000   Number         0  stubs.o ABSOLUTE
    _printf_llo                              0x00000000   Number         0  stubs.o ABSOLUTE
    _printf_llu                              0x00000000   Number         0  stubs.o ABSOLUTE
    _printf_llx                              0x00000000   Number         0  stubs.o ABSOLUTE
    _printf_longlong_dec                     0x00000000   Number         0  stubs.o ABSOLUTE
    _printf_longlong_hex                     0x00000000   Number         0  stubs.o ABSOLUTE
    _printf_longlong_oct                     0x00000000   Number         0  stubs.o ABSOLUTE
    _printf_ls                               0x00000000   Number         0  stubs.o ABSOLUTE
    _printf_mbtowc                           0x00000000   Number         0  stubs.o ABSOLUTE
    _printf_n                                0x00000000   Number         0  stubs.o ABSOLUTE
    _printf_o                                0x00000000   Number         0  stubs.o ABSOLUTE
    _printf_p                                0x00000000   Number         0  stubs.o ABSOLUTE
    _printf_percent                          0x00000000   Number         0  stubs.o ABSOLUTE
    _printf_pre_padding                      0x00000000   Number         0  stubs.o ABSOLUTE
    _printf_return_value                     0x00000000   Number         0  stubs.o ABSOLUTE
    _printf_s                                0x00000000   Number         0  stubs.o ABSOLUTE
    _printf_sizespec                         0x00000000   Number         0  stubs.o ABSOLUTE
    _printf_str                              0x00000000   Number         0  stubs.o ABSOLUTE
    _printf_truncate_signed                  0x00000000   Number         0  stubs.o ABSOLUTE
    _printf_truncate_unsigned                0x00000000   Number         0  stubs.o ABSOLUTE
    _printf_u                                0x00000000   Number         0  stubs.o ABSOLUTE
    _printf_wc                               0x00000000   Number         0  stubs.o ABSOLUTE
    _printf_wctomb                           0x00000000   Number         0  stubs.o ABSOLUTE
    _printf_widthprec                        0x00000000   Number         0  stubs.o ABSOLUTE
    _printf_x                                0x00000000   Number         0  stubs.o ABSOLUTE
    __cpp_initialize__aeabi_                  - Undefined Weak Reference
    __cxa_finalize                            - Undefined Weak Reference
    __decompress                              - Undefined Weak Reference
    _clock_init                               - Undefined Weak Reference
    _microlib_exit                            - Undefined Weak Reference
    __Vectors_Size                           0x00000188   Number         0  startup_stm32f405xx.o ABSOLUTE
    __Vectors                                0x08000000   Data           4  startup_stm32f405xx.o(RESET)
    __Vectors_End                            0x08000188   Data           0  startup_stm32f405xx.o(RESET)
    __main                                   0x08000189   Thumb Code     0  entry.o(.ARM.Collect$$$$00000000)
    _main_stk                                0x08000189   Thumb Code     0  entry2.o(.ARM.Collect$$$$00000001)
    _main_scatterload                        0x0800018d   Thumb Code     0  entry5.o(.ARM.Collect$$$$00000004)
    __main_after_scatterload                 0x08000191   Thumb Code     0  entry5.o(.ARM.Collect$$$$00000004)
    _main_clock                              0x08000191   Thumb Code     0  entry7b.o(.ARM.Collect$$$$00000008)
    _main_cpp_init                           0x08000191   Thumb Code     0  entry8b.o(.ARM.Collect$$$$0000000A)
    _main_init                               0x08000191   Thumb Code     0  entry9a.o(.ARM.Collect$$$$0000000B)
    __rt_final_cpp                           0x08000199   Thumb Code     0  entry10a.o(.ARM.Collect$$$$0000000D)
    __rt_final_exit                          0x08000199   Thumb Code     0  entry11a.o(.ARM.Collect$$$$0000000F)
    Reset_Handler                            0x0800019d   Thumb Code     8  startup_stm32f405xx.o(.text)
    ADC_IRQHandler                           0x080001b7   Thumb Code     0  startup_stm32f405xx.o(.text)
    CAN1_RX0_IRQHandler                      0x080001b7   Thumb Code     0  startup_stm32f405xx.o(.text)
    CAN1_RX1_IRQHandler                      0x080001b7   Thumb Code     0  startup_stm32f405xx.o(.text)
    CAN1_SCE_IRQHandler                      0x080001b7   Thumb Code     0  startup_stm32f405xx.o(.text)
    CAN1_TX_IRQHandler                       0x080001b7   Thumb Code     0  startup_stm32f405xx.o(.text)
    CAN2_RX0_IRQHandler                      0x080001b7   Thumb Code     0  startup_stm32f405xx.o(.text)
    CAN2_RX1_IRQHandler                      0x080001b7   Thumb Code     0  startup_stm32f405xx.o(.text)
    CAN2_SCE_IRQHandler                      0x080001b7   Thumb Code     0  startup_stm32f405xx.o(.text)
    CAN2_TX_IRQHandler                       0x080001b7   Thumb Code     0  startup_stm32f405xx.o(.text)
    DMA1_Stream0_IRQHandler                  0x080001b7   Thumb Code     0  startup_stm32f405xx.o(.text)
    DMA1_Stream1_IRQHandler                  0x080001b7   Thumb Code     0  startup_stm32f405xx.o(.text)
    DMA1_Stream2_IRQHandler                  0x080001b7   Thumb Code     0  startup_stm32f405xx.o(.text)
    DMA1_Stream3_IRQHandler                  0x080001b7   Thumb Code     0  startup_stm32f405xx.o(.text)
    DMA1_Stream4_IRQHandler                  0x080001b7   Thumb Code     0  startup_stm32f405xx.o(.text)
    DMA1_Stream5_IRQHandler                  0x080001b7   Thumb Code     0  startup_stm32f405xx.o(.text)
    DMA1_Stream6_IRQHandler                  0x080001b7   Thumb Code     0  startup_stm32f405xx.o(.text)
    DMA1_Stream7_IRQHandler                  0x080001b7   Thumb Code     0  startup_stm32f405xx.o(.text)
    DMA2_Stream0_IRQHandler                  0x080001b7   Thumb Code     0  startup_stm32f405xx.o(.text)
    DMA2_Stream1_IRQHandler                  0x080001b7   Thumb Code     0  startup_stm32f405xx.o(.text)
    DMA2_Stream2_IRQHandler                  0x080001b7   Thumb Code     0  startup_stm32f405xx.o(.text)
    DMA2_Stream3_IRQHandler                  0x080001b7   Thumb Code     0  startup_stm32f405xx.o(.text)
    DMA2_Stream4_IRQHandler                  0x080001b7   Thumb Code     0  startup_stm32f405xx.o(.text)
    DMA2_Stream5_IRQHandler                  0x080001b7   Thumb Code     0  startup_stm32f405xx.o(.text)
    DMA2_Stream6_IRQHandler                  0x080001b7   Thumb Code     0  startup_stm32f405xx.o(.text)
    DMA2_Stream7_IRQHandler                  0x080001b7   Thumb Code     0  startup_stm32f405xx.o(.text)
    EXTI0_IRQHandler                         0x080001b7   Thumb Code     0  startup_stm32f405xx.o(.text)
    EXTI15_10_IRQHandler                     0x080001b7   Thumb Code     0  startup_stm32f405xx.o(.text)
    EXTI1_IRQHandler                         0x080001b7   Thumb Code     0  startup_stm32f405xx.o(.text)
    EXTI3_IRQHandler                         0x080001b7   Thumb Code     0  startup_stm32f405xx.o(.text)
    EXTI4_IRQHandler                         0x080001b7   Thumb Code     0  startup_stm32f405xx.o(.text)
    EXTI9_5_IRQHandler                       0x080001b7   Thumb Code     0  startup_stm32f405xx.o(.text)
    FLASH_IRQHandler                         0x080001b7   Thumb Code     0  startup_stm32f405xx.o(.text)
    FMC_IRQHandler                           0x080001b7   Thumb Code     0  startup_stm32f405xx.o(.text)
    FPU_IRQHandler                           0x080001b7   Thumb Code     0  startup_stm32f405xx.o(.text)
    HASH_RNG_IRQHandler                      0x080001b7   Thumb Code     0  startup_stm32f405xx.o(.text)
    I2C1_ER_IRQHandler                       0x080001b7   Thumb Code     0  startup_stm32f405xx.o(.text)
    I2C1_EV_IRQHandler                       0x080001b7   Thumb Code     0  startup_stm32f405xx.o(.text)
    I2C2_ER_IRQHandler                       0x080001b7   Thumb Code     0  startup_stm32f405xx.o(.text)
    I2C2_EV_IRQHandler                       0x080001b7   Thumb Code     0  startup_stm32f405xx.o(.text)
    I2C3_ER_IRQHandler                       0x080001b7   Thumb Code     0  startup_stm32f405xx.o(.text)
    I2C3_EV_IRQHandler                       0x080001b7   Thumb Code     0  startup_stm32f405xx.o(.text)
    OTG_FS_WKUP_IRQHandler                   0x080001b7   Thumb Code     0  startup_stm32f405xx.o(.text)
    OTG_HS_EP1_IN_IRQHandler                 0x080001b7   Thumb Code     0  startup_stm32f405xx.o(.text)
    OTG_HS_EP1_OUT_IRQHandler                0x080001b7   Thumb Code     0  startup_stm32f405xx.o(.text)
    OTG_HS_IRQHandler                        0x080001b7   Thumb Code     0  startup_stm32f405xx.o(.text)
    OTG_HS_WKUP_IRQHandler                   0x080001b7   Thumb Code     0  startup_stm32f405xx.o(.text)
    PVD_IRQHandler                           0x080001b7   Thumb Code     0  startup_stm32f405xx.o(.text)
    RCC_IRQHandler                           0x080001b7   Thumb Code     0  startup_stm32f405xx.o(.text)
    RTC_Alarm_IRQHandler                     0x080001b7   Thumb Code     0  startup_stm32f405xx.o(.text)
    RTC_WKUP_IRQHandler                      0x080001b7   Thumb Code     0  startup_stm32f405xx.o(.text)
    SDIO_IRQHandler                          0x080001b7   Thumb Code     0  startup_stm32f405xx.o(.text)
    SPI1_IRQHandler                          0x080001b7   Thumb Code     0  startup_stm32f405xx.o(.text)
    SPI2_IRQHandler                          0x080001b7   Thumb Code     0  startup_stm32f405xx.o(.text)
    SPI3_IRQHandler                          0x080001b7   Thumb Code     0  startup_stm32f405xx.o(.text)
    TAMP_STAMP_IRQHandler                    0x080001b7   Thumb Code     0  startup_stm32f405xx.o(.text)
    TIM1_BRK_TIM9_IRQHandler                 0x080001b7   Thumb Code     0  startup_stm32f405xx.o(.text)
    TIM1_CC_IRQHandler                       0x080001b7   Thumb Code     0  startup_stm32f405xx.o(.text)
    TIM1_TRG_COM_TIM11_IRQHandler            0x080001b7   Thumb Code     0  startup_stm32f405xx.o(.text)
    TIM1_UP_TIM10_IRQHandler                 0x080001b7   Thumb Code     0  startup_stm32f405xx.o(.text)
    TIM2_IRQHandler                          0x080001b7   Thumb Code     0  startup_stm32f405xx.o(.text)
    TIM3_IRQHandler                          0x080001b7   Thumb Code     0  startup_stm32f405xx.o(.text)
    TIM4_IRQHandler                          0x080001b7   Thumb Code     0  startup_stm32f405xx.o(.text)
    TIM5_IRQHandler                          0x080001b7   Thumb Code     0  startup_stm32f405xx.o(.text)
    TIM6_DAC_IRQHandler                      0x080001b7   Thumb Code     0  startup_stm32f405xx.o(.text)
    TIM7_IRQHandler                          0x080001b7   Thumb Code     0  startup_stm32f405xx.o(.text)
    TIM8_BRK_TIM12_IRQHandler                0x080001b7   Thumb Code     0  startup_stm32f405xx.o(.text)
    TIM8_CC_IRQHandler                       0x080001b7   Thumb Code     0  startup_stm32f405xx.o(.text)
    TIM8_TRG_COM_TIM14_IRQHandler            0x080001b7   Thumb Code     0  startup_stm32f405xx.o(.text)
    TIM8_UP_TIM13_IRQHandler                 0x080001b7   Thumb Code     0  startup_stm32f405xx.o(.text)
    UART4_IRQHandler                         0x080001b7   Thumb Code     0  startup_stm32f405xx.o(.text)
    UART5_IRQHandler                         0x080001b7   Thumb Code     0  startup_stm32f405xx.o(.text)
    USART1_IRQHandler                        0x080001b7   Thumb Code     0  startup_stm32f405xx.o(.text)
    USART2_IRQHandler                        0x080001b7   Thumb Code     0  startup_stm32f405xx.o(.text)
    USART3_IRQHandler                        0x080001b7   Thumb Code     0  startup_stm32f405xx.o(.text)
    USART6_IRQHandler                        0x080001b7   Thumb Code     0  startup_stm32f405xx.o(.text)
    WWDG_IRQHandler                          0x080001b7   Thumb Code     0  startup_stm32f405xx.o(.text)
    __aeabi_uldivmod                         0x080001c1   Thumb Code    98  uldiv.o(.text)
    __aeabi_memcpy                           0x08000223   Thumb Code    36  memcpya.o(.text)
    __aeabi_memcpy4                          0x08000223   Thumb Code     0  memcpya.o(.text)
    __aeabi_memcpy8                          0x08000223   Thumb Code     0  memcpya.o(.text)
    __aeabi_llsl                             0x08000247   Thumb Code    30  llshl.o(.text)
    _ll_shift_l                              0x08000247   Thumb Code     0  llshl.o(.text)
    __aeabi_llsr                             0x08000265   Thumb Code    32  llushr.o(.text)
    _ll_ushift_r                             0x08000265   Thumb Code     0  llushr.o(.text)
    __scatterload                            0x08000285   Thumb Code    28  init.o(.text)
    __scatterload_rt2                        0x08000285   Thumb Code     0  init.o(.text)
    BSP_IO_ITClear                           0x080002a9   Thumb Code    12  stm324xg_eval_io.o(i.BSP_IO_ITClear)
    BSP_IO_ReadPin                           0x080002b9   Thumb Code    18  stm324xg_eval_io.o(i.BSP_IO_ReadPin)
    BSP_JOY_GetState                         0x080002d1   Thumb Code    58  stm324xg_eval.o(i.BSP_JOY_GetState)
    BSP_LCD_ClearStringLine                  0x0800030d   Thumb Code    40  stm324xg_eval_lcd.o(i.BSP_LCD_ClearStringLine)
    BSP_LCD_DisplayChar                      0x08000339   Thumb Code    32  stm324xg_eval_lcd.o(i.BSP_LCD_DisplayChar)
    BSP_LCD_DisplayStringAt                  0x0800035d   Thumb Code   150  stm324xg_eval_lcd.o(i.BSP_LCD_DisplayStringAt)
    BSP_LCD_DisplayStringAtLine              0x080003f9   Thumb Code    22  stm324xg_eval_lcd.o(i.BSP_LCD_DisplayStringAtLine)
    BSP_LCD_DrawHLine                        0x08000415   Thumb Code    68  stm324xg_eval_lcd.o(i.BSP_LCD_DrawHLine)
    BSP_LCD_DrawPixel                        0x08000461   Thumb Code    14  stm324xg_eval_lcd.o(i.BSP_LCD_DrawPixel)
    BSP_LCD_DrawRect                         0x08000475   Thumb Code    54  stm324xg_eval_lcd.o(i.BSP_LCD_DrawRect)
    BSP_LCD_DrawVLine                        0x080004ad   Thumb Code    68  stm324xg_eval_lcd.o(i.BSP_LCD_DrawVLine)
    BSP_LCD_FillRect                         0x080004f9   Thumb Code    44  stm324xg_eval_lcd.o(i.BSP_LCD_FillRect)
    BSP_LCD_GetXSize                         0x08000529   Thumb Code     8  stm324xg_eval_lcd.o(i.BSP_LCD_GetXSize)
    BSP_LCD_SetBackColor                     0x08000535   Thumb Code     6  stm324xg_eval_lcd.o(i.BSP_LCD_SetBackColor)
    BSP_LCD_SetTextColor                     0x08000541   Thumb Code     6  stm324xg_eval_lcd.o(i.BSP_LCD_SetTextColor)
    BusFault_Handler                         0x0800054d   Thumb Code     2  stm32f4xx_it.o(i.BusFault_Handler)
    DebugMon_Handler                         0x08000597   Thumb Code     2  stm32f4xx_it.o(i.DebugMon_Handler)
    EXTI2_IRQHandler                         0x08000635   Thumb Code     6  stm32f4xx_it.o(i.EXTI2_IRQHandler)
    HAL_Delay                                0x0800063d   Thumb Code    32  stm32f4xx_hal.o(i.HAL_Delay)
    HAL_GPIO_EXTI_Callback                   0x08000661   Thumb Code    90  menu.o(i.HAL_GPIO_EXTI_Callback)
    HAL_GPIO_EXTI_IRQHandler                 0x080006c1   Thumb Code    18  stm32f4xx_hal_gpio.o(i.HAL_GPIO_EXTI_IRQHandler)
    HAL_GPIO_Init                            0x080006d9   Thumb Code   388  stm32f4xx_hal_gpio.o(i.HAL_GPIO_Init)
    HAL_GPIO_ReadPin                         0x08000889   Thumb Code    10  stm32f4xx_hal_gpio.o(i.HAL_GPIO_ReadPin)
    HAL_GPIO_WritePin                        0x08000893   Thumb Code    10  stm32f4xx_hal_gpio.o(i.HAL_GPIO_WritePin)
    HAL_GetREVID                             0x0800089d   Thumb Code     8  stm32f4xx_hal.o(i.HAL_GetREVID)
    HAL_GetTick                              0x080008a9   Thumb Code     6  stm32f4xx_hal.o(i.HAL_GetTick)
    HAL_HCD_Connect_Callback                 0x080008b5   Thumb Code     8  usbh_conf.o(i.HAL_HCD_Connect_Callback)
    HAL_HCD_Disconnect_Callback              0x080008bd   Thumb Code     8  usbh_conf.o(i.HAL_HCD_Disconnect_Callback)
    HAL_HCD_GetCurrentFrame                  0x080008c5   Thumb Code     6  stm32f4xx_hal_hcd.o(i.HAL_HCD_GetCurrentFrame)
    HAL_HCD_GetCurrentSpeed                  0x080008cb   Thumb Code     6  stm32f4xx_hal_hcd.o(i.HAL_HCD_GetCurrentSpeed)
    HAL_HCD_HC_GetURBState                   0x080008d1   Thumb Code    14  stm32f4xx_hal_hcd.o(i.HAL_HCD_HC_GetURBState)
    HAL_HCD_HC_Halt                          0x080008df   Thumb Code    36  stm32f4xx_hal_hcd.o(i.HAL_HCD_HC_Halt)
    HAL_HCD_HC_Init                          0x08000903   Thumb Code    84  stm32f4xx_hal_hcd.o(i.HAL_HCD_HC_Init)
    HAL_HCD_HC_NotifyURBChange_Callback      0x08000957   Thumb Code     2  usbh_conf.o(i.HAL_HCD_HC_NotifyURBChange_Callback)
    HAL_HCD_HC_SubmitRequest                 0x08000959   Thumb Code   182  stm32f4xx_hal_hcd.o(i.HAL_HCD_HC_SubmitRequest)
    HAL_HCD_IRQHandler                       0x08000a11   Thumb Code   302  stm32f4xx_hal_hcd.o(i.HAL_HCD_IRQHandler)
    HAL_HCD_Init                             0x08000b3f   Thumb Code    90  stm32f4xx_hal_hcd.o(i.HAL_HCD_Init)
    HAL_HCD_MspInit                          0x08000b99   Thumb Code   246  usbh_conf.o(i.HAL_HCD_MspInit)
    HAL_HCD_ResetPort                        0x08000ca5   Thumb Code     6  stm32f4xx_hal_hcd.o(i.HAL_HCD_ResetPort)
    HAL_HCD_SOF_Callback                     0x08000cab   Thumb Code     8  usbh_conf.o(i.HAL_HCD_SOF_Callback)
    HAL_HCD_Start                            0x08000cb3   Thumb Code    44  stm32f4xx_hal_hcd.o(i.HAL_HCD_Start)
    HAL_HCD_Stop                             0x08000cdf   Thumb Code    36  stm32f4xx_hal_hcd.o(i.HAL_HCD_Stop)
    HAL_IncTick                              0x08000d05   Thumb Code    12  stm32f4xx_hal.o(i.HAL_IncTick)
    HAL_Init                                 0x08000d15   Thumb Code    40  stm32f4xx_hal.o(i.HAL_Init)
    HAL_InitTick                             0x08000d41   Thumb Code    54  stm32f4xx_hal.o(i.HAL_InitTick)
    HAL_MspInit                              0x08000d81   Thumb Code   126  stm32f4xx_hal_msp.o(i.HAL_MspInit)
    HAL_NVIC_EnableIRQ                       0x08000e05   Thumb Code    26  stm32f4xx_hal_cortex.o(i.HAL_NVIC_EnableIRQ)
    HAL_NVIC_SetPriority                     0x08000e21   Thumb Code    60  stm32f4xx_hal_cortex.o(i.HAL_NVIC_SetPriority)
    HAL_NVIC_SetPriorityGrouping             0x08000e61   Thumb Code    26  stm32f4xx_hal_cortex.o(i.HAL_NVIC_SetPriorityGrouping)
    HAL_RCC_ClockConfig                      0x08000e85   Thumb Code   286  stm32f4xx_hal_rcc.o(i.HAL_RCC_ClockConfig)
    HAL_RCC_GetPCLK1Freq                     0x08000fb5   Thumb Code    20  stm32f4xx_hal_rcc.o(i.HAL_RCC_GetPCLK1Freq)
    HAL_RCC_GetPCLK2Freq                     0x08000fd5   Thumb Code    20  stm32f4xx_hal_rcc.o(i.HAL_RCC_GetPCLK2Freq)
    HAL_RCC_GetSysClockFreq                  0x08000ff5   Thumb Code    88  stm32f4xx_hal_rcc.o(i.HAL_RCC_GetSysClockFreq)
    HAL_RCC_OscConfig                        0x08001059   Thumb Code   770  stm32f4xx_hal_rcc.o(i.HAL_RCC_OscConfig)
    HAL_SYSTICK_Config                       0x08001375   Thumb Code    40  stm32f4xx_hal_cortex.o(i.HAL_SYSTICK_Config)
    HAL_UART_Init                            0x0800139d   Thumb Code    98  stm32f4xx_hal_uart.o(i.HAL_UART_Init)
    HAL_UART_MspInit                         0x08001401   Thumb Code    64  stm32f4xx_hal_msp.o(i.HAL_UART_MspInit)
    HAL_UART_Transmit                        0x0800144d   Thumb Code   186  stm32f4xx_hal_uart.o(i.HAL_UART_Transmit)
    HID_KeyboardMenuProcess                  0x08001a6d   Thumb Code   148  keyboard.o(i.HID_KeyboardMenuProcess)
    HID_MOUSE_ButtonPressed                  0x08001b15   Thumb Code    64  mouse.o(i.HID_MOUSE_ButtonPressed)
    HID_MOUSE_ButtonReleased                 0x08001b55   Thumb Code    66  mouse.o(i.HID_MOUSE_ButtonReleased)
    HID_MenuProcess                          0x08001c2d   Thumb Code   298  menu.o(i.HID_MenuProcess)
    HID_MouseMenuProcess                     0x08001d91   Thumb Code   124  mouse.o(i.HID_MouseMenuProcess)
    HID_ReadItem                             0x08001e19   Thumb Code   130  usbh_hid_parser.o(i.HID_ReadItem)
    HID_SelectItem                           0x08001e9b   Thumb Code   100  menu.o(i.HID_SelectItem)
    HardFault_Handler                        0x08001eff   Thumb Code     2  stm32f4xx_it.o(i.HardFault_Handler)
    LCD_LOG_ClearTextZone                    0x08001f01   Thumb Code    26  lcd_log.o(i.LCD_LOG_ClearTextZone)
    LCD_LOG_DeInit                           0x08001f1d   Thumb Code    34  lcd_log.o(i.LCD_LOG_DeInit)
    LCD_LOG_ScrollBack                       0x08001f45   Thumb Code   124  lcd_log.o(i.LCD_LOG_ScrollBack)
    LCD_LOG_ScrollForward                    0x08001fc5   Thumb Code    92  lcd_log.o(i.LCD_LOG_ScrollForward)
    LCD_LOG_UpdateDisplay                    0x08002025   Thumb Code   128  lcd_log.o(i.LCD_LOG_UpdateDisplay)
    Led_Handler                              0x080020ad   Thumb Code    56  main.o(i.Led_Handler)
    MCU_ID_Init                              0x080020ed   Thumb Code   118  main.o(i.MCU_ID_Init)
    MemManage_Handler                        0x08002175   Thumb Code     2  stm32f4xx_it.o(i.MemManage_Handler)
    NMI_Handler                              0x08002177   Thumb Code     2  stm32f4xx_it.o(i.NMI_Handler)
    OTG_FS_IRQHandler                        0x08002179   Thumb Code     6  stm32f4xx_it.o(i.OTG_FS_IRQHandler)
    PendSV_Handler                           0x08002185   Thumb Code     2  stm32f4xx_it.o(i.PendSV_Handler)
    SVC_Handler                              0x08002187   Thumb Code     2  stm32f4xx_it.o(i.SVC_Handler)
    SysTick_Handler                          0x08002189   Thumb Code     4  stm32f4xx_it.o(i.SysTick_Handler)
    SystemInit                               0x0800221d   Thumb Code    66  system_stm32f4xx.o(i.SystemInit)
    USBH_AllocPipe                           0x08002581   Thumb Code    52  usbh_pipes.o(i.USBH_AllocPipe)
    USBH_ClosePipe                           0x080025b5   Thumb Code    10  usbh_pipes.o(i.USBH_ClosePipe)
    USBH_ClrFeature                          0x080025bf   Thumb Code    30  usbh_ctlreq.o(i.USBH_ClrFeature)
    USBH_CtlReceiveData                      0x080025dd   Thumb Code    30  usbh_ioreq.o(i.USBH_CtlReceiveData)
    USBH_CtlReq                              0x080025fb   Thumb Code    54  usbh_ctlreq.o(i.USBH_CtlReq)
    USBH_CtlSendData                         0x08002631   Thumb Code    40  usbh_ioreq.o(i.USBH_CtlSendData)
    USBH_CtlSendSetup                        0x08002659   Thumb Code    30  usbh_ioreq.o(i.USBH_CtlSendSetup)
    USBH_Delay                               0x08002677   Thumb Code     4  usbh_conf.o(i.USBH_Delay)
    USBH_FindInterface                       0x0800267b   Thumb Code    68  usbh_core.o(i.USBH_FindInterface)
    USBH_FreePipe                            0x080026bf   Thumb Code    24  usbh_pipes.o(i.USBH_FreePipe)
    USBH_GetDescriptor                       0x080026d7   Thumb Code    52  usbh_ctlreq.o(i.USBH_GetDescriptor)
    USBH_GetNextDesc                         0x0800270b   Thumb Code    14  usbh_ctlreq.o(i.USBH_GetNextDesc)
    USBH_Get_CfgDesc                         0x08002719   Thumb Code    44  usbh_ctlreq.o(i.USBH_Get_CfgDesc)
    USBH_Get_DevDesc                         0x08002745   Thumb Code   128  usbh_ctlreq.o(i.USBH_Get_DevDesc)
    USBH_Get_StringDesc                      0x080027c5   Thumb Code    72  usbh_ctlreq.o(i.USBH_Get_StringDesc)
    USBH_HID_EventCallback                   0x080028a9   Thumb Code     2  usbh_hid.o(i.USBH_HID_EventCallback)
    USBH_HID_GetASCIICode                    0x080028ad   Thumb Code    28  usbh_hid_keybd.o(i.USBH_HID_GetASCIICode)
    USBH_HID_GetDeviceType                   0x080028d1   Thumb Code    46  usbh_hid.o(i.USBH_HID_GetDeviceType)
    USBH_HID_GetHIDDescriptor                0x080028ff   Thumb Code    20  usbh_hid.o(i.USBH_HID_GetHIDDescriptor)
    USBH_HID_GetHIDReportDescriptor          0x08002913   Thumb Code    20  usbh_hid.o(i.USBH_HID_GetHIDReportDescriptor)
    USBH_HID_GetKeybdInfo                    0x08002929   Thumb Code    16  usbh_hid_keybd.o(i.USBH_HID_GetKeybdInfo)
    USBH_HID_GetMouseInfo                    0x0800293d   Thumb Code    16  usbh_hid_mouse.o(i.USBH_HID_GetMouseInfo)
    USBH_HID_GetReport                       0x08002951   Thumb Code    34  usbh_hid.o(i.USBH_HID_GetReport)
    USBH_HID_KeybdInit                       0x08002c31   Thumb Code    74  usbh_hid_keybd.o(i.USBH_HID_KeybdInit)
    USBH_HID_MouseInit                       0x08002cf1   Thumb Code    54  usbh_hid_mouse.o(i.USBH_HID_MouseInit)
    USBH_HID_SetIdle                         0x08002e0b   Thumb Code    26  usbh_hid.o(i.USBH_HID_SetIdle)
    USBH_HID_SetProtocol                     0x08002e25   Thumb Code    30  usbh_hid.o(i.USBH_HID_SetProtocol)
    USBH_Init                                0x080031fd   Thumb Code    66  usbh_core.o(i.USBH_Init)
    USBH_InterruptReceiveData                0x08003261   Thumb Code   128  usbh_ioreq.o(i.USBH_InterruptReceiveData)
    USBH_InterruptSendData                   0x08003301   Thumb Code    32  usbh_ioreq.o(i.USBH_InterruptSendData)
    USBH_LL_ClosePipe                        0x08003321   Thumb Code    14  usbh_conf.o(i.USBH_LL_ClosePipe)
    USBH_LL_Connect                          0x0800332f   Thumb Code    40  usbh_core.o(i.USBH_LL_Connect)
    USBH_LL_Disconnect                       0x08003359   Thumb Code    72  usbh_core.o(i.USBH_LL_Disconnect)
    USBH_LL_DriverVBUS                       0x080033c1   Thumb Code    28  usbh_conf.o(i.USBH_LL_DriverVBUS)
    USBH_LL_GetSpeed                         0x080033e1   Thumb Code    34  usbh_conf.o(i.USBH_LL_GetSpeed)
    USBH_LL_GetURBState                      0x08003403   Thumb Code     8  usbh_conf.o(i.USBH_LL_GetURBState)
    USBH_LL_IncTimer                         0x0800340b   Thumb Code    30  usbh_core.o(i.USBH_LL_IncTimer)
    USBH_LL_Init                             0x08003429   Thumb Code    62  usbh_conf.o(i.USBH_LL_Init)
    USBH_LL_OpenPipe                         0x0800346d   Thumb Code    24  usbh_conf.o(i.USBH_LL_OpenPipe)
    USBH_LL_ResetPort                        0x08003485   Thumb Code    14  usbh_conf.o(i.USBH_LL_ResetPort)
    USBH_LL_SetTimer                         0x08003493   Thumb Code     6  usbh_core.o(i.USBH_LL_SetTimer)
    USBH_LL_SetToggle                        0x08003499   Thumb Code    30  usbh_conf.o(i.USBH_LL_SetToggle)
    USBH_LL_Start                            0x080034bd   Thumb Code    14  usbh_conf.o(i.USBH_LL_Start)
    USBH_LL_Stop                             0x080034cb   Thumb Code    14  usbh_conf.o(i.USBH_LL_Stop)
    USBH_LL_SubmitURB                        0x080034d9   Thumb Code    32  usbh_conf.o(i.USBH_LL_SubmitURB)
    USBH_OpenPipe                            0x080034f9   Thumb Code    20  usbh_pipes.o(i.USBH_OpenPipe)
    USBH_Process                             0x080035f5   Thumb Code   484  usbh_core.o(i.USBH_Process)
    USBH_ReEnumerate                         0x080038e9   Thumb Code    30  usbh_core.o(i.USBH_ReEnumerate)
    USBH_RegisterClass                       0x08003909   Thumb Code    58  usbh_core.o(i.USBH_RegisterClass)
    USBH_SelectInterface                     0x08003985   Thumb Code   120  usbh_core.o(i.USBH_SelectInterface)
    USBH_SetAddress                          0x08003a79   Thumb Code    28  usbh_ctlreq.o(i.USBH_SetAddress)
    USBH_SetCfg                              0x08003a95   Thumb Code    28  usbh_ctlreq.o(i.USBH_SetCfg)
    USBH_Start                               0x08003ab1   Thumb Code    20  usbh_core.o(i.USBH_Start)
    USBH_Stop                                0x08003ac5   Thumb Code    36  usbh_core.o(i.USBH_Stop)
    USB_CoreInit                             0x08003b0d   Thumb Code   104  stm32f4xx_ll_usb.o(i.USB_CoreInit)
    USB_DisableGlobalInt                     0x08003bb1   Thumb Code    12  stm32f4xx_ll_usb.o(i.USB_DisableGlobalInt)
    USB_DoPing                               0x08003bbd   Thumb Code    60  stm32f4xx_ll_usb.o(i.USB_DoPing)
    USB_DriveVbus                            0x08003bfd   Thumb Code    44  stm32f4xx_ll_usb.o(i.USB_DriveVbus)
    USB_EnableGlobalInt                      0x08003c29   Thumb Code    12  stm32f4xx_ll_usb.o(i.USB_EnableGlobalInt)
    USB_FlushRxFifo                          0x08003c35   Thumb Code    28  stm32f4xx_ll_usb.o(i.USB_FlushRxFifo)
    USB_FlushTxFifo                          0x08003c55   Thumb Code    32  stm32f4xx_ll_usb.o(i.USB_FlushTxFifo)
    USB_GetCurrentFrame                      0x08003c79   Thumb Code     8  stm32f4xx_ll_usb.o(i.USB_GetCurrentFrame)
    USB_GetHostSpeed                         0x08003c81   Thumb Code    14  stm32f4xx_ll_usb.o(i.USB_GetHostSpeed)
    USB_GetMode                              0x08003c8f   Thumb Code     8  stm32f4xx_ll_usb.o(i.USB_GetMode)
    USB_HC_Halt                              0x08003c97   Thumb Code   328  stm32f4xx_ll_usb.o(i.USB_HC_Halt)
    USB_HC_Init                              0x08003de1   Thumb Code   234  stm32f4xx_ll_usb.o(i.USB_HC_Init)
    USB_HC_ReadInterrupt                     0x08003ecb   Thumb Code    12  stm32f4xx_ll_usb.o(i.USB_HC_ReadInterrupt)
    USB_HC_StartXfer                         0x08003ed9   Thumb Code   386  stm32f4xx_ll_usb.o(i.USB_HC_StartXfer)
    USB_HostInit                             0x08004061   Thumb Code   192  stm32f4xx_ll_usb.o(i.USB_HostInit)
    USB_InitFSLSPClkSel                      0x08004135   Thumb Code    54  stm32f4xx_ll_usb.o(i.USB_InitFSLSPClkSel)
    USB_ReadInterrupts                       0x0800416b   Thumb Code     8  stm32f4xx_ll_usb.o(i.USB_ReadInterrupts)
    USB_ReadPacket                           0x08004173   Thumb Code    32  stm32f4xx_ll_usb.o(i.USB_ReadPacket)
    USB_ResetPort                            0x08004193   Thumb Code    44  stm32f4xx_ll_usb.o(i.USB_ResetPort)
    USB_SetCurrentMode                       0x080041bf   Thumb Code    36  stm32f4xx_ll_usb.o(i.USB_SetCurrentMode)
    USB_StopHost                             0x080041e3   Thumb Code   178  stm32f4xx_ll_usb.o(i.USB_StopHost)
    USB_WritePacket                          0x08004295   Thumb Code    40  stm32f4xx_ll_usb.o(i.USB_WritePacket)
    USR_KEYBRD_ProcessData                   0x080042bd   Thumb Code   136  keyboard.o(i.USR_KEYBRD_ProcessData)
    USR_MOUSE_ProcessData                    0x080043d1   Thumb Code    26  mouse.o(i.USR_MOUSE_ProcessData)
    UsageFault_Handler                       0x080043eb   Thumb Code     2  stm32f4xx_it.o(i.UsageFault_Handler)
    __0printf$5                              0x080043ed   Thumb Code    22  printf5.o(i.__0printf$5)
    __1printf$5                              0x080043ed   Thumb Code     0  printf5.o(i.__0printf$5)
    __2printf                                0x080043ed   Thumb Code     0  printf5.o(i.__0printf$5)
    __scatterload_copy                       0x0800442d   Thumb Code    14  handlers.o(i.__scatterload_copy)
    __scatterload_null                       0x0800443b   Thumb Code     2  handlers.o(i.__scatterload_null)
    __scatterload_zeroinit                   0x0800443d   Thumb Code    14  handlers.o(i.__scatterload_zeroinit)
    fifo_init                                0x0800470d   Thumb Code    14  usbh_hid.o(i.fifo_init)
    fifo_read                                0x0800471b   Thumb Code    68  usbh_hid.o(i.fifo_read)
    fifo_write                               0x0800475f   Thumb Code    80  usbh_hid.o(i.fifo_write)
    fputc                                    0x080047b1   Thumb Code    20  main.o(i.fputc)
    free                                     0x080047c9   Thumb Code    76  malloc.o(i.free)
    led_init                                 0x08004819   Thumb Code    62  main.o(i.led_init)
    main                                     0x08004861   Thumb Code   280  main.o(i.main)
    malloc                                   0x080049f9   Thumb Code    92  malloc.o(i.malloc)
    Font24_Table                             0x08004a64   Data        6840  stm324xg_eval_lcd.o(.constdata)
    AHBPrescTable                            0x0800651c   Data          16  system_stm32f4xx.o(.constdata)
    APBPrescTable                            0x0800652c   Data           8  system_stm32f4xx.o(.constdata)
    Region$$Table$$Base                      0x08006a78   Number         0  anon$$obj.o(Region$$Table)
    Region$$Table$$Limit                     0x08006a98   Number         0  anon$$obj.o(Region$$Table)
    LCD_CacheBuffer_yptr_invert              0x20000000   Data           1  lcd_log.o(.data)
    LCD_ScrollActive                         0x20000001   Data           1  lcd_log.o(.data)
    LCD_Lock                                 0x20000002   Data           1  lcd_log.o(.data)
    LCD_Scrolled                             0x20000003   Data           1  lcd_log.o(.data)
    LCD_CacheBuffer_xptr                     0x20000004   Data           2  lcd_log.o(.data)
    LCD_CacheBuffer_yptr_top                 0x20000006   Data           2  lcd_log.o(.data)
    LCD_CacheBuffer_yptr_bottom              0x20000008   Data           2  lcd_log.o(.data)
    LCD_CacheBuffer_yptr_top_bak             0x2000000a   Data           2  lcd_log.o(.data)
    LCD_CacheBuffer_yptr_bottom_bak          0x2000000c   Data           2  lcd_log.o(.data)
    LCD_ScrollBackStep                       0x2000000e   Data           2  lcd_log.o(.data)
    LCD_LineColor                            0x20000010   Data           4  lcd_log.o(.data)
    Font24                                   0x20000018   Data           8  stm324xg_eval_lcd.o(.data)
    bClassStart                              0x20000024   Data           4  usbh_core.o(.data)
    bReceiveData_Check                       0x20000028   Data           4  usbh_ioreq.o(.data)
    SystemCoreClock                          0x2000002c   Data           4  system_stm32f4xx.o(.data)
    KeybrdCharXpos                           0x20000038   Data           1  keyboard.o(.data)
    KeybrdCharYpos                           0x2000003a   Data           2  keyboard.o(.data)
    Appli_state                              0x2000003c   Data           1  main.o(.data)
    bitstatus0                               0x2000003d   Data           1  main.o(.data)
    bitstatus1                               0x2000003e   Data           1  main.o(.data)
    bitstatus2                               0x2000003f   Data           1  main.o(.data)
    led_on_ms                                0x20000040   Data           4  main.o(.data)
    led_off_ms                               0x20000044   Data           4  main.o(.data)
    bitstatus3                               0x20000048   Data           1  main.o(.data)
    prev_select                              0x20000049   Data           1  menu.o(.data)
    hid_demo                                 0x2000004b   Data           5  menu.o(.data)
    DEMO_KEYBOARD_menu                       0x20000050   Data           8  menu.o(.data)
    DEMO_MOUSE_menu                          0x20000058   Data           8  menu.o(.data)
    uwTickFreq                               0x20000060   Data           1  stm32f4xx_hal.o(.data)
    uwTickPrio                               0x20000064   Data           4  stm32f4xx_hal.o(.data)
    uwTick                                   0x20000068   Data           4  stm32f4xx_hal.o(.data)
    keybd_report_data                        0x2000006c   Data           8  usbh_hid_keybd.o(.data)
    HID_Class                                0x20000074   Data          32  usbh_hid.o(.data)
    mouse_report_data                        0x20000094   Data           4  usbh_hid_mouse.o(.data)
    mouse_info                               0x20000098   Data           5  usbh_hid_mouse.o(.data)
    __stdout                                 0x200000a0   Data           4  stdout.o(.data)
    __microlib_freelist                      0x200000a4   Data           4  mvars.o(.data)
    __microlib_freelist_initialised          0x200000a8   Data           4  mvars.o(.data)
    LCD_CacheBuffer                          0x200000ac   Data       14520  lcd_log.o(.bss)
    DrawProp                                 0x20003964   Data          12  stm324xg_eval_lcd.o(.bss)
    hhcd                                     0x20003970   Data         664  usbh_conf.o(.bss)
    hUSBHost                                 0x20003c08   Data         712  main.o(.bss)
    huart4                                   0x20003ed0   Data          64  main.o(.bss)
    keybd_info                               0x20003f10   Data          15  usbh_hid_keybd.o(.bss)
    __heap_base                              0x20003f20   Data           0  startup_stm32f405xx.o(HEAP)
    __heap_limit                             0x20004120   Data           0  startup_stm32f405xx.o(HEAP)
    __initial_sp                             0x20004520   Data           0  startup_stm32f405xx.o(STACK)



==============================================================================

Memory Map of the image

  Image Entry point : 0x08000189

  Load Region LR_IROM1 (Base: 0x08000000, Size: 0x00006b44, Max: 0x00100000, ABSOLUTE)

    Execution Region ER_IROM1 (Exec base: 0x08000000, Load base: 0x08000000, Size: 0x00006a98, Max: 0x00100000, ABSOLUTE)

    Exec Addr    Load Addr    Size         Type   Attr      Idx    E Section Name        Object

    0x08000000   0x08000000   0x00000188   Data   RO         1783    RESET               startup_stm32f405xx.o
    0x08000188   0x08000188   0x00000000   Code   RO         4632  * .ARM.Collect$$$$00000000  mc_w.l(entry.o)
    0x08000188   0x08000188   0x00000004   Code   RO         4930    .ARM.Collect$$$$00000001  mc_w.l(entry2.o)
    0x0800018c   0x0800018c   0x00000004   Code   RO         4933    .ARM.Collect$$$$00000004  mc_w.l(entry5.o)
    0x08000190   0x08000190   0x00000000   Code   RO         4935    .ARM.Collect$$$$00000008  mc_w.l(entry7b.o)
    0x08000190   0x08000190   0x00000000   Code   RO         4937    .ARM.Collect$$$$0000000A  mc_w.l(entry8b.o)
    0x08000190   0x08000190   0x00000008   Code   RO         4938    .ARM.Collect$$$$0000000B  mc_w.l(entry9a.o)
    0x08000198   0x08000198   0x00000000   Code   RO         4940    .ARM.Collect$$$$0000000D  mc_w.l(entry10a.o)
    0x08000198   0x08000198   0x00000000   Code   RO         4942    .ARM.Collect$$$$0000000F  mc_w.l(entry11a.o)
    0x08000198   0x08000198   0x00000004   Code   RO         4931    .ARM.Collect$$$$00002712  mc_w.l(entry2.o)
    0x0800019c   0x0800019c   0x00000024   Code   RO         1784    .text               startup_stm32f405xx.o
    0x080001c0   0x080001c0   0x00000062   Code   RO         4635    .text               mc_w.l(uldiv.o)
    0x08000222   0x08000222   0x00000024   Code   RO         4637    .text               mc_w.l(memcpya.o)
    0x08000246   0x08000246   0x0000001e   Code   RO         4947    .text               mc_w.l(llshl.o)
    0x08000264   0x08000264   0x00000020   Code   RO         4949    .text               mc_w.l(llushr.o)
    0x08000284   0x08000284   0x00000024   Code   RO         4964    .text               mc_w.l(init.o)
    0x080002a8   0x080002a8   0x00000010   Code   RO          822    i.BSP_IO_ITClear    stm324xg_eval_io.o
    0x080002b8   0x080002b8   0x00000018   Code   RO          825    i.BSP_IO_ReadPin    stm324xg_eval_io.o
    0x080002d0   0x080002d0   0x0000003a   Code   RO          548    i.BSP_JOY_GetState  stm324xg_eval.o
    0x0800030a   0x0800030a   0x00000002   PAD
    0x0800030c   0x0800030c   0x0000002c   Code   RO          296    i.BSP_LCD_ClearStringLine  stm324xg_eval_lcd.o
    0x08000338   0x08000338   0x00000024   Code   RO          297    i.BSP_LCD_DisplayChar  stm324xg_eval_lcd.o
    0x0800035c   0x0800035c   0x0000009c   Code   RO          300    i.BSP_LCD_DisplayStringAt  stm324xg_eval_lcd.o
    0x080003f8   0x080003f8   0x0000001c   Code   RO          301    i.BSP_LCD_DisplayStringAtLine  stm324xg_eval_lcd.o
    0x08000414   0x08000414   0x0000004c   Code   RO          305    i.BSP_LCD_DrawHLine  stm324xg_eval_lcd.o
    0x08000460   0x08000460   0x00000014   Code   RO          307    i.BSP_LCD_DrawPixel  stm324xg_eval_lcd.o
    0x08000474   0x08000474   0x00000036   Code   RO          310    i.BSP_LCD_DrawRect  stm324xg_eval_lcd.o
    0x080004aa   0x080004aa   0x00000002   PAD
    0x080004ac   0x080004ac   0x0000004c   Code   RO          311    i.BSP_LCD_DrawVLine  stm324xg_eval_lcd.o
    0x080004f8   0x080004f8   0x00000030   Code   RO          315    i.BSP_LCD_FillRect  stm324xg_eval_lcd.o
    0x08000528   0x08000528   0x0000000c   Code   RO          319    i.BSP_LCD_GetXSize  stm324xg_eval_lcd.o
    0x08000534   0x08000534   0x0000000c   Code   RO          323    i.BSP_LCD_SetBackColor  stm324xg_eval_lcd.o
    0x08000540   0x08000540   0x0000000c   Code   RO          325    i.BSP_LCD_SetTextColor  stm324xg_eval_lcd.o
    0x0800054c   0x0800054c   0x00000002   Code   RO         1385    i.BusFault_Handler  stm32f4xx_it.o
    0x0800054e   0x0800054e   0x00000002   PAD
    0x08000550   0x08000550   0x00000046   Code   RO          883    i.DeInitStateMachine  usbh_core.o
    0x08000596   0x08000596   0x00000002   Code   RO         1386    i.DebugMon_Handler  stm32f4xx_it.o
    0x08000598   0x08000598   0x0000009c   Code   RO          326    i.DrawChar          stm324xg_eval_lcd.o
    0x08000634   0x08000634   0x00000006   Code   RO         1387    i.EXTI2_IRQHandler  stm32f4xx_it.o
    0x0800063a   0x0800063a   0x00000002   PAD
    0x0800063c   0x0800063c   0x00000024   Code   RO         2600    i.HAL_Delay         stm32f4xx_hal.o
    0x08000660   0x08000660   0x00000060   Code   RO         1693    i.HAL_GPIO_EXTI_Callback  menu.o
    0x080006c0   0x080006c0   0x00000018   Code   RO         4337    i.HAL_GPIO_EXTI_IRQHandler  stm32f4xx_hal_gpio.o
    0x080006d8   0x080006d8   0x000001b0   Code   RO         4338    i.HAL_GPIO_Init     stm32f4xx_hal_gpio.o
    0x08000888   0x08000888   0x0000000a   Code   RO         4340    i.HAL_GPIO_ReadPin  stm32f4xx_hal_gpio.o
    0x08000892   0x08000892   0x0000000a   Code   RO         4342    i.HAL_GPIO_WritePin  stm32f4xx_hal_gpio.o
    0x0800089c   0x0800089c   0x0000000c   Code   RO         2605    i.HAL_GetREVID      stm32f4xx_hal.o
    0x080008a8   0x080008a8   0x0000000c   Code   RO         2606    i.HAL_GetTick       stm32f4xx_hal.o
    0x080008b4   0x080008b4   0x00000008   Code   RO         1473    i.HAL_HCD_Connect_Callback  usbh_conf.o
    0x080008bc   0x080008bc   0x00000008   Code   RO         1474    i.HAL_HCD_Disconnect_Callback  usbh_conf.o
    0x080008c4   0x080008c4   0x00000006   Code   RO         2116    i.HAL_HCD_GetCurrentFrame  stm32f4xx_hal_hcd.o
    0x080008ca   0x080008ca   0x00000006   Code   RO         2117    i.HAL_HCD_GetCurrentSpeed  stm32f4xx_hal_hcd.o
    0x080008d0   0x080008d0   0x0000000e   Code   RO         2120    i.HAL_HCD_HC_GetURBState  stm32f4xx_hal_hcd.o
    0x080008de   0x080008de   0x00000024   Code   RO         2122    i.HAL_HCD_HC_Halt   stm32f4xx_hal_hcd.o
    0x08000902   0x08000902   0x00000054   Code   RO         2123    i.HAL_HCD_HC_Init   stm32f4xx_hal_hcd.o
    0x08000956   0x08000956   0x00000002   Code   RO         1475    i.HAL_HCD_HC_NotifyURBChange_Callback  usbh_conf.o
    0x08000958   0x08000958   0x000000b6   Code   RO         2125    i.HAL_HCD_HC_SubmitRequest  stm32f4xx_hal_hcd.o
    0x08000a0e   0x08000a0e   0x00000002   PAD
    0x08000a10   0x08000a10   0x0000012e   Code   RO         2126    i.HAL_HCD_IRQHandler  stm32f4xx_hal_hcd.o
    0x08000b3e   0x08000b3e   0x0000005a   Code   RO         2127    i.HAL_HCD_Init      stm32f4xx_hal_hcd.o
    0x08000b98   0x08000b98   0x0000010c   Code   RO         1477    i.HAL_HCD_MspInit   usbh_conf.o
    0x08000ca4   0x08000ca4   0x00000006   Code   RO         2130    i.HAL_HCD_ResetPort  stm32f4xx_hal_hcd.o
    0x08000caa   0x08000caa   0x00000008   Code   RO         1478    i.HAL_HCD_SOF_Callback  usbh_conf.o
    0x08000cb2   0x08000cb2   0x0000002c   Code   RO         2132    i.HAL_HCD_Start     stm32f4xx_hal_hcd.o
    0x08000cde   0x08000cde   0x00000024   Code   RO         2133    i.HAL_HCD_Stop      stm32f4xx_hal_hcd.o
    0x08000d02   0x08000d02   0x00000002   PAD
    0x08000d04   0x08000d04   0x00000010   Code   RO         2610    i.HAL_IncTick       stm32f4xx_hal.o
    0x08000d14   0x08000d14   0x0000002c   Code   RO         2611    i.HAL_Init          stm32f4xx_hal.o
    0x08000d40   0x08000d40   0x00000040   Code   RO         2612    i.HAL_InitTick      stm32f4xx_hal.o
    0x08000d80   0x08000d80   0x00000084   Code   RO         1748    i.HAL_MspInit       stm32f4xx_hal_msp.o
    0x08000e04   0x08000e04   0x0000001a   Code   RO         3706    i.HAL_NVIC_EnableIRQ  stm32f4xx_hal_cortex.o
    0x08000e1e   0x08000e1e   0x00000002   PAD
    0x08000e20   0x08000e20   0x00000040   Code   RO         3712    i.HAL_NVIC_SetPriority  stm32f4xx_hal_cortex.o
    0x08000e60   0x08000e60   0x00000024   Code   RO         3713    i.HAL_NVIC_SetPriorityGrouping  stm32f4xx_hal_cortex.o
    0x08000e84   0x08000e84   0x00000130   Code   RO         3494    i.HAL_RCC_ClockConfig  stm32f4xx_hal_rcc.o
    0x08000fb4   0x08000fb4   0x00000020   Code   RO         3501    i.HAL_RCC_GetPCLK1Freq  stm32f4xx_hal_rcc.o
    0x08000fd4   0x08000fd4   0x00000020   Code   RO         3502    i.HAL_RCC_GetPCLK2Freq  stm32f4xx_hal_rcc.o
    0x08000ff4   0x08000ff4   0x00000064   Code   RO         3503    i.HAL_RCC_GetSysClockFreq  stm32f4xx_hal_rcc.o
    0x08001058   0x08001058   0x0000031c   Code   RO         3506    i.HAL_RCC_OscConfig  stm32f4xx_hal_rcc.o
    0x08001374   0x08001374   0x00000028   Code   RO         3717    i.HAL_SYSTICK_Config  stm32f4xx_hal_cortex.o
    0x0800139c   0x0800139c   0x00000062   Code   RO         3192    i.HAL_UART_Init     stm32f4xx_hal_uart.o
    0x080013fe   0x080013fe   0x00000002   PAD
    0x08001400   0x08001400   0x0000004c   Code   RO         1750    i.HAL_UART_MspInit  stm32f4xx_hal_msp.o
    0x0800144c   0x0800144c   0x000000ba   Code   RO         3200    i.HAL_UART_Transmit  stm32f4xx_hal_uart.o
    0x08001506   0x08001506   0x00000232   Code   RO         2134    i.HCD_HC_IN_IRQHandler  stm32f4xx_hal_hcd.o
    0x08001738   0x08001738   0x00000216   Code   RO         2135    i.HCD_HC_OUT_IRQHandler  stm32f4xx_hal_hcd.o
    0x0800194e   0x0800194e   0x000000ac   Code   RO         2136    i.HCD_Port_IRQHandler  stm32f4xx_hal_hcd.o
    0x080019fa   0x080019fa   0x00000002   PAD
    0x080019fc   0x080019fc   0x00000070   Code   RO         2137    i.HCD_RXQLVL_IRQHandler  stm32f4xx_hal_hcd.o
    0x08001a6c   0x08001a6c   0x000000a8   Code   RO         1350    i.HID_KeyboardMenuProcess  keyboard.o
    0x08001b14   0x08001b14   0x00000040   Code   RO         1273    i.HID_MOUSE_ButtonPressed  mouse.o
    0x08001b54   0x08001b54   0x00000042   Code   RO         1274    i.HID_MOUSE_ButtonReleased  mouse.o
    0x08001b96   0x08001b96   0x00000002   PAD
    0x08001b98   0x08001b98   0x00000094   Code   RO         1275    i.HID_MOUSE_UpdatePosition  mouse.o
    0x08001c2c   0x08001c2c   0x00000164   Code   RO         1695    i.HID_MenuProcess   menu.o
    0x08001d90   0x08001d90   0x00000088   Code   RO         1276    i.HID_MouseMenuProcess  mouse.o
    0x08001e18   0x08001e18   0x00000082   Code   RO         4566    i.HID_ReadItem      usbh_hid_parser.o
    0x08001e9a   0x08001e9a   0x00000064   Code   RO         1696    i.HID_SelectItem    menu.o
    0x08001efe   0x08001efe   0x00000002   Code   RO         1388    i.HardFault_Handler  stm32f4xx_it.o
    0x08001f00   0x08001f00   0x0000001a   Code   RO            4    i.LCD_LOG_ClearTextZone  lcd_log.o
    0x08001f1a   0x08001f1a   0x00000002   PAD
    0x08001f1c   0x08001f1c   0x00000028   Code   RO            5    i.LCD_LOG_DeInit    lcd_log.o
    0x08001f44   0x08001f44   0x00000080   Code   RO            7    i.LCD_LOG_ScrollBack  lcd_log.o
    0x08001fc4   0x08001fc4   0x00000060   Code   RO            8    i.LCD_LOG_ScrollForward  lcd_log.o
    0x08002024   0x08002024   0x00000088   Code   RO           11    i.LCD_LOG_UpdateDisplay  lcd_log.o
    0x080020ac   0x080020ac   0x00000040   Code   RO         1620    i.Led_Handler       main.o
    0x080020ec   0x080020ec   0x00000088   Code   RO         1621    i.MCU_ID_Init       main.o
    0x08002174   0x08002174   0x00000002   Code   RO         1389    i.MemManage_Handler  stm32f4xx_it.o
    0x08002176   0x08002176   0x00000002   Code   RO         1390    i.NMI_Handler       stm32f4xx_it.o
    0x08002178   0x08002178   0x0000000c   Code   RO         1391    i.OTG_FS_IRQHandler  stm32f4xx_it.o
    0x08002184   0x08002184   0x00000002   Code   RO         1392    i.PendSV_Handler    stm32f4xx_it.o
    0x08002186   0x08002186   0x00000002   Code   RO         1393    i.SVC_Handler       stm32f4xx_it.o
    0x08002188   0x08002188   0x00000004   Code   RO         1394    i.SysTick_Handler   stm32f4xx_it.o
    0x0800218c   0x0800218c   0x00000090   Code   RO         1622    i.SystemClock_Config  main.o
    0x0800221c   0x0800221c   0x00000054   Code   RO         1236    i.SystemInit        system_stm32f4xx.o
    0x08002270   0x08002270   0x000002ac   Code   RO         3218    i.UART_SetConfig    stm32f4xx_hal_uart.o
    0x0800251c   0x0800251c   0x00000064   Code   RO         3220    i.UART_WaitOnFlagUntilTimeout  stm32f4xx_hal_uart.o
    0x08002580   0x08002580   0x00000034   Code   RO         1028    i.USBH_AllocPipe    usbh_pipes.o
    0x080025b4   0x080025b4   0x0000000a   Code   RO         1029    i.USBH_ClosePipe    usbh_pipes.o
    0x080025be   0x080025be   0x0000001e   Code   RO         1147    i.USBH_ClrFeature   usbh_ctlreq.o
    0x080025dc   0x080025dc   0x0000001e   Code   RO         1072    i.USBH_CtlReceiveData  usbh_ioreq.o
    0x080025fa   0x080025fa   0x00000036   Code   RO         1148    i.USBH_CtlReq       usbh_ctlreq.o
    0x08002630   0x08002630   0x00000028   Code   RO         1073    i.USBH_CtlSendData  usbh_ioreq.o
    0x08002658   0x08002658   0x0000001e   Code   RO         1074    i.USBH_CtlSendSetup  usbh_ioreq.o
    0x08002676   0x08002676   0x00000004   Code   RO         1479    i.USBH_Delay        usbh_conf.o
    0x0800267a   0x0800267a   0x00000044   Code   RO          885    i.USBH_FindInterface  usbh_core.o
    0x080026be   0x080026be   0x00000018   Code   RO         1030    i.USBH_FreePipe     usbh_pipes.o
    0x080026d6   0x080026d6   0x00000034   Code   RO         1149    i.USBH_GetDescriptor  usbh_ctlreq.o
    0x0800270a   0x0800270a   0x0000000e   Code   RO         1150    i.USBH_GetNextDesc  usbh_ctlreq.o
    0x08002718   0x08002718   0x0000002c   Code   RO         1151    i.USBH_Get_CfgDesc  usbh_ctlreq.o
    0x08002744   0x08002744   0x00000080   Code   RO         1152    i.USBH_Get_DevDesc  usbh_ctlreq.o
    0x080027c4   0x080027c4   0x00000048   Code   RO         1153    i.USBH_Get_StringDesc  usbh_ctlreq.o
    0x0800280c   0x0800280c   0x0000009c   Code   RO         4447    i.USBH_HID_ClassRequest  usbh_hid.o
    0x080028a8   0x080028a8   0x00000002   Code   RO         4448    i.USBH_HID_EventCallback  usbh_hid.o
    0x080028aa   0x080028aa   0x00000002   PAD
    0x080028ac   0x080028ac   0x00000024   Code   RO         4401    i.USBH_HID_GetASCIICode  usbh_hid_keybd.o
    0x080028d0   0x080028d0   0x0000002e   Code   RO         4449    i.USBH_HID_GetDeviceType  usbh_hid.o
    0x080028fe   0x080028fe   0x00000014   Code   RO         4450    i.USBH_HID_GetHIDDescriptor  usbh_hid.o
    0x08002912   0x08002912   0x00000014   Code   RO         4451    i.USBH_HID_GetHIDReportDescriptor  usbh_hid.o
    0x08002926   0x08002926   0x00000002   PAD
    0x08002928   0x08002928   0x00000014   Code   RO         4402    i.USBH_HID_GetKeybdInfo  usbh_hid_keybd.o
    0x0800293c   0x0800293c   0x00000014   Code   RO         4596    i.USBH_HID_GetMouseInfo  usbh_hid_mouse.o
    0x08002950   0x08002950   0x00000022   Code   RO         4453    i.USBH_HID_GetReport  usbh_hid.o
    0x08002972   0x08002972   0x00000044   Code   RO         4454    i.USBH_HID_InterfaceDeInit  usbh_hid.o
    0x080029b6   0x080029b6   0x00000002   PAD
    0x080029b8   0x080029b8   0x000001c8   Code   RO         4455    i.USBH_HID_InterfaceInit  usbh_hid.o
    0x08002b80   0x08002b80   0x000000b0   Code   RO         4403    i.USBH_HID_KeybdDecode  usbh_hid_keybd.o
    0x08002c30   0x08002c30   0x00000054   Code   RO         4404    i.USBH_HID_KeybdInit  usbh_hid_keybd.o
    0x08002c84   0x08002c84   0x0000006c   Code   RO         4597    i.USBH_HID_MouseDecode  usbh_hid_mouse.o
    0x08002cf0   0x08002cf0   0x0000003c   Code   RO         4598    i.USBH_HID_MouseInit  usbh_hid_mouse.o
    0x08002d2c   0x08002d2c   0x000000bc   Code   RO         4456    i.USBH_HID_Process  usbh_hid.o
    0x08002de8   0x08002de8   0x00000022   Code   RO         4457    i.USBH_HID_SOFProcess  usbh_hid.o
    0x08002e0a   0x08002e0a   0x0000001a   Code   RO         4458    i.USBH_HID_SetIdle  usbh_hid.o
    0x08002e24   0x08002e24   0x0000001e   Code   RO         4459    i.USBH_HID_SetProtocol  usbh_hid.o
    0x08002e42   0x08002e42   0x00000002   PAD
    0x08002e44   0x08002e44   0x000001ac   Code   RO         1154    i.USBH_HandleControl  usbh_ctlreq.o
    0x08002ff0   0x08002ff0   0x0000020c   Code   RO          888    i.USBH_HandleEnum   usbh_core.o
    0x080031fc   0x080031fc   0x00000064   Code   RO          889    i.USBH_Init         usbh_core.o
    0x08003260   0x08003260   0x000000a0   Code   RO         1075    i.USBH_InterruptReceiveData  usbh_ioreq.o
    0x08003300   0x08003300   0x00000020   Code   RO         1076    i.USBH_InterruptSendData  usbh_ioreq.o
    0x08003320   0x08003320   0x0000000e   Code   RO         1480    i.USBH_LL_ClosePipe  usbh_conf.o
    0x0800332e   0x0800332e   0x00000028   Code   RO          890    i.USBH_LL_Connect   usbh_core.o
    0x08003356   0x08003356   0x00000002   PAD
    0x08003358   0x08003358   0x00000068   Code   RO          891    i.USBH_LL_Disconnect  usbh_core.o
    0x080033c0   0x080033c0   0x00000020   Code   RO         1482    i.USBH_LL_DriverVBUS  usbh_conf.o
    0x080033e0   0x080033e0   0x00000022   Code   RO         1484    i.USBH_LL_GetSpeed  usbh_conf.o
    0x08003402   0x08003402   0x00000008   Code   RO         1486    i.USBH_LL_GetURBState  usbh_conf.o
    0x0800340a   0x0800340a   0x0000001e   Code   RO          892    i.USBH_LL_IncTimer  usbh_core.o
    0x08003428   0x08003428   0x00000044   Code   RO         1487    i.USBH_LL_Init      usbh_conf.o
    0x0800346c   0x0800346c   0x00000018   Code   RO         1488    i.USBH_LL_OpenPipe  usbh_conf.o
    0x08003484   0x08003484   0x0000000e   Code   RO         1489    i.USBH_LL_ResetPort  usbh_conf.o
    0x08003492   0x08003492   0x00000006   Code   RO          893    i.USBH_LL_SetTimer  usbh_core.o
    0x08003498   0x08003498   0x00000024   Code   RO         1490    i.USBH_LL_SetToggle  usbh_conf.o
    0x080034bc   0x080034bc   0x0000000e   Code   RO         1491    i.USBH_LL_Start     usbh_conf.o
    0x080034ca   0x080034ca   0x0000000e   Code   RO         1492    i.USBH_LL_Stop      usbh_conf.o
    0x080034d8   0x080034d8   0x00000020   Code   RO         1493    i.USBH_LL_SubmitURB  usbh_conf.o
    0x080034f8   0x080034f8   0x00000014   Code   RO         1031    i.USBH_OpenPipe     usbh_pipes.o
    0x0800350c   0x0800350c   0x000000e8   Code   RO         1155    i.USBH_ParseCfgDesc  usbh_ctlreq.o
    0x080035f4   0x080035f4   0x000002f4   Code   RO          894    i.USBH_Process      usbh_core.o
    0x080038e8   0x080038e8   0x0000001e   Code   RO          895    i.USBH_ReEnumerate  usbh_core.o
    0x08003906   0x08003906   0x00000002   PAD
    0x08003908   0x08003908   0x0000007c   Code   RO          896    i.USBH_RegisterClass  usbh_core.o
    0x08003984   0x08003984   0x000000f4   Code   RO          897    i.USBH_SelectInterface  usbh_core.o
    0x08003a78   0x08003a78   0x0000001c   Code   RO         1156    i.USBH_SetAddress   usbh_ctlreq.o
    0x08003a94   0x08003a94   0x0000001c   Code   RO         1157    i.USBH_SetCfg       usbh_ctlreq.o
    0x08003ab0   0x08003ab0   0x00000014   Code   RO          898    i.USBH_Start        usbh_core.o
    0x08003ac4   0x08003ac4   0x00000024   Code   RO          899    i.USBH_Stop         usbh_core.o
    0x08003ae8   0x08003ae8   0x00000024   Code   RO         1623    i.USBH_UserProcess  main.o
    0x08003b0c   0x08003b0c   0x0000006c   Code   RO         2768    i.USB_CoreInit      stm32f4xx_ll_usb.o
    0x08003b78   0x08003b78   0x00000038   Code   RO         2769    i.USB_CoreReset     stm32f4xx_ll_usb.o
    0x08003bb0   0x08003bb0   0x0000000c   Code   RO         2775    i.USB_DisableGlobalInt  stm32f4xx_ll_usb.o
    0x08003bbc   0x08003bbc   0x00000040   Code   RO         2776    i.USB_DoPing        stm32f4xx_ll_usb.o
    0x08003bfc   0x08003bfc   0x0000002c   Code   RO         2777    i.USB_DriveVbus     stm32f4xx_ll_usb.o
    0x08003c28   0x08003c28   0x0000000c   Code   RO         2783    i.USB_EnableGlobalInt  stm32f4xx_ll_usb.o
    0x08003c34   0x08003c34   0x00000020   Code   RO         2784    i.USB_FlushRxFifo   stm32f4xx_ll_usb.o
    0x08003c54   0x08003c54   0x00000024   Code   RO         2785    i.USB_FlushTxFifo   stm32f4xx_ll_usb.o
    0x08003c78   0x08003c78   0x00000008   Code   RO         2786    i.USB_GetCurrentFrame  stm32f4xx_ll_usb.o
    0x08003c80   0x08003c80   0x0000000e   Code   RO         2788    i.USB_GetHostSpeed  stm32f4xx_ll_usb.o
    0x08003c8e   0x08003c8e   0x00000008   Code   RO         2789    i.USB_GetMode       stm32f4xx_ll_usb.o
    0x08003c96   0x08003c96   0x00000148   Code   RO         2790    i.USB_HC_Halt       stm32f4xx_ll_usb.o
    0x08003dde   0x08003dde   0x00000002   PAD
    0x08003de0   0x08003de0   0x000000ea   Code   RO         2791    i.USB_HC_Init       stm32f4xx_ll_usb.o
    0x08003eca   0x08003eca   0x0000000c   Code   RO         2792    i.USB_HC_ReadInterrupt  stm32f4xx_ll_usb.o
    0x08003ed6   0x08003ed6   0x00000002   PAD
    0x08003ed8   0x08003ed8   0x00000188   Code   RO         2793    i.USB_HC_StartXfer  stm32f4xx_ll_usb.o
    0x08004060   0x08004060   0x000000d4   Code   RO         2794    i.USB_HostInit      stm32f4xx_ll_usb.o
    0x08004134   0x08004134   0x00000036   Code   RO         2795    i.USB_InitFSLSPClkSel  stm32f4xx_ll_usb.o
    0x0800416a   0x0800416a   0x00000008   Code   RO         2800    i.USB_ReadInterrupts  stm32f4xx_ll_usb.o
    0x08004172   0x08004172   0x00000020   Code   RO         2801    i.USB_ReadPacket    stm32f4xx_ll_usb.o
    0x08004192   0x08004192   0x0000002c   Code   RO         2802    i.USB_ResetPort     stm32f4xx_ll_usb.o
    0x080041be   0x080041be   0x00000024   Code   RO         2803    i.USB_SetCurrentMode  stm32f4xx_ll_usb.o
    0x080041e2   0x080041e2   0x000000b2   Code   RO         2807    i.USB_StopHost      stm32f4xx_ll_usb.o
    0x08004294   0x08004294   0x00000028   Code   RO         2808    i.USB_WritePacket   stm32f4xx_ll_usb.o
    0x080042bc   0x080042bc   0x0000008c   Code   RO         1351    i.USR_KEYBRD_ProcessData  keyboard.o
    0x08004348   0x08004348   0x00000088   Code   RO         1277    i.USR_MOUSE_Init    mouse.o
    0x080043d0   0x080043d0   0x0000001a   Code   RO         1278    i.USR_MOUSE_ProcessData  mouse.o
    0x080043ea   0x080043ea   0x00000002   Code   RO         1395    i.UsageFault_Handler  stm32f4xx_it.o
    0x080043ec   0x080043ec   0x00000020   Code   RO         4774    i.__0printf$5       mc_w.l(printf5.o)
    0x0800440c   0x0800440c   0x00000020   Code   RO         3719    i.__NVIC_SetPriority  stm32f4xx_hal_cortex.o
    0x0800442c   0x0800442c   0x0000000e   Code   RO         4972    i.__scatterload_copy  mc_w.l(handlers.o)
    0x0800443a   0x0800443a   0x00000002   Code   RO         4973    i.__scatterload_null  mc_w.l(handlers.o)
    0x0800443c   0x0800443c   0x0000000e   Code   RO         4974    i.__scatterload_zeroinit  mc_w.l(handlers.o)
    0x0800444a   0x0800444a   0x00000002   PAD
    0x0800444c   0x0800444c   0x000002c0   Code   RO         4781    i._printf_core      mc_w.l(printf5.o)
    0x0800470c   0x0800470c   0x0000000e   Code   RO         4461    i.fifo_init         usbh_hid.o
    0x0800471a   0x0800471a   0x00000044   Code   RO         4462    i.fifo_read         usbh_hid.o
    0x0800475e   0x0800475e   0x00000050   Code   RO         4463    i.fifo_write        usbh_hid.o
    0x080047ae   0x080047ae   0x00000002   PAD
    0x080047b0   0x080047b0   0x00000018   Code   RO         1625    i.fputc             main.o
    0x080047c8   0x080047c8   0x00000050   Code   RO         4902    i.free              mc_w.l(malloc.o)
    0x08004818   0x08004818   0x00000048   Code   RO         1626    i.led_init          main.o
    0x08004860   0x08004860   0x00000198   Code   RO         1627    i.main              main.o
    0x080049f8   0x080049f8   0x0000006c   Code   RO         4903    i.malloc            mc_w.l(malloc.o)
    0x08004a64   0x08004a64   0x00001ab8   Data   RO          330    .constdata          stm324xg_eval_lcd.o
    0x0800651c   0x0800651c   0x00000010   Data   RO         1237    .constdata          system_stm32f4xx.o
    0x0800652c   0x0800652c   0x00000008   Data   RO         1238    .constdata          system_stm32f4xx.o
    0x08006534   0x08006534   0x0000030c   Data   RO         4406    .constdata          usbh_hid_keybd.o
    0x08006840   0x08006840   0x000000a0   Data   RO         4599    .constdata          usbh_hid_mouse.o
    0x080068e0   0x080068e0   0x00000044   Data   RO         1079    .conststring        usbh_ioreq.o
    0x08006924   0x08006924   0x0000005d   Data   RO         1352    .conststring        keyboard.o
    0x08006981   0x08006981   0x00000003   PAD
    0x08006984   0x08006984   0x0000009d   Data   RO         1697    .conststring        menu.o
    0x08006a21   0x08006a21   0x00000003   PAD
    0x08006a24   0x08006a24   0x0000004d   Data   RO         1698    .conststring        menu.o
    0x08006a71   0x08006a71   0x00000003   PAD
    0x08006a74   0x08006a74   0x00000004   Data   RO         4464    .conststring        usbh_hid.o
    0x08006a78   0x08006a78   0x00000020   Data   RO         4970    Region$$Table       anon$$obj.o


    Execution Region RW_IRAM1 (Exec base: 0x20000000, Load base: 0x08006a98, Size: 0x00004520, Max: 0x00020000, ABSOLUTE)

    Exec Addr    Load Addr    Size         Type   Attr      Idx    E Section Name        Object

    0x20000000   0x08006a98   0x00000014   Data   RW           14    .data               lcd_log.o
    0x20000014   0x08006aac   0x0000000c   Data   RW          335    .data               stm324xg_eval_lcd.o
    0x20000020   0x08006ab8   0x00000004   Data   RW          828    .data               stm324xg_eval_io.o
    0x20000024   0x08006abc   0x00000004   Data   RW          900    .data               usbh_core.o
    0x20000028   0x08006ac0   0x00000004   Data   RW         1080    .data               usbh_ioreq.o
    0x2000002c   0x08006ac4   0x00000004   Data   RW         1239    .data               system_stm32f4xx.o
    0x20000030   0x08006ac8   0x00000008   Data   RW         1279    .data               mouse.o
    0x20000038   0x08006ad0   0x00000004   Data   RW         1353    .data               keyboard.o
    0x2000003c   0x08006ad4   0x0000000c   Data   RW         1629    .data               main.o
    0x20000048   0x08006ae0   0x00000001   Data   RW         1630    .data               main.o
    0x20000049   0x08006ae1   0x00000007   Data   RW         1700    .data               menu.o
    0x20000050   0x08006ae8   0x00000008   Data   RW         1701    .data               menu.o
    0x20000058   0x08006af0   0x00000008   Data   RW         1702    .data               menu.o
    0x20000060   0x08006af8   0x0000000c   Data   RW         2618    .data               stm32f4xx_hal.o
    0x2000006c   0x08006b04   0x00000008   Data   RW         4407    .data               usbh_hid_keybd.o
    0x20000074   0x08006b0c   0x00000020   Data   RW         4465    .data               usbh_hid.o
    0x20000094   0x08006b2c   0x00000009   Data   RW         4600    .data               usbh_hid_mouse.o
    0x2000009d   0x08006b35   0x00000003   PAD
    0x200000a0   0x08006b38   0x00000004   Data   RW         4944    .data               mc_w.l(stdout.o)
    0x200000a4   0x08006b3c   0x00000004   Data   RW         4951    .data               mc_w.l(mvars.o)
    0x200000a8   0x08006b40   0x00000004   Data   RW         4952    .data               mc_w.l(mvars.o)
    0x200000ac        -       0x000038b8   Zero   RW           13    .bss                lcd_log.o
    0x20003964        -       0x0000000c   Zero   RW          329    .bss                stm324xg_eval_lcd.o
    0x20003970        -       0x00000298   Zero   RW         1494    .bss                usbh_conf.o
    0x20003c08        -       0x00000308   Zero   RW         1628    .bss                main.o
    0x20003f10        -       0x0000000f   Zero   RW         4405    .bss                usbh_hid_keybd.o
    0x20003f1f   0x08006b44   0x00000001   PAD
    0x20003f20        -       0x00000200   Zero   RW         1782    HEAP                startup_stm32f405xx.o
    0x20004120        -       0x00000400   Zero   RW         1781    STACK               startup_stm32f405xx.o


==============================================================================

Image component sizes


      Code (inc. data)   RO Data    RW Data    ZI Data      Debug   Object Name

       308         24         93          4          0       2539   keyboard.o
       426         22          0         20      14520     625355   lcd_log.o
       884        184          0         13        776       7987   main.o
       552         70        234         23          0       5018   menu.o
       576         68          0          8          0      15596   mouse.o
        36          8        392          0       1536        880   startup_stm32f405xx.o
        58          0          0          0          0       2411   stm324xg_eval.o
        40         10          0          4          0       2114   stm324xg_eval_io.o
       730         68       6840         12         12      17347   stm324xg_eval_lcd.o
       184         32          0         12          0       5948   stm32f4xx_hal.o
       198         14          0          0          0      34079   stm32f4xx_hal_cortex.o
       476         50          0          0          0       4262   stm32f4xx_hal_gpio.o
      2186          4          0          0          0      14447   stm32f4xx_hal_hcd.o
       208         18          0          0          0       1873   stm32f4xx_hal_msp.o
      1264         80          0          0          0       5796   stm32f4xx_hal_rcc.o
      1068          8          0          0          0       4672   stm32f4xx_hal_uart.o
        38          6          0          0          0       5825   stm32f4xx_it.o
      1964         48          0          0          0      19711   stm32f4xx_ll_usb.o
        84         18         24          4          0       1403   system_stm32f4xx.o
       588         38          0          0        664      11791   usbh_conf.o
      2152        712          0          4          0      20977   usbh_core.o
      1110         40          0          0          0      11240   usbh_ctlreq.o
      1242         94          4         32          0      17970   usbh_hid.o
       316         40        780          8         15       4960   usbh_hid_keybd.o
       188         20        160          9          0       3616   usbh_hid_mouse.o
       130          0          0          0          0       1723   usbh_hid_parser.o
       292         32         68          4          0       5609   usbh_ioreq.o
       106          0          0          0          0       3894   usbh_pipes.o

    ----------------------------------------------------------------------
     17444       1708       8636        160      17524     859043   Object Totals
         0          0         32          0          0          0   (incl. Generated)
        40          0          9          3          1          0   (incl. Padding)

    ----------------------------------------------------------------------

      Code (inc. data)   RO Data    RW Data    ZI Data      Debug   Library Member Name

         0          0          0          0          0          0   entry.o
         0          0          0          0          0          0   entry10a.o
         0          0          0          0          0          0   entry11a.o
         8          4          0          0          0          0   entry2.o
         4          0          0          0          0          0   entry5.o
         0          0          0          0          0          0   entry7b.o
         0          0          0          0          0          0   entry8b.o
         8          4          0          0          0          0   entry9a.o
        30          0          0          0          0          0   handlers.o
        36          8          0          0          0         68   init.o
        30          0          0          0          0         68   llshl.o
        32          0          0          0          0         68   llushr.o
       188         20          0          0          0        160   malloc.o
        36          0          0          0          0         68   memcpya.o
         0          0          0          8          0          0   mvars.o
       736         56          0          0          0        184   printf5.o
         0          0          0          4          0          0   stdout.o
        98          0          0          0          0         92   uldiv.o

    ----------------------------------------------------------------------
      1208         92          0         12          0        708   Library Totals
         2          0          0          0          0          0   (incl. Padding)

    ----------------------------------------------------------------------

      Code (inc. data)   RO Data    RW Data    ZI Data      Debug   Library Name

      1206         92          0         12          0        708   mc_w.l

    ----------------------------------------------------------------------
      1208         92          0         12          0        708   Library Totals

    ----------------------------------------------------------------------

==============================================================================


      Code (inc. data)   RO Data    RW Data    ZI Data      Debug   

     18652       1800       8636        172      17524     841643   Grand Totals
     18652       1800       8636        172      17524     841643   ELF Image Totals
     18652       1800       8636        172          0          0   ROM Totals

==============================================================================

    Total RO  Size (Code + RO Data)                27288 (  26.65kB)
    Total RW  Size (RW Data + ZI Data)             17696 (  17.28kB)
    Total ROM Size (Code + RO Data + RW Data)      27460 (  26.82kB)

==============================================================================

