Component: ARM Compiler 5.06 update 5 (build 528) Tool: armlink [4d35e2]

==============================================================================

Section Cross References

    stm324xg_eval.o(i.AUDIO_IO_Init) refers to stm324xg_eval.o(i.I2Cx_Init) for I2Cx_Init
    stm324xg_eval.o(i.AUDIO_IO_Read) refers to stm324xg_eval.o(i.I2Cx_Read) for I2Cx_Read
    stm324xg_eval.o(i.AUDIO_IO_Write) refers to stm324xg_eval.o(i.I2Cx_Write) for I2Cx_Write
    stm324xg_eval.o(i.BSP_COM_Init) refers to stm32f4xx_hal_gpio.o(i.HAL_GPIO_Init) for HAL_GPIO_Init
    stm324xg_eval.o(i.BSP_COM_Init) refers to stm32f4xx_hal_uart.o(i.HAL_UART_Init) for HAL_UART_Init
    stm324xg_eval.o(i.BSP_COM_Init) refers to stm324xg_eval.o(.constdata) for .constdata
    stm324xg_eval.o(i.BSP_COM_Init) refers to stm324xg_eval.o(.data) for .data
    stm324xg_eval.o(i.BSP_JOY_GetState) refers to stm324xg_eval_io.o(i.BSP_IO_ReadPin) for BSP_IO_ReadPin
    stm324xg_eval.o(i.BSP_JOY_Init) refers to stm324xg_eval_io.o(i.BSP_IO_Init) for BSP_IO_Init
    stm324xg_eval.o(i.BSP_LED_Init) refers to stm32f4xx_hal_gpio.o(i.HAL_GPIO_Init) for HAL_GPIO_Init
    stm324xg_eval.o(i.BSP_LED_Init) refers to stm324xg_eval.o(.constdata) for .constdata
    stm324xg_eval.o(i.BSP_LED_Init) refers to stm324xg_eval.o(.data) for .data
    stm324xg_eval.o(i.BSP_LED_Off) refers to stm32f4xx_hal_gpio.o(i.HAL_GPIO_WritePin) for HAL_GPIO_WritePin
    stm324xg_eval.o(i.BSP_LED_Off) refers to stm324xg_eval.o(.constdata) for .constdata
    stm324xg_eval.o(i.BSP_LED_Off) refers to stm324xg_eval.o(.data) for .data
    stm324xg_eval.o(i.BSP_LED_On) refers to stm32f4xx_hal_gpio.o(i.HAL_GPIO_WritePin) for HAL_GPIO_WritePin
    stm324xg_eval.o(i.BSP_LED_On) refers to stm324xg_eval.o(.constdata) for .constdata
    stm324xg_eval.o(i.BSP_LED_On) refers to stm324xg_eval.o(.data) for .data
    stm324xg_eval.o(i.BSP_LED_Toggle) refers to stm32f4xx_hal_gpio.o(i.HAL_GPIO_TogglePin) for HAL_GPIO_TogglePin
    stm324xg_eval.o(i.BSP_LED_Toggle) refers to stm324xg_eval.o(.constdata) for .constdata
    stm324xg_eval.o(i.BSP_LED_Toggle) refers to stm324xg_eval.o(.data) for .data
    stm324xg_eval.o(i.BSP_PB_GetState) refers to stm32f4xx_hal_gpio.o(i.HAL_GPIO_ReadPin) for HAL_GPIO_ReadPin
    stm324xg_eval.o(i.BSP_PB_GetState) refers to stm324xg_eval.o(.constdata) for .constdata
    stm324xg_eval.o(i.BSP_PB_GetState) refers to stm324xg_eval.o(.data) for .data
    stm324xg_eval.o(i.BSP_PB_Init) refers to stm32f4xx_hal_gpio.o(i.HAL_GPIO_Init) for HAL_GPIO_Init
    stm324xg_eval.o(i.BSP_PB_Init) refers to stm32f4xx_hal_cortex.o(i.HAL_NVIC_SetPriority) for HAL_NVIC_SetPriority
    stm324xg_eval.o(i.BSP_PB_Init) refers to stm32f4xx_hal_cortex.o(i.HAL_NVIC_EnableIRQ) for HAL_NVIC_EnableIRQ
    stm324xg_eval.o(i.BSP_PB_Init) refers to stm324xg_eval.o(.constdata) for .constdata
    stm324xg_eval.o(i.BSP_PB_Init) refers to stm324xg_eval.o(.data) for .data
    stm324xg_eval.o(i.CAMERA_Delay) refers to stm32f4xx_hal.o(i.HAL_Delay) for HAL_Delay
    stm324xg_eval.o(i.CAMERA_IO_Init) refers to stm324xg_eval.o(i.I2Cx_Init) for I2Cx_Init
    stm324xg_eval.o(i.CAMERA_IO_Read) refers to stm324xg_eval.o(i.I2Cx_Read) for I2Cx_Read
    stm324xg_eval.o(i.CAMERA_IO_Write) refers to stm324xg_eval.o(i.I2Cx_Write) for I2Cx_Write
    stm324xg_eval.o(i.EEPROM_IO_Init) refers to stm324xg_eval.o(i.I2Cx_Init) for I2Cx_Init
    stm324xg_eval.o(i.EEPROM_IO_IsDeviceReady) refers to stm32f4xx_hal_i2c.o(i.HAL_I2C_IsDeviceReady) for HAL_I2C_IsDeviceReady
    stm324xg_eval.o(i.EEPROM_IO_IsDeviceReady) refers to stm324xg_eval.o(.bss) for .bss
    stm324xg_eval.o(i.EEPROM_IO_ReadData) refers to stm324xg_eval.o(i.I2Cx_ReadMultiple) for I2Cx_ReadMultiple
    stm324xg_eval.o(i.EEPROM_IO_WriteData) refers to stm32f4xx_hal_i2c.o(i.HAL_I2C_Mem_Write) for HAL_I2C_Mem_Write
    stm324xg_eval.o(i.EEPROM_IO_WriteData) refers to stm324xg_eval.o(i.I2Cx_Error) for I2Cx_Error
    stm324xg_eval.o(i.EEPROM_IO_WriteData) refers to stm324xg_eval.o(.bss) for .bss
    stm324xg_eval.o(i.FSMC_BANK3_Init) refers to stm324xg_eval.o(i.FSMC_BANK3_MspInit) for FSMC_BANK3_MspInit
    stm324xg_eval.o(i.FSMC_BANK3_Init) refers to stm32f4xx_hal_sram.o(i.HAL_SRAM_Init) for HAL_SRAM_Init
    stm324xg_eval.o(i.FSMC_BANK3_MspInit) refers to stm32f4xx_hal_gpio.o(i.HAL_GPIO_Init) for HAL_GPIO_Init
    stm324xg_eval.o(i.I2Cx_Error) refers to stm32f4xx_hal_i2c.o(i.HAL_I2C_DeInit) for HAL_I2C_DeInit
    stm324xg_eval.o(i.I2Cx_Error) refers to stm324xg_eval.o(i.I2Cx_Init) for I2Cx_Init
    stm324xg_eval.o(i.I2Cx_Error) refers to stm324xg_eval.o(.bss) for .bss
    stm324xg_eval.o(i.I2Cx_ITConfig) refers to stm32f4xx_hal_gpio.o(i.HAL_GPIO_Init) for HAL_GPIO_Init
    stm324xg_eval.o(i.I2Cx_ITConfig) refers to stm32f4xx_hal_cortex.o(i.HAL_NVIC_SetPriority) for HAL_NVIC_SetPriority
    stm324xg_eval.o(i.I2Cx_ITConfig) refers to stm32f4xx_hal_cortex.o(i.HAL_NVIC_EnableIRQ) for HAL_NVIC_EnableIRQ
    stm324xg_eval.o(i.I2Cx_ITConfig) refers to stm324xg_eval.o(.data) for .data
[...]
    STACK                                    0x20005290   Section     4096  startup_stm32f407xx.o(STACK)

    Global Symbols

    Symbol Name                              Value     Ov Type        Size  Object(Section)

    BuildAttributes$$THM_ISAv4$E$P$D$K$B$S$7EM$VFPi3$EXTD16$VFPS$VFMA$PE$A:L22UL41UL21$X:L11$S22US41US21$IEEE1$IW$USESV6$~STKCKD$USESV7$~SHL$OSPACE$EBA8$MICROLIB$REQ8$PRES8$EABIv2 0x00000000   Number         0  anon$$obj.o ABSOLUTE
    __ARM_use_no_argv                        0x00000000   Number         0  main.o ABSOLUTE
    __cpp_initialize__aeabi_                  - Undefined Weak Reference
    __cxa_finalize                            - Undefined Weak Reference
    _clock_init                               - Undefined Weak Reference
    _microlib_exit                            - Undefined Weak Reference
    __Vectors_Size                           0x00000188   Number         0  startup_stm32f407xx.o ABSOLUTE
    __Vectors                                0x08000000   Data           4  startup_stm32f407xx.o(RESET)
    __Vectors_End                            0x08000188   Data           0  startup_stm32f407xx.o(RESET)
    __main                                   0x08000189   Thumb Code     0  entry.o(.ARM.Collect$$$$00000000)
    _main_stk                                0x08000189   Thumb Code     0  entry2.o(.ARM.Collect$$$$00000001)
    _main_scatterload                        0x0800018d   Thumb Code     0  entry5.o(.ARM.Collect$$$$00000004)
    __main_after_scatterload                 0x08000191   Thumb Code     0  entry5.o(.ARM.Collect$$$$00000004)
    _main_clock                              0x08000191   Thumb Code     0  entry7b.o(.ARM.Collect$$$$00000008)
    _main_cpp_init                           0x08000191   Thumb Code     0  entry8b.o(.ARM.Collect$$$$0000000A)
    _main_init                               0x08000191   Thumb Code     0  entry9a.o(.ARM.Collect$$$$0000000B)
    __rt_final_cpp                           0x08000199   Thumb Code     0  entry10a.o(.ARM.Collect$$$$0000000D)
    __rt_final_exit                          0x08000199   Thumb Code     0  entry11a.o(.ARM.Collect$$$$0000000F)
    Reset_Handler                            0x0800019d   Thumb Code     8  startup_stm32f407xx.o(.text)
    ADC_IRQHandler                           0x080001b7   Thumb Code     0  startup_stm32f407xx.o(.text)
    CAN1_RX0_IRQHandler                      0x080001b7   Thumb Code     0  startup_stm32f407xx.o(.text)
    CAN1_RX1_IRQHandler                      0x080001b7   Thumb Code     0  startup_stm32f407xx.o(.text)
    CAN1_SCE_IRQHandler                      0x080001b7   Thumb Code     0  startup_stm32f407xx.o(.text)
    CAN1_TX_IRQHandler                       0x080001b7   Thumb Code     0  startup_stm32f407xx.o(.text)
    CAN2_RX0_IRQHandler                      0x080001b7   Thumb Code     0  startup_stm32f407xx.o(.text)
    CAN2_RX1_IRQHandler                      0x080001b7   Thumb Code     0  startup_stm32f407xx.o(.text)
    CAN2_SCE_IRQHandler                      0x080001b7   Thumb Code     0  startup_stm32f407xx.o(.text)
    CAN2_TX_IRQHandler                       0x080001b7   Thumb Code     0  startup_stm32f407xx.o(.text)
    DCMI_IRQHandler                          0x080001b7   Thumb Code     0  startup_stm32f407xx.o(.text)
    DMA1_Stream0_IRQHandler                  0x080001b7   Thumb Code     0  startup_stm32f407xx.o(.text)
    DMA1_Stream1_IRQHandler                  0x080001b7   Thumb Code     0  startup_stm32f407xx.o(.text)
    DMA1_Stream2_IRQHandler                  0x080001b7   Thumb Code     0  startup_stm32f407xx.o(.text)
    DMA1_Stream3_IRQHandler                  0x080001b7   Thumb Code     0  startup_stm32f407xx.o(.text)
    DMA1_Stream4_IRQHandler                  0x080001b7   Thumb Code     0  startup_stm32f407xx.o(.text)
    DMA1_Stream5_IRQHandler                  0x080001b7   Thumb Code     0  startup_stm32f407xx.o(.text)
    DMA1_Stream6_IRQHandler                  0x080001b7   Thumb Code     0  startup_stm32f407xx.o(.text)
    DMA1_Stream7_IRQHandler                  0x080001b7   Thumb Code     0  startup_stm32f407xx.o(.text)
    DMA2_Stream0_IRQHandler                  0x080001b7   Thumb Code     0  startup_stm32f407xx.o(.text)
    DMA2_Stream1_IRQHandler                  0x080001b7   Thumb Code     0  startup_stm32f407xx.o(.text)
    DMA2_Stream2_IRQHandler                  0x080001b7   Thumb Code     0  startup_stm32f407xx.o(.text)
    DMA2_Stream4_IRQHandler                  0x080001b7   Thumb Code     0  startup_stm32f407xx.o(.text)
    DMA2_Stream5_IRQHandler                  0x080001b7   Thumb Code     0  startup_stm32f407xx.o(.text)
    DMA2_Stream7_IRQHandler                  0x080001b7   Thumb Code     0  startup_stm32f407xx.o(.text)
    ETH_IRQHandler                           0x080001b7   Thumb Code     0  startup_stm32f407xx.o(.text)
    ETH_WKUP_IRQHandler                      0x080001b7   Thumb Code     0  startup_stm32f407xx.o(.text)
    EXTI0_IRQHandler                         0x080001b7   Thumb Code     0  startup_stm32f407xx.o(.text)
    EXTI15_10_IRQHandler                     0x080001b7   Thumb Code     0  startup_stm32f407xx.o(.text)
    EXTI1_IRQHandler                         0x080001b7   Thumb Code     0  startup_stm32f407xx.o(.text)
    EXTI2_IRQHandler                         0x080001b7   Thumb Code     0  startup_stm32f407xx.o(.text)
    EXTI3_IRQHandler                         0x080001b7   Thumb Code     0  startup_stm32f407xx.o(.text)
    EXTI4_IRQHandler                         0x080001b7   Thumb Code     0  startup_stm32f407xx.o(.text)
    EXTI9_5_IRQHandler                       0x080001b7   Thumb Code     0  startup_stm32f407xx.o(.text)
    FLASH_IRQHandler                         0x080001b7   Thumb Code     0  startup_stm32f407xx.o(.text)
    FMC_IRQHandler                           0x080001b7   Thumb Code     0  startup_stm32f407xx.o(.text)
    FPU_IRQHandler                           0x080001b7   Thumb Code     0  startup_stm32f407xx.o(.text)
    HASH_RNG_IRQHandler                      0x080001b7   Thumb Code     0  startup_stm32f407xx.o(.text)
    I2C1_ER_IRQHandler                       0x080001b7   Thumb Code     0  startup_stm32f407xx.o(.text)
    I2C1_EV_IRQHandler                       0x080001b7   Thumb Code     0  startup_stm32f407xx.o(.text)
    I2C2_ER_IRQHandler                       0x080001b7   Thumb Code     0  startup_stm32f407xx.o(.text)
    I2C2_EV_IRQHandler                       0x080001b7   Thumb Code     0  startup_stm32f407xx.o(.text)
    I2C3_ER_IRQHandler                       0x080001b7   Thumb Code     0  startup_stm32f407xx.o(.text)
    I2C3_EV_IRQHandler                       0x080001b7   Thumb Code     0  startup_stm32f407xx.o(.text)
    OTG_FS_WKUP_IRQHandler                   0x080001b7   Thumb Code     0  startup_stm32f407xx.o(.text)
    OTG_HS_EP1_IN_IRQHandler                 0x080001b7   Thumb Code     0  startup_stm32f407xx.o(.text)
    OTG_HS_EP1_OUT_IRQHandler                0x080001b7   Thumb Code     0  startup_stm32f407xx.o(.text)
    OTG_HS_WKUP_IRQHandler                   0x080001b7   Thumb Code     0  startup_stm32f407xx.o(.text)
    PVD_IRQHandler                           0x080001b7   Thumb Code     0  startup_stm32f407xx.o(.text)
    RCC_IRQHandler                           0x080001b7   Thumb Code     0  startup_stm32f407xx.o(.text)
    RTC_Alarm_IRQHandler                     0x080001b7   Thumb Code     0  startup_stm32f407xx.o(.text)
    RTC_WKUP_IRQHandler                      0x080001b7   Thumb Code     0  startup_stm32f407xx.o(.text)
    SPI1_IRQHandler                          0x080001b7   Thumb Code     0  startup_stm32f407xx.o(.text)
    SPI2_IRQHandler                          0x080001b7   Thumb Code     0  startup_stm32f407xx.o(.text)
    SPI3_IRQHandler                          0x080001b7   Thumb Code     0  startup_stm32f407xx.o(.text)
    TAMP_STAMP_IRQHandler                    0x080001b7   Thumb Code     0  startup_stm32f407xx.o(.text)
    TIM1_BRK_TIM9_IRQHandler                 0x080001b7   Thumb Code     0  startup_stm32f407xx.o(.text)
    TIM1_CC_IRQHandler                       0x080001b7   Thumb Code     0  startup_stm32f407xx.o(.text)
    TIM1_TRG_COM_TIM11_IRQHandler            0x080001b7   Thumb Code     0  startup_stm32f407xx.o(.text)
    TIM1_UP_TIM10_IRQHandler                 0x080001b7   Thumb Code     0  startup_stm32f407xx.o(.text)
    TIM2_IRQHandler                          0x080001b7   Thumb Code     0  startup_stm32f407xx.o(.text)
    TIM3_IRQHandler                          0x080001b7   Thumb Code     0  startup_stm32f407xx.o(.text)
    TIM4_IRQHandler                          0x080001b7   Thumb Code     0  startup_stm32f407xx.o(.text)
    TIM5_IRQHandler                          0x080001b7   Thumb Code     0  startup_stm32f407xx.o(.text)
    TIM6_DAC_IRQHandler                      0x080001b7   Thumb Code     0  startup_stm32f407xx.o(.text)
    TIM7_IRQHandler                          0x080001b7   Thumb Code     0  startup_stm32f407xx.o(.text)
    TIM8_BRK_TIM12_IRQHandler                0x080001b7   Thumb Code     0  startup_stm32f407xx.o(.text)
    TIM8_CC_IRQHandler                       0x080001b7   Thumb Code     0  startup_stm32f407xx.o(.text)
    TIM8_TRG_COM_TIM14_IRQHandler            0x080001b7   Thumb Code     0  startup_stm32f407xx.o(.text)
    TIM8_UP_TIM13_IRQHandler                 0x080001b7   Thumb Code     0  startup_stm32f407xx.o(.text)
    UART4_IRQHandler                         0x080001b7   Thumb Code     0  startup_stm32f407xx.o(.text)
    UART5_IRQHandler                         0x080001b7   Thumb Code     0  startup_stm32f407xx.o(.text)
    USART1_IRQHandler                        0x080001b7   Thumb Code     0  startup_stm32f407xx.o(.text)
    USART2_IRQHandler                        0x080001b7   Thumb Code     0  startup_stm32f407xx.o(.text)
    USART3_IRQHandler                        0x080001b7   Thumb Code     0  startup_stm32f407xx.o(.text)
    USART6_IRQHandler                        0x080001b7   Thumb Code     0  startup_stm32f407xx.o(.text)
    WWDG_IRQHandler                          0x080001b7   Thumb Code     0  startup_stm32f407xx.o(.text)
    __aeabi_uldivmod                         0x080001c1   Thumb Code    98  uldiv.o(.text)
    __aeabi_memcpy                           0x08000223   Thumb Code    36  memcpya.o(.text)
    __aeabi_memcpy4                          0x08000223   Thumb Code     0  memcpya.o(.text)
    __aeabi_memcpy8                          0x08000223   Thumb Code     0  memcpya.o(.text)
    __aeabi_llsl                             0x08000247   Thumb Code    30  llshl.o(.text)
    _ll_shift_l                              0x08000247   Thumb Code     0  llshl.o(.text)
    __aeabi_llsr                             0x08000265   Thumb Code    32  llushr.o(.text)
    _ll_ushift_r                             0x08000265   Thumb Code     0  llushr.o(.text)
    __scatterload                            0x08000285   Thumb Code    28  init.o(.text)
    __scatterload_rt2                        0x08000285   Thumb Code     0  init.o(.text)
    __decompress                             0x080002a9   Thumb Code     0  __dczerorl2.o(.text)
    __decompress1                            0x080002a9   Thumb Code    86  __dczerorl2.o(.text)
    BSP_IO_Init                              0x08000301   Thumb Code    46  stm324xg_eval_io.o(i.BSP_IO_Init)
    BSP_IO_ReadPin                           0x08000339   Thumb Code    18  stm324xg_eval_io.o(i.BSP_IO_ReadPin)
    BSP_JOY_GetState                         0x08000351   Thumb Code    58  stm324xg_eval.o(i.BSP_JOY_GetState)
    BSP_JOY_Init                             0x0800038b   Thumb Code     4  stm324xg_eval.o(i.BSP_JOY_Init)
    BSP_SD_AbortCallback                     0x0800038f   Thumb Code     2  stm324xg_eval_sd.o(i.BSP_SD_AbortCallback)
    BSP_SD_GetCardInfo                       0x08000391   Thumb Code     8  stm324xg_eval_sd.o(i.BSP_SD_GetCardInfo)
    BSP_SD_GetCardState                      0x0800039d   Thumb Code    20  stm324xg_eval_sd.o(i.BSP_SD_GetCardState)
    BSP_SD_Init                              0x080003b5   Thumb Code    72  stm324xg_eval_sd.o(i.BSP_SD_Init)
    BSP_SD_IsDetected                        0x08000405   Thumb Code    30  stm324xg_eval_sd.o(i.BSP_SD_IsDetected)
    BSP_SD_MspInit                           0x08000429   Thumb Code   342  stm324xg_eval_sd.o(i.BSP_SD_MspInit)
    BSP_SD_ReadBlocks_DMA                    0x08000599   Thumb Code    22  stm324xg_eval_sd.o(i.BSP_SD_ReadBlocks_DMA)
    BSP_SD_ReadCpltCallback                  0x080005b5   Thumb Code     8  usbd_storage.o(i.BSP_SD_ReadCpltCallback)
    BSP_SD_WriteBlocks_DMA                   0x080005c1   Thumb Code    22  stm324xg_eval_sd.o(i.BSP_SD_WriteBlocks_DMA)
    BSP_SD_WriteCpltCallback                 0x080005dd   Thumb Code     8  usbd_storage.o(i.BSP_SD_WriteCpltCallback)
    BusFault_Handler                         0x080005e9   Thumb Code     2  stm32f4xx_it.o(i.BusFault_Handler)
    DMA2_Stream3_IRQHandler                  0x080005ed   Thumb Code     8  stm32f4xx_it.o(i.DMA2_Stream3_IRQHandler)
    DMA2_Stream6_IRQHandler                  0x080005f9   Thumb Code     8  stm32f4xx_it.o(i.DMA2_Stream6_IRQHandler)
    DebugMon_Handler                         0x080006a9   Thumb Code     2  stm32f4xx_it.o(i.DebugMon_Handler)
    HAL_DMA_Abort_IT                         0x080006ab   Thumb Code    36  stm32f4xx_hal_dma.o(i.HAL_DMA_Abort_IT)
    HAL_DMA_DeInit                           0x080006cf   Thumb Code    86  stm32f4xx_hal_dma.o(i.HAL_DMA_DeInit)
    HAL_DMA_IRQHandler                       0x08000725   Thumb Code   412  stm32f4xx_hal_dma.o(i.HAL_DMA_IRQHandler)
    HAL_DMA_Init                             0x080008c5   Thumb Code   206  stm32f4xx_hal_dma.o(i.HAL_DMA_Init)
    HAL_DMA_Start_IT                         0x08000999   Thumb Code   120  stm32f4xx_hal_dma.o(i.HAL_DMA_Start_IT)
    HAL_Delay                                0x08000a11   Thumb Code    32  stm32f4xx_hal.o(i.HAL_Delay)
    HAL_GPIO_Init                            0x08000a35   Thumb Code   388  stm32f4xx_hal_gpio.o(i.HAL_GPIO_Init)
    HAL_GPIO_ReadPin                         0x08000be5   Thumb Code    10  stm32f4xx_hal_gpio.o(i.HAL_GPIO_ReadPin)
    HAL_GetREVID                             0x08000bf1   Thumb Code     8  stm32f4xx_hal.o(i.HAL_GetREVID)
    HAL_GetTick                              0x08000bfd   Thumb Code     6  stm32f4xx_hal.o(i.HAL_GetTick)
    HAL_I2C_DeInit                           0x08000c09   Thumb Code    50  stm32f4xx_hal_i2c.o(i.HAL_I2C_DeInit)
    HAL_I2C_GetState                         0x08000c3b   Thumb Code     6  stm32f4xx_hal_i2c.o(i.HAL_I2C_GetState)
    HAL_I2C_Init                             0x08000c41   Thumb Code   254  stm32f4xx_hal_i2c.o(i.HAL_I2C_Init)
    HAL_I2C_Mem_Read                         0x08000d49   Thumb Code   496  stm32f4xx_hal_i2c.o(i.HAL_I2C_Mem_Read)
    HAL_I2C_Mem_Write                        0x08000f45   Thumb Code   306  stm32f4xx_hal_i2c.o(i.HAL_I2C_Mem_Write)
    HAL_I2C_MspDeInit                        0x08001081   Thumb Code     2  stm32f4xx_hal_i2c.o(i.HAL_I2C_MspDeInit)
    HAL_I2C_MspInit                          0x08001083   Thumb Code     2  stm32f4xx_hal_i2c.o(i.HAL_I2C_MspInit)
    HAL_IncTick                              0x08001085   Thumb Code    12  stm32f4xx_hal.o(i.HAL_IncTick)
    HAL_Init                                 0x08001095   Thumb Code    40  stm32f4xx_hal.o(i.HAL_Init)
    HAL_InitTick                             0x080010c1   Thumb Code    54  stm32f4xx_hal.o(i.HAL_InitTick)
    HAL_MspInit                              0x08001101   Thumb Code     2  stm32f4xx_hal.o(i.HAL_MspInit)
    HAL_NVIC_EnableIRQ                       0x08001103   Thumb Code    26  stm32f4xx_hal_cortex.o(i.HAL_NVIC_EnableIRQ)
    HAL_NVIC_SetPriority                     0x0800111d   Thumb Code    60  stm32f4xx_hal_cortex.o(i.HAL_NVIC_SetPriority)
    HAL_NVIC_SetPriorityGrouping             0x0800115d   Thumb Code    26  stm32f4xx_hal_cortex.o(i.HAL_NVIC_SetPriorityGrouping)
    HAL_PCDEx_SetRxFiFo                      0x08001181   Thumb Code     8  stm32f4xx_hal_pcd_ex.o(i.HAL_PCDEx_SetRxFiFo)
    HAL_PCDEx_SetTxFiFo                      0x08001189   Thumb Code    68  stm32f4xx_hal_pcd_ex.o(i.HAL_PCDEx_SetTxFiFo)
    HAL_PCD_ConnectCallback                  0x080011cd   Thumb Code     8  usbd_conf.o(i.HAL_PCD_ConnectCallback)
    HAL_PCD_DataInStageCallback              0x080011d5   Thumb Code    18  usbd_conf.o(i.HAL_PCD_DataInStageCallback)
    HAL_PCD_DataOutStageCallback             0x080011e7   Thumb Code    20  usbd_conf.o(i.HAL_PCD_DataOutStageCallback)
    HAL_PCD_DisconnectCallback               0x080011fb   Thumb Code     8  usbd_conf.o(i.HAL_PCD_DisconnectCallback)
    HAL_PCD_EP_Close                         0x08001203   Thumb Code    68  stm32f4xx_hal_pcd.o(i.HAL_PCD_EP_Close)
    HAL_PCD_EP_ClrStall                      0x08001247   Thumb Code    80  stm32f4xx_hal_pcd.o(i.HAL_PCD_EP_ClrStall)
    HAL_PCD_EP_Flush                         0x08001297   Thumb Code    52  stm32f4xx_hal_pcd.o(i.HAL_PCD_EP_Flush)
    HAL_PCD_EP_GetRxCount                    0x080012cb   Thumb Code    20  stm32f4xx_hal_pcd.o(i.HAL_PCD_EP_GetRxCount)
    HAL_PCD_EP_Open                          0x080012df   Thumb Code    84  stm32f4xx_hal_pcd.o(i.HAL_PCD_EP_Open)
    HAL_PCD_EP_Receive                       0x08001333   Thumb Code    72  stm32f4xx_hal_pcd.o(i.HAL_PCD_EP_Receive)
    HAL_PCD_EP_SetStall                      0x0800137b   Thumb Code    96  stm32f4xx_hal_pcd.o(i.HAL_PCD_EP_SetStall)
    HAL_PCD_EP_Transmit                      0x080013db   Thumb Code    64  stm32f4xx_hal_pcd.o(i.HAL_PCD_EP_Transmit)
    HAL_PCD_IRQHandler                       0x0800141d   Thumb Code  1196  stm32f4xx_hal_pcd.o(i.HAL_PCD_IRQHandler)
    HAL_PCD_ISOINIncompleteCallback          0x08001911   Thumb Code     8  usbd_conf.o(i.HAL_PCD_ISOINIncompleteCallback)
    HAL_PCD_ISOOUTIncompleteCallback         0x08001919   Thumb Code     8  usbd_conf.o(i.HAL_PCD_ISOOUTIncompleteCallback)
    HAL_PCD_Init                             0x08001921   Thumb Code   190  stm32f4xx_hal_pcd.o(i.HAL_PCD_Init)
    HAL_PCD_MspInit                          0x080019e1   Thumb Code   418  usbd_conf.o(i.HAL_PCD_MspInit)
    HAL_PCD_ResetCallback                    0x08001ba1   Thumb Code    32  usbd_conf.o(i.HAL_PCD_ResetCallback)
    HAL_PCD_ResumeCallback                   0x08001bc1   Thumb Code     8  usbd_conf.o(i.HAL_PCD_ResumeCallback)
    HAL_PCD_SOFCallback                      0x08001bc9   Thumb Code     8  usbd_conf.o(i.HAL_PCD_SOFCallback)
    HAL_PCD_SetAddress                       0x08001bd1   Thumb Code    36  stm32f4xx_hal_pcd.o(i.HAL_PCD_SetAddress)
    HAL_PCD_SetupStageCallback               0x08001bf5   Thumb Code    14  usbd_conf.o(i.HAL_PCD_SetupStageCallback)
    HAL_PCD_Start                            0x08001c03   Thumb Code    42  stm32f4xx_hal_pcd.o(i.HAL_PCD_Start)
    HAL_PCD_SuspendCallback                  0x08001c2d   Thumb Code     8  usbd_conf.o(i.HAL_PCD_SuspendCallback)
    HAL_RCC_ClockConfig                      0x08001c35   Thumb Code   286  stm32f4xx_hal_rcc.o(i.HAL_RCC_ClockConfig)
    HAL_RCC_GetHCLKFreq                      0x08001d65   Thumb Code     6  stm32f4xx_hal_rcc.o(i.HAL_RCC_GetHCLKFreq)
    HAL_RCC_GetPCLK1Freq                     0x08001d71   Thumb Code    20  stm32f4xx_hal_rcc.o(i.HAL_RCC_GetPCLK1Freq)
    HAL_RCC_GetSysClockFreq                  0x08001d91   Thumb Code    88  stm32f4xx_hal_rcc.o(i.HAL_RCC_GetSysClockFreq)
    HAL_RCC_OscConfig                        0x08001df5   Thumb Code   770  stm32f4xx_hal_rcc.o(i.HAL_RCC_OscConfig)
    HAL_SD_AbortCallback                     0x08002111   Thumb Code     8  stm324xg_eval_sd.o(i.HAL_SD_AbortCallback)
    HAL_SD_ConfigWideBusOperation            0x08002119   Thumb Code   120  stm32f4xx_hal_sd.o(i.HAL_SD_ConfigWideBusOperation)
    HAL_SD_ErrorCallback                     0x08002191   Thumb Code     2  stm32f4xx_hal_sd.o(i.HAL_SD_ErrorCallback)
    HAL_SD_GetCardCSD                        0x08002193   Thumb Code   474  stm32f4xx_hal_sd.o(i.HAL_SD_GetCardCSD)
    HAL_SD_GetCardInfo                       0x0800236d   Thumb Code    36  stm32f4xx_hal_sd.o(i.HAL_SD_GetCardInfo)
    HAL_SD_GetCardState                      0x08002391   Thumb Code    44  stm32f4xx_hal_sd.o(i.HAL_SD_GetCardState)
    HAL_SD_IRQHandler                        0x080023bd   Thumb Code   438  stm32f4xx_hal_sd.o(i.HAL_SD_IRQHandler)
    HAL_SD_Init                              0x0800257d   Thumb Code    54  stm32f4xx_hal_sd.o(i.HAL_SD_Init)
    HAL_SD_InitCard                          0x080025b5   Thumb Code    80  stm32f4xx_hal_sd.o(i.HAL_SD_InitCard)
    HAL_SD_MspInit                           0x08002609   Thumb Code     2  stm32f4xx_hal_sd.o(i.HAL_SD_MspInit)
    HAL_SD_ReadBlocks_DMA                    0x0800260d   Thumb Code   230  stm32f4xx_hal_sd.o(i.HAL_SD_ReadBlocks_DMA)
    HAL_SD_RxCpltCallback                    0x08002701   Thumb Code     8  stm324xg_eval_sd.o(i.HAL_SD_RxCpltCallback)
    HAL_SD_TxCpltCallback                    0x08002709   Thumb Code     8  stm324xg_eval_sd.o(i.HAL_SD_TxCpltCallback)
    HAL_SD_WriteBlocks_DMA                   0x08002711   Thumb Code   232  stm32f4xx_hal_sd.o(i.HAL_SD_WriteBlocks_DMA)
    HAL_SYSTICK_Config                       0x08002805   Thumb Code    40  stm32f4xx_hal_cortex.o(i.HAL_SYSTICK_Config)
    HardFault_Handler                        0x0800282d   Thumb Code     2  stm32f4xx_it.o(i.HardFault_Handler)
    IOE_Delay                                0x08002d99   Thumb Code     4  stm324xg_eval.o(i.IOE_Delay)
    IOE_ITConfig                             0x08002d9d   Thumb Code     4  stm324xg_eval.o(i.IOE_ITConfig)
    IOE_Init                                 0x08002da1   Thumb Code     4  stm324xg_eval.o(i.IOE_Init)
    IOE_Read                                 0x08002da5   Thumb Code     4  stm324xg_eval.o(i.IOE_Read)
    IOE_Write                                0x08002da9   Thumb Code     4  stm324xg_eval.o(i.IOE_Write)
    MSC_BOT_CplClrFeature                    0x08002f21   Thumb Code    42  usbd_msc_bot.o(i.MSC_BOT_CplClrFeature)
    MSC_BOT_DataIn                           0x08002f4b   Thumb Code    60  usbd_msc_bot.o(i.MSC_BOT_DataIn)
    MSC_BOT_DataOut                          0x08002f87   Thumb Code    60  usbd_msc_bot.o(i.MSC_BOT_DataOut)
    MSC_BOT_DeInit                           0x08002fc3   Thumb Code    10  usbd_msc_bot.o(i.MSC_BOT_DeInit)
    MSC_BOT_Init                             0x08002fcd   Thumb Code    72  usbd_msc_bot.o(i.MSC_BOT_Init)
    MSC_BOT_Reset                            0x08003015   Thumb Code    26  usbd_msc_bot.o(i.MSC_BOT_Reset)
    MSC_BOT_SendCSW                          0x08003031   Thumb Code    60  usbd_msc_bot.o(i.MSC_BOT_SendCSW)
    MemManage_Handler                        0x08003071   Thumb Code     2  stm32f4xx_it.o(i.MemManage_Handler)
    NMI_Handler                              0x08003073   Thumb Code     2  stm32f4xx_it.o(i.NMI_Handler)
    OTG_FS_IRQHandler                        0x08003075   Thumb Code     6  stm32f4xx_it.o(i.OTG_FS_IRQHandler)
    OTG_HS_IRQHandler                        0x08003081   Thumb Code     6  stm32f4xx_it.o(i.OTG_HS_IRQHandler)
    PendSV_Handler                           0x08003115   Thumb Code     2  stm32f4xx_it.o(i.PendSV_Handler)
    SCSI_ProcessCmd                          0x0800313d   Thumb Code   456  usbd_msc_scsi.o(i.SCSI_ProcessCmd)
    SCSI_SenseCode                           0x0800357f   Thumb Code    66  usbd_msc_scsi.o(i.SCSI_SenseCode)
    SDIO_ConfigData                          0x0800367d   Thumb Code    36  stm32f4xx_ll_sdmmc.o(i.SDIO_ConfigData)
    SDIO_GetPowerState                       0x080036a1   Thumb Code     8  stm32f4xx_ll_sdmmc.o(i.SDIO_GetPowerState)
    SDIO_GetResponse                         0x080036a9   Thumb Code    12  stm32f4xx_ll_sdmmc.o(i.SDIO_GetResponse)
    SDIO_IRQHandler                          0x080036b5   Thumb Code     6  stm32f4xx_it.o(i.SDIO_IRQHandler)
    SDIO_Init                                0x080036c1   Thumb Code    36  stm32f4xx_ll_sdmmc.o(i.SDIO_Init)
    SDIO_PowerState_ON                       0x080036e5   Thumb Code     8  stm32f4xx_ll_sdmmc.o(i.SDIO_PowerState_ON)
    SDIO_ReadFIFO                            0x080036ed   Thumb Code     6  stm32f4xx_ll_sdmmc.o(i.SDIO_ReadFIFO)
    SDIO_SendCommand                         0x080036f3   Thumb Code    32  stm32f4xx_ll_sdmmc.o(i.SDIO_SendCommand)
    SDIO_WriteFIFO                           0x08003713   Thumb Code    10  stm32f4xx_ll_sdmmc.o(i.SDIO_WriteFIFO)
    SDMMC_CmdAppCommand                      0x0800371d   Thumb Code    50  stm32f4xx_ll_sdmmc.o(i.SDMMC_CmdAppCommand)
    SDMMC_CmdAppOperCommand                  0x08003751   Thumb Code    48  stm32f4xx_ll_sdmmc.o(i.SDMMC_CmdAppOperCommand)
    SDMMC_CmdBlockLength                     0x08003785   Thumb Code    50  stm32f4xx_ll_sdmmc.o(i.SDMMC_CmdBlockLength)
    SDMMC_CmdBusWidth                        0x080037b7   Thumb Code    50  stm32f4xx_ll_sdmmc.o(i.SDMMC_CmdBusWidth)
    SDMMC_CmdGoIdleState                     0x080037e9   Thumb Code    76  stm32f4xx_ll_sdmmc.o(i.SDMMC_CmdGoIdleState)
    SDMMC_CmdOperCond                        0x08003839   Thumb Code    98  stm32f4xx_ll_sdmmc.o(i.SDMMC_CmdOperCond)
    SDMMC_CmdReadMultiBlock                  0x080038a1   Thumb Code    50  stm32f4xx_ll_sdmmc.o(i.SDMMC_CmdReadMultiBlock)
    SDMMC_CmdReadSingleBlock                 0x080038d3   Thumb Code    50  stm32f4xx_ll_sdmmc.o(i.SDMMC_CmdReadSingleBlock)
    SDMMC_CmdSelDesel                        0x08003905   Thumb Code    50  stm32f4xx_ll_sdmmc.o(i.SDMMC_CmdSelDesel)
    SDMMC_CmdSendCID                         0x08003937   Thumb Code    44  stm32f4xx_ll_sdmmc.o(i.SDMMC_CmdSendCID)
    SDMMC_CmdSendCSD                         0x08003963   Thumb Code    44  stm32f4xx_ll_sdmmc.o(i.SDMMC_CmdSendCSD)
    SDMMC_CmdSendSCR                         0x0800398f   Thumb Code    48  stm32f4xx_ll_sdmmc.o(i.SDMMC_CmdSendSCR)
    SDMMC_CmdSendStatus                      0x080039bf   Thumb Code    50  stm32f4xx_ll_sdmmc.o(i.SDMMC_CmdSendStatus)
    SDMMC_CmdSetRelAdd                       0x080039f1   Thumb Code    48  stm32f4xx_ll_sdmmc.o(i.SDMMC_CmdSetRelAdd)
    SDMMC_CmdStopTransfer                    0x08003a21   Thumb Code    46  stm32f4xx_ll_sdmmc.o(i.SDMMC_CmdStopTransfer)
    SDMMC_CmdWriteMultiBlock                 0x08003a55   Thumb Code    50  stm32f4xx_ll_sdmmc.o(i.SDMMC_CmdWriteMultiBlock)
    SDMMC_CmdWriteSingleBlock                0x08003a87   Thumb Code    50  stm32f4xx_ll_sdmmc.o(i.SDMMC_CmdWriteSingleBlock)
    STORAGE_GetCapacity                      0x08004113   Thumb Code    42  usbd_storage.o(i.STORAGE_GetCapacity)
    STORAGE_GetMaxLun                        0x0800413d   Thumb Code     4  usbd_storage.o(i.STORAGE_GetMaxLun)
    STORAGE_Init                             0x08004141   Thumb Code    10  usbd_storage.o(i.STORAGE_Init)
    STORAGE_IsReady                          0x0800414d   Thumb Code    50  usbd_storage.o(i.STORAGE_IsReady)
    STORAGE_IsWriteProtected                 0x08004185   Thumb Code     4  usbd_storage.o(i.STORAGE_IsWriteProtected)
    STORAGE_Read                             0x08004189   Thumb Code    60  usbd_storage.o(i.STORAGE_Read)
    STORAGE_Write                            0x080041c9   Thumb Code    60  usbd_storage.o(i.STORAGE_Write)
    SVC_Handler                              0x08004209   Thumb Code     2  stm32f4xx_it.o(i.SVC_Handler)
    SysTick_Handler                          0x0800420d   Thumb Code   118  stm32f4xx_it.o(i.SysTick_Handler)
    SystemInit                               0x0800431d   Thumb Code    66  system_stm32f4xx.o(i.SystemInit)
    USBD_ClrClassConfig                      0x08004371   Thumb Code    14  usbd_core.o(i.USBD_ClrClassConfig)
    USBD_CtlContinueRx                       0x0800437f   Thumb Code    16  usbd_ioreq.o(i.USBD_CtlContinueRx)
    USBD_CtlContinueSendData                 0x0800438f   Thumb Code    16  usbd_ioreq.o(i.USBD_CtlContinueSendData)
    USBD_CtlError                            0x0800439f   Thumb Code    22  usbd_ctlreq.o(i.USBD_CtlError)
    USBD_CtlReceiveStatus                    0x080043b5   Thumb Code    22  usbd_ioreq.o(i.USBD_CtlReceiveStatus)
    USBD_CtlSendData                         0x080043cb   Thumb Code    26  usbd_ioreq.o(i.USBD_CtlSendData)
    USBD_CtlSendStatus                       0x080043e5   Thumb Code    22  usbd_ioreq.o(i.USBD_CtlSendStatus)
    USBD_GetString                           0x080044db   Thumb Code    70  usbd_ctlreq.o(i.USBD_GetString)
    USBD_HID_ConfigStrDescriptor             0x08004521   Thumb Code    16  usbd_hid_desc.o(i.USBD_HID_ConfigStrDescriptor)
    USBD_HID_DeviceDescriptor                0x0800456d   Thumb Code     8  usbd_hid_desc.o(i.USBD_HID_DeviceDescriptor)
    USBD_HID_InterfaceStrDescriptor          0x080045b9   Thumb Code    16  usbd_hid_desc.o(i.USBD_HID_InterfaceStrDescriptor)
    USBD_HID_LangIDStrDescriptor             0x080045dd   Thumb Code     8  usbd_hid_desc.o(i.USBD_HID_LangIDStrDescriptor)
    USBD_HID_ManufacturerStrDescriptor       0x080045e9   Thumb Code    16  usbd_hid_desc.o(i.USBD_HID_ManufacturerStrDescriptor)
    USBD_HID_ProductStrDescriptor            0x08004611   Thumb Code    24  usbd_hid_desc.o(i.USBD_HID_ProductStrDescriptor)
    USBD_HID_SendReport                      0x0800465d   Thumb Code    36  usbd_hid.o(i.USBD_HID_SendReport)
    USBD_HID_SerialStrDescriptor             0x08004681   Thumb Code    48  usbd_hid_desc.o(i.USBD_HID_SerialStrDescriptor)
    USBD_Init                                0x08004759   Thumb Code    42  usbd_core.o(i.USBD_Init)
    USBD_LL_ClearStallEP                     0x08004783   Thumb Code    14  usbd_conf.o(i.USBD_LL_ClearStallEP)
    USBD_LL_CloseEP                          0x08004791   Thumb Code    14  usbd_conf.o(i.USBD_LL_CloseEP)
    USBD_LL_DataInStage                      0x0800479f   Thumb Code   170  usbd_core.o(i.USBD_LL_DataInStage)
    USBD_LL_DataOutStage                     0x08004849   Thumb Code   106  usbd_core.o(i.USBD_LL_DataOutStage)
    USBD_LL_DevConnected                     0x080048b3   Thumb Code     4  usbd_core.o(i.USBD_LL_DevConnected)
    USBD_LL_DevDisconnected                  0x080048b7   Thumb Code    22  usbd_core.o(i.USBD_LL_DevDisconnected)
    USBD_LL_FlushEP                          0x080048cd   Thumb Code    14  usbd_conf.o(i.USBD_LL_FlushEP)
    USBD_LL_GetRxDataSize                    0x080048db   Thumb Code     8  usbd_conf.o(i.USBD_LL_GetRxDataSize)
    USBD_LL_Init                             0x080048e5   Thumb Code   158  usbd_conf.o(i.USBD_LL_Init)
    USBD_LL_IsStallEP                        0x08004991   Thumb Code    32  usbd_conf.o(i.USBD_LL_IsStallEP)
    USBD_LL_IsoINIncomplete                  0x080049b1   Thumb Code     4  usbd_core.o(i.USBD_LL_IsoINIncomplete)
    USBD_LL_IsoOUTIncomplete                 0x080049b5   Thumb Code     4  usbd_core.o(i.USBD_LL_IsoOUTIncomplete)
    USBD_LL_OpenEP                           0x080049b9   Thumb Code    20  usbd_conf.o(i.USBD_LL_OpenEP)
    USBD_LL_PrepareReceive                   0x080049cd   Thumb Code    14  usbd_conf.o(i.USBD_LL_PrepareReceive)
    USBD_LL_Reset                            0x080049db   Thumb Code    62  usbd_core.o(i.USBD_LL_Reset)
    USBD_LL_Resume                           0x08004a19   Thumb Code    12  usbd_core.o(i.USBD_LL_Resume)
    USBD_LL_SOF                              0x08004a25   Thumb Code    24  usbd_core.o(i.USBD_LL_SOF)
    USBD_LL_SetSpeed                         0x08004a3d   Thumb Code     6  usbd_core.o(i.USBD_LL_SetSpeed)
    USBD_LL_SetUSBAddress                    0x08004a43   Thumb Code    14  usbd_conf.o(i.USBD_LL_SetUSBAddress)
    USBD_LL_SetupStage                       0x08004a51   Thumb Code    90  usbd_core.o(i.USBD_LL_SetupStage)
    USBD_LL_StallEP                          0x08004aab   Thumb Code    14  usbd_conf.o(i.USBD_LL_StallEP)
    USBD_LL_Start                            0x08004ab9   Thumb Code    14  usbd_conf.o(i.USBD_LL_Start)
    USBD_LL_Suspend                          0x08004ac7   Thumb Code    18  usbd_core.o(i.USBD_LL_Suspend)
    USBD_LL_Transmit                         0x08004ad9   Thumb Code    14  usbd_conf.o(i.USBD_LL_Transmit)
    USBD_MSC_ConfigStrDescriptor             0x08004ae9   Thumb Code    16  usbd_msc_desc.o(i.USBD_MSC_ConfigStrDescriptor)
    USBD_MSC_DataIn                          0x08004b09   Thumb Code    10  usbd_msc.o(i.USBD_MSC_DataIn)
    USBD_MSC_DataOut                         0x08004b13   Thumb Code    10  usbd_msc.o(i.USBD_MSC_DataOut)
    USBD_MSC_DeInit                          0x08004b1d   Thumb Code    44  usbd_msc.o(i.USBD_MSC_DeInit)
    USBD_MSC_DeviceDescriptor                0x08004b49   Thumb Code     8  usbd_msc_desc.o(i.USBD_MSC_DeviceDescriptor)
    USBD_MSC_GetDeviceQualifierDescriptor    0x08004b55   Thumb Code     8  usbd_msc.o(i.USBD_MSC_GetDeviceQualifierDescriptor)
    USBD_MSC_GetFSCfgDesc                    0x08004b61   Thumb Code     8  usbd_msc.o(i.USBD_MSC_GetFSCfgDesc)
    USBD_MSC_GetHSCfgDesc                    0x08004b6d   Thumb Code     8  usbd_msc.o(i.USBD_MSC_GetHSCfgDesc)
    USBD_MSC_GetOtherSpeedCfgDesc            0x08004b79   Thumb Code     8  usbd_msc.o(i.USBD_MSC_GetOtherSpeedCfgDesc)
    USBD_MSC_Init                            0x08004b85   Thumb Code    82  usbd_msc.o(i.USBD_MSC_Init)
    USBD_MSC_InterfaceStrDescriptor          0x08004bd9   Thumb Code    16  usbd_msc_desc.o(i.USBD_MSC_InterfaceStrDescriptor)
    USBD_MSC_LangIDStrDescriptor             0x08004bfd   Thumb Code     8  usbd_msc_desc.o(i.USBD_MSC_LangIDStrDescriptor)
    USBD_MSC_ManufacturerStrDescriptor       0x08004c09   Thumb Code    16  usbd_msc_desc.o(i.USBD_MSC_ManufacturerStrDescriptor)
    USBD_MSC_ProductStrDescriptor            0x08004c31   Thumb Code    24  usbd_msc_desc.o(i.USBD_MSC_ProductStrDescriptor)
    USBD_MSC_RegisterStorage                 0x08004c7d   Thumb Code    10  usbd_msc.o(i.USBD_MSC_RegisterStorage)
    USBD_MSC_SerialStrDescriptor             0x08004c89   Thumb Code    48  usbd_msc_desc.o(i.USBD_MSC_SerialStrDescriptor)
    USBD_MSC_Setup                           0x08004cc1   Thumb Code   194  usbd_msc.o(i.USBD_MSC_Setup)
    USBD_ParseSetupRequest                   0x08004d83   Thumb Code    40  usbd_ctlreq.o(i.USBD_ParseSetupRequest)
    USBD_RegisterClass                       0x08004dab   Thumb Code    16  usbd_core.o(i.USBD_RegisterClass)
    USBD_SetClassConfig                      0x08004dbb   Thumb Code    22  usbd_core.o(i.USBD_SetClassConfig)
    USBD_Start                               0x08004e45   Thumb Code    10  usbd_core.o(i.USBD_Start)
    USBD_StdDevReq                           0x08004e4f   Thumb Code   242  usbd_ctlreq.o(i.USBD_StdDevReq)
    USBD_StdEPReq                            0x08004f41   Thumb Code   220  usbd_ctlreq.o(i.USBD_StdEPReq)
    USBD_StdItfReq                           0x0800501d   Thumb Code    52  usbd_ctlreq.o(i.USBD_StdItfReq)
    USB_ActivateEndpoint                     0x08005051   Thumb Code   122  stm32f4xx_ll_usb.o(i.USB_ActivateEndpoint)
    USB_ActivateSetup                        0x080050d1   Thumb Code    52  stm32f4xx_ll_usb.o(i.USB_ActivateSetup)
    USB_CoreInit                             0x08005105   Thumb Code   104  stm32f4xx_ll_usb.o(i.USB_CoreInit)
    USB_DeactivateEndpoint                   0x080051a9   Thumb Code   196  stm32f4xx_ll_usb.o(i.USB_DeactivateEndpoint)
    USB_DevConnect                           0x08005271   Thumb Code    24  stm32f4xx_ll_usb.o(i.USB_DevConnect)
    USB_DevDisconnect                        0x08005289   Thumb Code    24  stm32f4xx_ll_usb.o(i.USB_DevDisconnect)
    USB_DevInit                              0x080052a1   Thumb Code   302  stm32f4xx_ll_usb.o(i.USB_DevInit)
    USB_DisableGlobalInt                     0x080053e1   Thumb Code    12  stm32f4xx_ll_usb.o(i.USB_DisableGlobalInt)
    USB_EP0StartXfer                         0x080053ed   Thumb Code   316  stm32f4xx_ll_usb.o(i.USB_EP0StartXfer)
    USB_EP0_OutStart                         0x0800552d   Thumb Code    62  stm32f4xx_ll_usb.o(i.USB_EP0_OutStart)
    USB_EPClearStall                         0x0800556b   Thumb Code   100  stm32f4xx_ll_usb.o(i.USB_EPClearStall)
    USB_EPSetStall                           0x080055cf   Thumb Code    94  stm32f4xx_ll_usb.o(i.USB_EPSetStall)
    USB_EPStartXfer                          0x0800562d   Thumb Code   534  stm32f4xx_ll_usb.o(i.USB_EPStartXfer)
    USB_EnableGlobalInt                      0x08005849   Thumb Code    12  stm32f4xx_ll_usb.o(i.USB_EnableGlobalInt)
    USB_FlushRxFifo                          0x08005855   Thumb Code    28  stm32f4xx_ll_usb.o(i.USB_FlushRxFifo)
    USB_FlushTxFifo                          0x08005875   Thumb Code    32  stm32f4xx_ll_usb.o(i.USB_FlushTxFifo)
    USB_GetDevSpeed                          0x08005899   Thumb Code    60  stm32f4xx_ll_usb.o(i.USB_GetDevSpeed)
    USB_GetMode                              0x080058d5   Thumb Code     8  stm32f4xx_ll_usb.o(i.USB_GetMode)
    USB_ReadDevAllInEpInterrupt              0x080058dd   Thumb Code    14  stm32f4xx_ll_usb.o(i.USB_ReadDevAllInEpInterrupt)
    USB_ReadDevAllOutEpInterrupt             0x080058eb   Thumb Code    14  stm32f4xx_ll_usb.o(i.USB_ReadDevAllOutEpInterrupt)
    USB_ReadDevInEPInterrupt                 0x080058f9   Thumb Code    30  stm32f4xx_ll_usb.o(i.USB_ReadDevInEPInterrupt)
    USB_ReadDevOutEPInterrupt                0x08005917   Thumb Code    16  stm32f4xx_ll_usb.o(i.USB_ReadDevOutEPInterrupt)
    USB_ReadInterrupts                       0x08005927   Thumb Code     8  stm32f4xx_ll_usb.o(i.USB_ReadInterrupts)
    USB_ReadPacket                           0x0800592f   Thumb Code    32  stm32f4xx_ll_usb.o(i.USB_ReadPacket)
    USB_SetCurrentMode                       0x0800594f   Thumb Code    44  stm32f4xx_ll_usb.o(i.USB_SetCurrentMode)
    USB_SetDevAddress                        0x0800597b   Thumb Code    34  stm32f4xx_ll_usb.o(i.USB_SetDevAddress)
    USB_WritePacket                          0x0800599d   Thumb Code    40  stm32f4xx_ll_usb.o(i.USB_WritePacket)
    UsageFault_Handler                       0x080059c5   Thumb Code     2  stm32f4xx_it.o(i.UsageFault_Handler)
    __scatterload_copy                       0x080059e7   Thumb Code    14  handlers.o(i.__scatterload_copy)
    __scatterload_null                       0x080059f5   Thumb Code     2  handlers.o(i.__scatterload_null)
    __scatterload_zeroinit                   0x080059f7   Thumb Code    14  handlers.o(i.__scatterload_zeroinit)
    free                                     0x08005a05   Thumb Code    76  malloc.o(i.free)
    main                                     0x08005a55   Thumb Code    72  main.o(i.main)
    malloc                                   0x08005ab9   Thumb Code    92  malloc.o(i.malloc)
    stmpe811_ClearGlobalIT                   0x08005b25   Thumb Code    10  stmpe811.o(i.stmpe811_ClearGlobalIT)
    stmpe811_DisableGlobalIT                 0x08005b2f   Thumb Code    28  stmpe811.o(i.stmpe811_DisableGlobalIT)
    stmpe811_DisableITSource                 0x08005b4b   Thumb Code    30  stmpe811.o(i.stmpe811_DisableITSource)
    stmpe811_EnableGlobalIT                  0x08005b69   Thumb Code    28  stmpe811.o(i.stmpe811_EnableGlobalIT)
    stmpe811_EnableITSource                  0x08005b85   Thumb Code    30  stmpe811.o(i.stmpe811_EnableITSource)
    stmpe811_IO_ClearIT                      0x08005bc1   Thumb Code    56  stmpe811.o(i.stmpe811_IO_ClearIT)
    stmpe811_IO_Config                       0x08005bf9   Thumb Code   200  stmpe811.o(i.stmpe811_IO_Config)
    stmpe811_IO_DisableAF                    0x08005cc1   Thumb Code    30  stmpe811.o(i.stmpe811_IO_DisableAF)
    stmpe811_IO_DisableIT                    0x08005cdf   Thumb Code    20  stmpe811.o(i.stmpe811_IO_DisableIT)
    stmpe811_IO_EnableIT                     0x08005cf3   Thumb Code    26  stmpe811.o(i.stmpe811_IO_EnableIT)
    stmpe811_IO_EnablePinIT                  0x08005d0d   Thumb Code    30  stmpe811.o(i.stmpe811_IO_EnablePinIT)
    stmpe811_IO_ITStatus                     0x08005d2b   Thumb Code    16  stmpe811.o(i.stmpe811_IO_ITStatus)
    stmpe811_IO_InitPin                      0x08005d3b   Thumb Code    40  stmpe811.o(i.stmpe811_IO_InitPin)
    stmpe811_IO_ReadPin                      0x08005d63   Thumb Code    16  stmpe811.o(i.stmpe811_IO_ReadPin)
    stmpe811_IO_SetEdgeMode                  0x08005d73   Thumb Code    72  stmpe811.o(i.stmpe811_IO_SetEdgeMode)
    stmpe811_IO_Start                        0x08005dbb   Thumb Code    38  stmpe811.o(i.stmpe811_IO_Start)
    stmpe811_IO_WritePin                     0x08005de1   Thumb Code    18  stmpe811.o(i.stmpe811_IO_WritePin)
    stmpe811_Init                            0x08005df5   Thumb Code    42  stmpe811.o(i.stmpe811_Init)
    stmpe811_ReadID                          0x08005e25   Thumb Code    32  stmpe811.o(i.stmpe811_ReadID)
    stmpe811_Reset                           0x08005e45   Thumb Code    40  stmpe811.o(i.stmpe811_Reset)
    stmpe811_SetITPolarity                   0x08005e6d   Thumb Code    32  stmpe811.o(i.stmpe811_SetITPolarity)
    stmpe811_SetITType                       0x08005e8d   Thumb Code    32  stmpe811.o(i.stmpe811_SetITType)
    AHBPrescTable                            0x08005eac   Data          16  system_stm32f4xx.o(.constdata)
    APBPrescTable                            0x08005ebc   Data           8  system_stm32f4xx.o(.constdata)
    MSC_Page00_Inquiry_Data                  0x08005ec4   Data           7  usbd_msc_data.o(.constdata)
    MSC_Mode_Sense6_data                     0x08005ecb   Data           8  usbd_msc_data.o(.constdata)
    MSC_Mode_Sense10_data                    0x08005ed3   Data           8  usbd_msc_data.o(.constdata)
    Region$$Table$$Base                      0x08005ee4   Number         0  anon$$obj.o(Region$$Table)
    Region$$Table$$Limit                     0x08005f04   Number         0  anon$$obj.o(Region$$Table)
    COM_USART                                0x20000004   Data           4  stm324xg_eval.o(.data)
    COM_TX_PORT                              0x20000008   Data           4  stm324xg_eval.o(.data)
    COM_RX_PORT                              0x2000000c   Data           4  stm324xg_eval.o(.data)
    GPIO_PORT                                0x20000010   Data          16  stm324xg_eval.o(.data)
    BUTTON_PORT                              0x20000020   Data          12  stm324xg_eval.o(.data)
    HID_Buffer                               0x20000034   Data           4  stm32f4xx_it.o(.data)
    MSC_Desc                                 0x20000038   Data          28  usbd_msc_desc.o(.data)
    USBD_MSC_LangIDDesc                      0x20000054   Data           4  usbd_msc_desc.o(.data)
    USBD_MSC_DeviceDesc                      0x20000058   Data          18  usbd_msc_desc.o(.data)
    USBD_MSC_StringSerial                    0x2000006a   Data          26  usbd_msc_desc.o(.data)
    readstatus                               0x20000088   Data           4  usbd_storage.o(.data)
    writestatus                              0x2000008c   Data           4  usbd_storage.o(.data)
    STORAGE_Inquirydata                      0x20000090   Data          36  usbd_storage.o(.data)
    USBD_DISK_fops                           0x200000b4   Data          32  usbd_storage.o(.data)
    HID_Desc                                 0x200000d4   Data          28  usbd_hid_desc.o(.data)
    USBD_HID_LangIDDesc                      0x200000f0   Data           4  usbd_hid_desc.o(.data)
    USBD_HID_DeviceDesc                      0x200000f4   Data          18  usbd_hid_desc.o(.data)
    USBD_HID_StringSerial                    0x20000106   Data          26  usbd_hid_desc.o(.data)
    SystemCoreClock                          0x20000120   Data           4  system_stm32f4xx.o(.data)
    USBD_MSC                                 0x20000124   Data          56  usbd_msc.o(.data)
    USBD_MSC_CfgHSDesc                       0x2000015c   Data          32  usbd_msc.o(.data)
    USBD_MSC_CfgFSDesc                       0x2000017c   Data          32  usbd_msc.o(.data)
    USBD_MSC_OtherSpeedCfgDesc               0x2000019c   Data          32  usbd_msc.o(.data)
    USBD_MSC_DeviceQualifierDesc             0x200001bc   Data          10  usbd_msc.o(.data)
    uwTickFreq                               0x200001c8   Data           1  stm32f4xx_hal.o(.data)
    uwTickPrio                               0x200001cc   Data           4  stm32f4xx_hal.o(.data)
    uwTick                                   0x200001d0   Data           4  stm32f4xx_hal.o(.data)
    stmpe811_io_drv                          0x200001d4   Data          44  stmpe811.o(.data)
    stmpe811                                 0x20000200   Data           2  stmpe811.o(.data)
    USBD_HID                                 0x20000204   Data          56  usbd_hid.o(.data)
    __microlib_freelist                      0x200002c4   Data           4  mvars.o(.data)
    __microlib_freelist_initialised          0x200002c8   Data           4  mvars.o(.data)
    heval_I2c                                0x200002cc   Data          84  stm324xg_eval.o(.bss)
    uSdHandle                                0x200003e0   Data         132  stm324xg_eval_sd.o(.bss)
    USBD_MSC_StrDesc                         0x20000464   Data         256  usbd_msc_desc.o(.bss)
    USBD_Device_HS                           0x20000564   Data         548  main.o(.bss)
    USBD_Device_FS                           0x20000788   Data         548  main.o(.bss)
    USBD_HID_StrDesc                         0x200009ac   Data         256  usbd_hid_desc.o(.bss)
    hpcd_HS                                  0x20000aac   Data        1008  usbd_conf.o(.bss)
    hpcd_FS                                  0x20000e9c   Data        1008  usbd_conf.o(.bss)
    __heap_base                              0x20001290   Data           0  startup_stm32f407xx.o(HEAP)
    __heap_limit                             0x20005290   Data           0  startup_stm32f407xx.o(HEAP)
    __initial_sp                             0x20006290   Data           0  startup_stm32f407xx.o(STACK)



==============================================================================

Memory Map of the image

  Image Entry point : 0x08000189

  Load Region LR_IROM1 (Base: 0x08000000, Size: 0x000061d0, Max: 0x00100000, ABSOLUTE, COMPRESSED[0x000060a0])

    Execution Region ER_IROM1 (Exec base: 0x08000000, Load base: 0x08000000, Size: 0x00005f04, Max: 0x00100000, ABSOLUTE)

    Exec Addr    Load Addr    Size         Type   Attr      Idx    E Section Name        Object

    0x08000000   0x08000000   0x00000188   Data   RO          677    RESET               startup_stm32f407xx.o
    0x08000188   0x08000188   0x00000000   Code   RO         4811  * .ARM.Collect$$$$00000000  mc_w.l(entry.o)
    0x08000188   0x08000188   0x00000004   Code   RO         4848    .ARM.Collect$$$$00000001  mc_w.l(entry2.o)
    0x0800018c   0x0800018c   0x00000004   Code   RO         4851    .ARM.Collect$$$$00000004  mc_w.l(entry5.o)
    0x08000190   0x08000190   0x00000000   Code   RO         4853    .ARM.Collect$$$$00000008  mc_w.l(entry7b.o)
    0x08000190   0x08000190   0x00000000   Code   RO         4855    .ARM.Collect$$$$0000000A  mc_w.l(entry8b.o)
    0x08000190   0x08000190   0x00000008   Code   RO         4856    .ARM.Collect$$$$0000000B  mc_w.l(entry9a.o)
    0x08000198   0x08000198   0x00000000   Code   RO         4858    .ARM.Collect$$$$0000000D  mc_w.l(entry10a.o)
    0x08000198   0x08000198   0x00000000   Code   RO         4860    .ARM.Collect$$$$0000000F  mc_w.l(entry11a.o)
    0x08000198   0x08000198   0x00000004   Code   RO         4849    .ARM.Collect$$$$00002712  mc_w.l(entry2.o)
    0x0800019c   0x0800019c   0x00000024   Code   RO          678    .text               startup_stm32f407xx.o
    0x080001c0   0x080001c0   0x00000062   Code   RO         4814    .text               mc_w.l(uldiv.o)
    0x08000222   0x08000222   0x00000024   Code   RO         4816    .text               mc_w.l(memcpya.o)
    0x08000246   0x08000246   0x0000001e   Code   RO         4862    .text               mc_w.l(llshl.o)
    0x08000264   0x08000264   0x00000020   Code   RO         4864    .text               mc_w.l(llushr.o)
    0x08000284   0x08000284   0x00000024   Code   RO         4868    .text               mc_w.l(init.o)
    0x080002a8   0x080002a8   0x00000056   Code   RO         4878    .text               mc_w.l(__dczerorl2.o)
    0x080002fe   0x080002fe   0x00000002   PAD
    0x08000300   0x08000300   0x00000038   Code   RO          619    i.BSP_IO_Init       stm324xg_eval_io.o
    0x08000338   0x08000338   0x00000018   Code   RO          620    i.BSP_IO_ReadPin    stm324xg_eval_io.o
    0x08000350   0x08000350   0x0000003a   Code   RO           10    i.BSP_JOY_GetState  stm324xg_eval.o
    0x0800038a   0x0800038a   0x00000004   Code   RO           11    i.BSP_JOY_Init      stm324xg_eval.o
    0x0800038e   0x0800038e   0x00000002   Code   RO          478    i.BSP_SD_AbortCallback  stm324xg_eval_sd.o
    0x08000390   0x08000390   0x0000000c   Code   RO          482    i.BSP_SD_GetCardInfo  stm324xg_eval_sd.o
    0x0800039c   0x0800039c   0x00000018   Code   RO          483    i.BSP_SD_GetCardState  stm324xg_eval_sd.o
    0x080003b4   0x080003b4   0x00000050   Code   RO          485    i.BSP_SD_Init       stm324xg_eval_sd.o
    0x08000404   0x08000404   0x00000024   Code   RO          486    i.BSP_SD_IsDetected  stm324xg_eval_sd.o
    0x08000428   0x08000428   0x00000170   Code   RO          487    i.BSP_SD_MspInit    stm324xg_eval_sd.o
    0x08000598   0x08000598   0x0000001c   Code   RO          489    i.BSP_SD_ReadBlocks_DMA  stm324xg_eval_sd.o
    0x080005b4   0x080005b4   0x0000000c   Code   RO          918    i.BSP_SD_ReadCpltCallback  usbd_storage.o
    0x080005c0   0x080005c0   0x0000001c   Code   RO          492    i.BSP_SD_WriteBlocks_DMA  stm324xg_eval_sd.o
    0x080005dc   0x080005dc   0x0000000c   Code   RO          919    i.BSP_SD_WriteCpltCallback  usbd_storage.o
    0x080005e8   0x080005e8   0x00000002   Code   RO          685    i.BusFault_Handler  stm32f4xx_it.o
    0x080005ea   0x080005ea   0x00000002   PAD
    0x080005ec   0x080005ec   0x0000000c   Code   RO          686    i.DMA2_Stream3_IRQHandler  stm32f4xx_it.o
    0x080005f8   0x080005f8   0x0000000c   Code   RO          687    i.DMA2_Stream6_IRQHandler  stm32f4xx_it.o
    0x08000604   0x08000604   0x00000028   Code   RO         2154    i.DMA_CalcBaseAndBitshift  stm32f4xx_hal_dma.o
    0x0800062c   0x0800062c   0x00000054   Code   RO         2155    i.DMA_CheckFifoParam  stm32f4xx_hal_dma.o
    0x08000680   0x08000680   0x00000028   Code   RO         2156    i.DMA_SetConfig     stm32f4xx_hal_dma.o
    0x080006a8   0x080006a8   0x00000002   Code   RO          688    i.DebugMon_Handler  stm32f4xx_it.o
    0x080006aa   0x080006aa   0x00000024   Code   RO         2158    i.HAL_DMA_Abort_IT  stm32f4xx_hal_dma.o
    0x080006ce   0x080006ce   0x00000056   Code   RO         2159    i.HAL_DMA_DeInit    stm32f4xx_hal_dma.o
    0x08000724   0x08000724   0x000001a0   Code   RO         2162    i.HAL_DMA_IRQHandler  stm32f4xx_hal_dma.o
    0x080008c4   0x080008c4   0x000000d4   Code   RO         2163    i.HAL_DMA_Init      stm32f4xx_hal_dma.o
    0x08000998   0x08000998   0x00000078   Code   RO         2167    i.HAL_DMA_Start_IT  stm32f4xx_hal_dma.o
    0x08000a10   0x08000a10   0x00000024   Code   RO         1990    i.HAL_Delay         stm32f4xx_hal.o
    0x08000a34   0x08000a34   0x000001b0   Code   RO         3623    i.HAL_GPIO_Init     stm32f4xx_hal_gpio.o
    0x08000be4   0x08000be4   0x0000000a   Code   RO         3625    i.HAL_GPIO_ReadPin  stm32f4xx_hal_gpio.o
    0x08000bee   0x08000bee   0x00000002   PAD
    0x08000bf0   0x08000bf0   0x0000000c   Code   RO         1995    i.HAL_GetREVID      stm32f4xx_hal.o
    0x08000bfc   0x08000bfc   0x0000000c   Code   RO         1996    i.HAL_GetTick       stm32f4xx_hal.o
    0x08000c08   0x08000c08   0x00000032   Code   RO         2868    i.HAL_I2C_DeInit    stm32f4xx_hal_i2c.o
    0x08000c3a   0x08000c3a   0x00000006   Code   RO         2876    i.HAL_I2C_GetState  stm32f4xx_hal_i2c.o
    0x08000c40   0x08000c40   0x00000108   Code   RO         2877    i.HAL_I2C_Init      stm32f4xx_hal_i2c.o
    0x08000d48   0x08000d48   0x000001fc   Code   RO         2893    i.HAL_I2C_Mem_Read  stm32f4xx_hal_i2c.o
    0x08000f44   0x08000f44   0x0000013c   Code   RO         2896    i.HAL_I2C_Mem_Write  stm32f4xx_hal_i2c.o
    0x08001080   0x08001080   0x00000002   Code   RO         2899    i.HAL_I2C_MspDeInit  stm32f4xx_hal_i2c.o
    0x08001082   0x08001082   0x00000002   Code   RO         2900    i.HAL_I2C_MspInit   stm32f4xx_hal_i2c.o
    0x08001084   0x08001084   0x00000010   Code   RO         2000    i.HAL_IncTick       stm32f4xx_hal.o
    0x08001094   0x08001094   0x0000002c   Code   RO         2001    i.HAL_Init          stm32f4xx_hal.o
    0x080010c0   0x080010c0   0x00000040   Code   RO         2002    i.HAL_InitTick      stm32f4xx_hal.o
    0x08001100   0x08001100   0x00000002   Code   RO         2004    i.HAL_MspInit       stm32f4xx_hal.o
    0x08001102   0x08001102   0x0000001a   Code   RO         3835    i.HAL_NVIC_EnableIRQ  stm32f4xx_hal_cortex.o
    0x0800111c   0x0800111c   0x00000040   Code   RO         3841    i.HAL_NVIC_SetPriority  stm32f4xx_hal_cortex.o
    0x0800115c   0x0800115c   0x00000024   Code   RO         3842    i.HAL_NVIC_SetPriorityGrouping  stm32f4xx_hal_cortex.o
    0x08001180   0x08001180   0x00000008   Code   RO         3590    i.HAL_PCDEx_SetRxFiFo  stm32f4xx_hal_pcd_ex.o
    0x08001188   0x08001188   0x00000044   Code   RO         3591    i.HAL_PCDEx_SetTxFiFo  stm32f4xx_hal_pcd_ex.o
    0x080011cc   0x080011cc   0x00000008   Code   RO         1103    i.HAL_PCD_ConnectCallback  usbd_conf.o
    0x080011d4   0x080011d4   0x00000012   Code   RO         1104    i.HAL_PCD_DataInStageCallback  usbd_conf.o
    0x080011e6   0x080011e6   0x00000014   Code   RO         1105    i.HAL_PCD_DataOutStageCallback  usbd_conf.o
    0x080011fa   0x080011fa   0x00000008   Code   RO         1106    i.HAL_PCD_DisconnectCallback  usbd_conf.o
    0x08001202   0x08001202   0x00000044   Code   RO         2606    i.HAL_PCD_EP_Close  stm32f4xx_hal_pcd.o
    0x08001246   0x08001246   0x00000050   Code   RO         2607    i.HAL_PCD_EP_ClrStall  stm32f4xx_hal_pcd.o
    0x08001296   0x08001296   0x00000034   Code   RO         2608    i.HAL_PCD_EP_Flush  stm32f4xx_hal_pcd.o
    0x080012ca   0x080012ca   0x00000014   Code   RO         2609    i.HAL_PCD_EP_GetRxCount  stm32f4xx_hal_pcd.o
    0x080012de   0x080012de   0x00000054   Code   RO         2610    i.HAL_PCD_EP_Open   stm32f4xx_hal_pcd.o
    0x08001332   0x08001332   0x00000048   Code   RO         2611    i.HAL_PCD_EP_Receive  stm32f4xx_hal_pcd.o
    0x0800137a   0x0800137a   0x00000060   Code   RO         2612    i.HAL_PCD_EP_SetStall  stm32f4xx_hal_pcd.o
    0x080013da   0x080013da   0x00000040   Code   RO         2613    i.HAL_PCD_EP_Transmit  stm32f4xx_hal_pcd.o
    0x0800141a   0x0800141a   0x00000002   PAD
    0x0800141c   0x0800141c   0x000004f4   Code   RO         2615    i.HAL_PCD_IRQHandler  stm32f4xx_hal_pcd.o
    0x08001910   0x08001910   0x00000008   Code   RO         1107    i.HAL_PCD_ISOINIncompleteCallback  usbd_conf.o
    0x08001918   0x08001918   0x00000008   Code   RO         1108    i.HAL_PCD_ISOOUTIncompleteCallback  usbd_conf.o
    0x08001920   0x08001920   0x000000be   Code   RO         2618    i.HAL_PCD_Init      stm32f4xx_hal_pcd.o
    0x080019de   0x080019de   0x00000002   PAD
    0x080019e0   0x080019e0   0x000001c0   Code   RO         1110    i.HAL_PCD_MspInit   usbd_conf.o
    0x08001ba0   0x08001ba0   0x00000020   Code   RO         1111    i.HAL_PCD_ResetCallback  usbd_conf.o
    0x08001bc0   0x08001bc0   0x00000008   Code   RO         1112    i.HAL_PCD_ResumeCallback  usbd_conf.o
    0x08001bc8   0x08001bc8   0x00000008   Code   RO         1113    i.HAL_PCD_SOFCallback  usbd_conf.o
    0x08001bd0   0x08001bd0   0x00000024   Code   RO         2624    i.HAL_PCD_SetAddress  stm32f4xx_hal_pcd.o
    0x08001bf4   0x08001bf4   0x0000000e   Code   RO         1114    i.HAL_PCD_SetupStageCallback  usbd_conf.o
    0x08001c02   0x08001c02   0x0000002a   Code   RO         2626    i.HAL_PCD_Start     stm32f4xx_hal_pcd.o
    0x08001c2c   0x08001c2c   0x00000008   Code   RO         1115    i.HAL_PCD_SuspendCallback  usbd_conf.o
    0x08001c34   0x08001c34   0x00000130   Code   RO         2496    i.HAL_RCC_ClockConfig  stm32f4xx_hal_rcc.o
    0x08001d64   0x08001d64   0x0000000c   Code   RO         2501    i.HAL_RCC_GetHCLKFreq  stm32f4xx_hal_rcc.o
    0x08001d70   0x08001d70   0x00000020   Code   RO         2503    i.HAL_RCC_GetPCLK1Freq  stm32f4xx_hal_rcc.o
    0x08001d90   0x08001d90   0x00000064   Code   RO         2505    i.HAL_RCC_GetSysClockFreq  stm32f4xx_hal_rcc.o
    0x08001df4   0x08001df4   0x0000031c   Code   RO         2508    i.HAL_RCC_OscConfig  stm32f4xx_hal_rcc.o
    0x08002110   0x08002110   0x00000008   Code   RO          494    i.HAL_SD_AbortCallback  stm324xg_eval_sd.o
    0x08002118   0x08002118   0x00000078   Code   RO         2263    i.HAL_SD_ConfigWideBusOperation  stm32f4xx_hal_sd.o
    0x08002190   0x08002190   0x00000002   Code   RO         2266    i.HAL_SD_ErrorCallback  stm32f4xx_hal_sd.o
    0x08002192   0x08002192   0x000001da   Code   RO         2268    i.HAL_SD_GetCardCSD  stm32f4xx_hal_sd.o
    0x0800236c   0x0800236c   0x00000024   Code   RO         2269    i.HAL_SD_GetCardInfo  stm32f4xx_hal_sd.o
    0x08002390   0x08002390   0x0000002c   Code   RO         2270    i.HAL_SD_GetCardState  stm32f4xx_hal_sd.o
    0x080023bc   0x080023bc   0x000001c0   Code   RO         2274    i.HAL_SD_IRQHandler  stm32f4xx_hal_sd.o
    0x0800257c   0x0800257c   0x00000036   Code   RO         2275    i.HAL_SD_Init       stm32f4xx_hal_sd.o
    0x080025b2   0x080025b2   0x00000002   PAD
    0x080025b4   0x080025b4   0x00000054   Code   RO         2276    i.HAL_SD_InitCard   stm32f4xx_hal_sd.o
    0x08002608   0x08002608   0x00000002   Code   RO         2278    i.HAL_SD_MspInit    stm32f4xx_hal_sd.o
    0x0800260a   0x0800260a   0x00000002   PAD
    0x0800260c   0x0800260c   0x000000f4   Code   RO         2280    i.HAL_SD_ReadBlocks_DMA  stm32f4xx_hal_sd.o
    0x08002700   0x08002700   0x00000008   Code   RO          495    i.HAL_SD_RxCpltCallback  stm324xg_eval_sd.o
    0x08002708   0x08002708   0x00000008   Code   RO          496    i.HAL_SD_TxCpltCallback  stm324xg_eval_sd.o
    0x08002710   0x08002710   0x000000f4   Code   RO         2285    i.HAL_SD_WriteBlocks_DMA  stm32f4xx_hal_sd.o
    0x08002804   0x08002804   0x00000028   Code   RO         3846    i.HAL_SYSTICK_Config  stm32f4xx_hal_cortex.o
    0x0800282c   0x0800282c   0x00000002   Code   RO          689    i.HardFault_Handler  stm32f4xx_it.o
    0x0800282e   0x0800282e   0x00000028   Code   RO         2915    i.I2C_IsAcknowledgeFailed  stm32f4xx_hal_i2c.o
    0x08002856   0x08002856   0x000000f0   Code   RO         2924    i.I2C_RequestMemoryRead  stm32f4xx_hal_i2c.o
    0x08002946   0x08002946   0x00000002   PAD
    0x08002948   0x08002948   0x000000a0   Code   RO         2925    i.I2C_RequestMemoryWrite  stm32f4xx_hal_i2c.o
    0x080029e8   0x080029e8   0x0000004e   Code   RO         2928    i.I2C_WaitOnBTFFlagUntilTimeout  stm32f4xx_hal_i2c.o
    0x08002a36   0x08002a36   0x00000060   Code   RO         2929    i.I2C_WaitOnFlagUntilTimeout  stm32f4xx_hal_i2c.o
    0x08002a96   0x08002a96   0x00000002   PAD
    0x08002a98   0x08002a98   0x00000088   Code   RO         2930    i.I2C_WaitOnMasterAddressFlagUntilTimeout  stm32f4xx_hal_i2c.o
    0x08002b20   0x08002b20   0x00000062   Code   RO         2931    i.I2C_WaitOnRXNEFlagUntilTimeout  stm32f4xx_hal_i2c.o
    0x08002b82   0x08002b82   0x0000004e   Code   RO         2932    i.I2C_WaitOnTXEFlagUntilTimeout  stm32f4xx_hal_i2c.o
    0x08002bd0   0x08002bd0   0x00000014   Code   RO           28    i.I2Cx_Error        stm324xg_eval.o
    0x08002be4   0x08002be4   0x00000074   Code   RO           29    i.I2Cx_ITConfig     stm324xg_eval.o
    0x08002c58   0x08002c58   0x00000048   Code   RO           30    i.I2Cx_Init         stm324xg_eval.o
    0x08002ca0   0x08002ca0   0x00000094   Code   RO           31    i.I2Cx_MspInit      stm324xg_eval.o
    0x08002d34   0x08002d34   0x00000034   Code   RO           32    i.I2Cx_Read         stm324xg_eval.o
    0x08002d68   0x08002d68   0x00000030   Code   RO           34    i.I2Cx_Write        stm324xg_eval.o
    0x08002d98   0x08002d98   0x00000004   Code   RO           35    i.IOE_Delay         stm324xg_eval.o
    0x08002d9c   0x08002d9c   0x00000004   Code   RO           36    i.IOE_ITConfig      stm324xg_eval.o
    0x08002da0   0x08002da0   0x00000004   Code   RO           37    i.IOE_Init          stm324xg_eval.o
    0x08002da4   0x08002da4   0x00000004   Code   RO           38    i.IOE_Read          stm324xg_eval.o
    0x08002da8   0x08002da8   0x00000004   Code   RO           40    i.IOE_Write         stm324xg_eval.o
    0x08002dac   0x08002dac   0x00000038   Code   RO          845    i.IntToUnicode      usbd_msc_desc.o
    0x08002de4   0x08002de4   0x00000038   Code   RO         1030    i.IntToUnicode      usbd_hid_desc.o
    0x08002e1c   0x08002e1c   0x00000044   Code   RO         1425    i.MSC_BOT_Abort     usbd_msc_bot.o
    0x08002e60   0x08002e60   0x000000c0   Code   RO         1426    i.MSC_BOT_CBW_Decode  usbd_msc_bot.o
    0x08002f20   0x08002f20   0x0000002a   Code   RO         1427    i.MSC_BOT_CplClrFeature  usbd_msc_bot.o
    0x08002f4a   0x08002f4a   0x0000003c   Code   RO         1428    i.MSC_BOT_DataIn    usbd_msc_bot.o
    0x08002f86   0x08002f86   0x0000003c   Code   RO         1429    i.MSC_BOT_DataOut   usbd_msc_bot.o
    0x08002fc2   0x08002fc2   0x0000000a   Code   RO         1430    i.MSC_BOT_DeInit    usbd_msc_bot.o
    0x08002fcc   0x08002fcc   0x00000048   Code   RO         1431    i.MSC_BOT_Init      usbd_msc_bot.o
    0x08003014   0x08003014   0x0000001a   Code   RO         1432    i.MSC_BOT_Reset     usbd_msc_bot.o
    0x0800302e   0x0800302e   0x00000002   PAD
    0x08003030   0x08003030   0x00000040   Code   RO         1433    i.MSC_BOT_SendCSW   usbd_msc_bot.o
    0x08003070   0x08003070   0x00000002   Code   RO          690    i.MemManage_Handler  stm32f4xx_it.o
    0x08003072   0x08003072   0x00000002   Code   RO          691    i.NMI_Handler       stm32f4xx_it.o
    0x08003074   0x08003074   0x0000000c   Code   RO          692    i.OTG_FS_IRQHandler  stm32f4xx_it.o
    0x08003080   0x08003080   0x0000000c   Code   RO          693    i.OTG_HS_IRQHandler  stm32f4xx_it.o
    0x0800308c   0x0800308c   0x00000088   Code   RO         2629    i.PCD_WriteEmptyTxFifo  stm32f4xx_hal_pcd.o
    0x08003114   0x08003114   0x00000002   Code   RO          694    i.PendSV_Handler    stm32f4xx_it.o
    0x08003116   0x08003116   0x00000024   Code   RO         1330    i.SCSI_CheckAddressRange  usbd_msc_scsi.o
    0x0800313a   0x0800313a   0x00000002   PAD
    0x0800313c   0x0800313c   0x000001d4   Code   RO         1331    i.SCSI_ProcessCmd   usbd_msc_scsi.o
    0x08003310   0x08003310   0x00000080   Code   RO         1332    i.SCSI_ProcessRead  usbd_msc_scsi.o
    0x08003390   0x08003390   0x0000008a   Code   RO         1333    i.SCSI_ProcessWrite  usbd_msc_scsi.o
    0x0800341a   0x0800341a   0x0000009a   Code   RO         1334    i.SCSI_Read10       usbd_msc_scsi.o
    0x080034b4   0x080034b4   0x0000005c   Code   RO         1335    i.SCSI_ReadCapacity10  usbd_msc_scsi.o
    0x08003510   0x08003510   0x0000006e   Code   RO         1336    i.SCSI_ReadFormatCapacity  usbd_msc_scsi.o
    0x0800357e   0x0800357e   0x00000042   Code   RO         1337    i.SCSI_SenseCode    usbd_msc_scsi.o
    0x080035c0   0x080035c0   0x000000bc   Code   RO         1338    i.SCSI_Write10      usbd_msc_scsi.o
    0x0800367c   0x0800367c   0x00000024   Code   RO         4006    i.SDIO_ConfigData   stm32f4xx_ll_sdmmc.o
    0x080036a0   0x080036a0   0x00000008   Code   RO         4010    i.SDIO_GetPowerState  stm32f4xx_ll_sdmmc.o
    0x080036a8   0x080036a8   0x0000000c   Code   RO         4011    i.SDIO_GetResponse  stm32f4xx_ll_sdmmc.o
    0x080036b4   0x080036b4   0x0000000c   Code   RO          695    i.SDIO_IRQHandler   stm32f4xx_it.o
    0x080036c0   0x080036c0   0x00000024   Code   RO         4012    i.SDIO_Init         stm32f4xx_ll_sdmmc.o
    0x080036e4   0x080036e4   0x00000008   Code   RO         4014    i.SDIO_PowerState_ON  stm32f4xx_ll_sdmmc.o
    0x080036ec   0x080036ec   0x00000006   Code   RO         4015    i.SDIO_ReadFIFO     stm32f4xx_ll_sdmmc.o
    0x080036f2   0x080036f2   0x00000020   Code   RO         4016    i.SDIO_SendCommand  stm32f4xx_ll_sdmmc.o
    0x08003712   0x08003712   0x0000000a   Code   RO         4018    i.SDIO_WriteFIFO    stm32f4xx_ll_sdmmc.o
    0x0800371c   0x0800371c   0x00000032   Code   RO         4019    i.SDMMC_CmdAppCommand  stm32f4xx_ll_sdmmc.o
    0x0800374e   0x0800374e   0x00000002   PAD
    0x08003750   0x08003750   0x00000034   Code   RO         4020    i.SDMMC_CmdAppOperCommand  stm32f4xx_ll_sdmmc.o
    0x08003784   0x08003784   0x00000032   Code   RO         4021    i.SDMMC_CmdBlockLength  stm32f4xx_ll_sdmmc.o
    0x080037b6   0x080037b6   0x00000032   Code   RO         4022    i.SDMMC_CmdBusWidth  stm32f4xx_ll_sdmmc.o
    0x080037e8   0x080037e8   0x00000050   Code   RO         4026    i.SDMMC_CmdGoIdleState  stm32f4xx_ll_sdmmc.o
    0x08003838   0x08003838   0x00000068   Code   RO         4028    i.SDMMC_CmdOperCond  stm32f4xx_ll_sdmmc.o
    0x080038a0   0x080038a0   0x00000032   Code   RO         4029    i.SDMMC_CmdReadMultiBlock  stm32f4xx_ll_sdmmc.o
    0x080038d2   0x080038d2   0x00000032   Code   RO         4030    i.SDMMC_CmdReadSingleBlock  stm32f4xx_ll_sdmmc.o
    0x08003904   0x08003904   0x00000032   Code   RO         4033    i.SDMMC_CmdSelDesel  stm32f4xx_ll_sdmmc.o
    0x08003936   0x08003936   0x0000002c   Code   RO         4034    i.SDMMC_CmdSendCID  stm32f4xx_ll_sdmmc.o
    0x08003962   0x08003962   0x0000002c   Code   RO         4035    i.SDMMC_CmdSendCSD  stm32f4xx_ll_sdmmc.o
    0x0800398e   0x0800398e   0x00000030   Code   RO         4036    i.SDMMC_CmdSendSCR  stm32f4xx_ll_sdmmc.o
    0x080039be   0x080039be   0x00000032   Code   RO         4037    i.SDMMC_CmdSendStatus  stm32f4xx_ll_sdmmc.o
    0x080039f0   0x080039f0   0x00000030   Code   RO         4038    i.SDMMC_CmdSetRelAdd  stm32f4xx_ll_sdmmc.o
    0x08003a20   0x08003a20   0x00000034   Code   RO         4040    i.SDMMC_CmdStopTransfer  stm32f4xx_ll_sdmmc.o
    0x08003a54   0x08003a54   0x00000032   Code   RO         4042    i.SDMMC_CmdWriteMultiBlock  stm32f4xx_ll_sdmmc.o
    0x08003a86   0x08003a86   0x00000032   Code   RO         4043    i.SDMMC_CmdWriteSingleBlock  stm32f4xx_ll_sdmmc.o
    0x08003ab8   0x08003ab8   0x0000011c   Code   RO         4044    i.SDMMC_GetCmdResp1  stm32f4xx_ll_sdmmc.o
    0x08003bd4   0x08003bd4   0x00000050   Code   RO         4045    i.SDMMC_GetCmdResp2  stm32f4xx_ll_sdmmc.o
    0x08003c24   0x08003c24   0x00000040   Code   RO         4046    i.SDMMC_GetCmdResp3  stm32f4xx_ll_sdmmc.o
    0x08003c64   0x08003c64   0x00000084   Code   RO         4047    i.SDMMC_GetCmdResp6  stm32f4xx_ll_sdmmc.o
    0x08003ce8   0x08003ce8   0x00000056   Code   RO         2287    i.SD_DMAError       stm32f4xx_hal_sd.o
    0x08003d3e   0x08003d3e   0x0000003e   Code   RO         2288    i.SD_DMAReceiveCplt  stm32f4xx_hal_sd.o
    0x08003d7c   0x08003d7c   0x00000048   Code   RO         2289    i.SD_DMARxAbort     stm32f4xx_hal_sd.o
    0x08003dc4   0x08003dc4   0x0000000e   Code   RO         2290    i.SD_DMATransmitCplt  stm32f4xx_hal_sd.o
    0x08003dd2   0x08003dd2   0x00000048   Code   RO         2291    i.SD_DMATxAbort     stm32f4xx_hal_sd.o
    0x08003e1a   0x08003e1a   0x000000d4   Code   RO         2292    i.SD_FindSCR        stm32f4xx_hal_sd.o
    0x08003eee   0x08003eee   0x000000e6   Code   RO         2293    i.SD_InitCard       stm32f4xx_hal_sd.o
    0x08003fd4   0x08003fd4   0x000000a2   Code   RO         2294    i.SD_PowerON        stm32f4xx_hal_sd.o
    0x08004076   0x08004076   0x0000004e   Code   RO         2296    i.SD_WideBus_Disable  stm32f4xx_hal_sd.o
    0x080040c4   0x080040c4   0x0000004e   Code   RO         2297    i.SD_WideBus_Enable  stm32f4xx_hal_sd.o
    0x08004112   0x08004112   0x0000002a   Code   RO          920    i.STORAGE_GetCapacity  usbd_storage.o
    0x0800413c   0x0800413c   0x00000004   Code   RO          921    i.STORAGE_GetMaxLun  usbd_storage.o
    0x08004140   0x08004140   0x0000000a   Code   RO          922    i.STORAGE_Init      usbd_storage.o
    0x0800414a   0x0800414a   0x00000002   PAD
    0x0800414c   0x0800414c   0x00000038   Code   RO          923    i.STORAGE_IsReady   usbd_storage.o
    0x08004184   0x08004184   0x00000004   Code   RO          924    i.STORAGE_IsWriteProtected  usbd_storage.o
    0x08004188   0x08004188   0x00000040   Code   RO          925    i.STORAGE_Read      usbd_storage.o
    0x080041c8   0x080041c8   0x00000040   Code   RO          926    i.STORAGE_Write     usbd_storage.o
    0x08004208   0x08004208   0x00000002   Code   RO          696    i.SVC_Handler       stm32f4xx_it.o
    0x0800420a   0x0800420a   0x00000002   PAD
    0x0800420c   0x0800420c   0x00000080   Code   RO          697    i.SysTick_Handler   stm32f4xx_it.o
    0x0800428c   0x0800428c   0x00000090   Code   RO          998    i.SystemClock_Config  main.o
    0x0800431c   0x0800431c   0x00000054   Code   RO         1293    i.SystemInit        system_stm32f4xx.o
    0x08004370   0x08004370   0x0000000e   Code   RO         4551    i.USBD_ClrClassConfig  usbd_core.o
    0x0800437e   0x0800437e   0x00000010   Code   RO         4754    i.USBD_CtlContinueRx  usbd_ioreq.o
    0x0800438e   0x0800438e   0x00000010   Code   RO         4755    i.USBD_CtlContinueSendData  usbd_ioreq.o
    0x0800439e   0x0800439e   0x00000016   Code   RO         4689    i.USBD_CtlError     usbd_ctlreq.o
    0x080043b4   0x080043b4   0x00000016   Code   RO         4757    i.USBD_CtlReceiveStatus  usbd_ioreq.o
    0x080043ca   0x080043ca   0x0000001a   Code   RO         4758    i.USBD_CtlSendData  usbd_ioreq.o
    0x080043e4   0x080043e4   0x00000016   Code   RO         4759    i.USBD_CtlSendStatus  usbd_ioreq.o
    0x080043fa   0x080043fa   0x000000e0   Code   RO         4690    i.USBD_GetDescriptor  usbd_ctlreq.o
    0x080044da   0x080044da   0x00000046   Code   RO         4691    i.USBD_GetString    usbd_ctlreq.o
    0x08004520   0x08004520   0x00000020   Code   RO         1031    i.USBD_HID_ConfigStrDescriptor  usbd_hid_desc.o
    0x08004540   0x08004540   0x0000000c   Code   RO         4481    i.USBD_HID_DataIn   usbd_hid.o
    0x0800454c   0x0800454c   0x0000001e   Code   RO         4482    i.USBD_HID_DeInit   usbd_hid.o
    0x0800456a   0x0800456a   0x00000002   PAD
    0x0800456c   0x0800456c   0x0000000c   Code   RO         1032    i.USBD_HID_DeviceDescriptor  usbd_hid_desc.o
    0x08004578   0x08004578   0x0000000c   Code   RO         4483    i.USBD_HID_GetCfgDesc  usbd_hid.o
    0x08004584   0x08004584   0x0000000c   Code   RO         4484    i.USBD_HID_GetDeviceQualifierDesc  usbd_hid.o
    0x08004590   0x08004590   0x00000028   Code   RO         4486    i.USBD_HID_Init     usbd_hid.o
    0x080045b8   0x080045b8   0x00000024   Code   RO         1033    i.USBD_HID_InterfaceStrDescriptor  usbd_hid_desc.o
    0x080045dc   0x080045dc   0x0000000c   Code   RO         1034    i.USBD_HID_LangIDStrDescriptor  usbd_hid_desc.o
    0x080045e8   0x080045e8   0x00000028   Code   RO         1035    i.USBD_HID_ManufacturerStrDescriptor  usbd_hid_desc.o
    0x08004610   0x08004610   0x0000004c   Code   RO         1036    i.USBD_HID_ProductStrDescriptor  usbd_hid_desc.o
    0x0800465c   0x0800465c   0x00000024   Code   RO         4487    i.USBD_HID_SendReport  usbd_hid.o
    0x08004680   0x08004680   0x00000038   Code   RO         1037    i.USBD_HID_SerialStrDescriptor  usbd_hid_desc.o
    0x080046b8   0x080046b8   0x000000a0   Code   RO         4488    i.USBD_HID_Setup    usbd_hid.o
    0x08004758   0x08004758   0x0000002a   Code   RO         4553    i.USBD_Init         usbd_core.o
    0x08004782   0x08004782   0x0000000e   Code   RO         1116    i.USBD_LL_ClearStallEP  usbd_conf.o
    0x08004790   0x08004790   0x0000000e   Code   RO         1117    i.USBD_LL_CloseEP   usbd_conf.o
    0x0800479e   0x0800479e   0x000000aa   Code   RO         4554    i.USBD_LL_DataInStage  usbd_core.o
    0x08004848   0x08004848   0x0000006a   Code   RO         4555    i.USBD_LL_DataOutStage  usbd_core.o
    0x080048b2   0x080048b2   0x00000004   Code   RO         4556    i.USBD_LL_DevConnected  usbd_core.o
    0x080048b6   0x080048b6   0x00000016   Code   RO         4557    i.USBD_LL_DevDisconnected  usbd_core.o
    0x080048cc   0x080048cc   0x0000000e   Code   RO         1120    i.USBD_LL_FlushEP   usbd_conf.o
    0x080048da   0x080048da   0x00000008   Code   RO         1121    i.USBD_LL_GetRxDataSize  usbd_conf.o
    0x080048e2   0x080048e2   0x00000002   PAD
    0x080048e4   0x080048e4   0x000000ac   Code   RO         1122    i.USBD_LL_Init      usbd_conf.o
    0x08004990   0x08004990   0x00000020   Code   RO         1123    i.USBD_LL_IsStallEP  usbd_conf.o
    0x080049b0   0x080049b0   0x00000004   Code   RO         4558    i.USBD_LL_IsoINIncomplete  usbd_core.o
    0x080049b4   0x080049b4   0x00000004   Code   RO         4559    i.USBD_LL_IsoOUTIncomplete  usbd_core.o
    0x080049b8   0x080049b8   0x00000014   Code   RO         1124    i.USBD_LL_OpenEP    usbd_conf.o
    0x080049cc   0x080049cc   0x0000000e   Code   RO         1125    i.USBD_LL_PrepareReceive  usbd_conf.o
    0x080049da   0x080049da   0x0000003e   Code   RO         4560    i.USBD_LL_Reset     usbd_core.o
    0x08004a18   0x08004a18   0x0000000c   Code   RO         4561    i.USBD_LL_Resume    usbd_core.o
    0x08004a24   0x08004a24   0x00000018   Code   RO         4562    i.USBD_LL_SOF       usbd_core.o
    0x08004a3c   0x08004a3c   0x00000006   Code   RO         4563    i.USBD_LL_SetSpeed  usbd_core.o
    0x08004a42   0x08004a42   0x0000000e   Code   RO         1126    i.USBD_LL_SetUSBAddress  usbd_conf.o
    0x08004a50   0x08004a50   0x0000005a   Code   RO         4564    i.USBD_LL_SetupStage  usbd_core.o
    0x08004aaa   0x08004aaa   0x0000000e   Code   RO         1127    i.USBD_LL_StallEP   usbd_conf.o
    0x08004ab8   0x08004ab8   0x0000000e   Code   RO         1128    i.USBD_LL_Start     usbd_conf.o
    0x08004ac6   0x08004ac6   0x00000012   Code   RO         4565    i.USBD_LL_Suspend   usbd_core.o
    0x08004ad8   0x08004ad8   0x0000000e   Code   RO         1130    i.USBD_LL_Transmit  usbd_conf.o
    0x08004ae6   0x08004ae6   0x00000002   PAD
    0x08004ae8   0x08004ae8   0x00000020   Code   RO          846    i.USBD_MSC_ConfigStrDescriptor  usbd_msc_desc.o
    0x08004b08   0x08004b08   0x0000000a   Code   RO         1495    i.USBD_MSC_DataIn   usbd_msc.o
    0x08004b12   0x08004b12   0x0000000a   Code   RO         1496    i.USBD_MSC_DataOut  usbd_msc.o
    0x08004b1c   0x08004b1c   0x0000002c   Code   RO         1497    i.USBD_MSC_DeInit   usbd_msc.o
    0x08004b48   0x08004b48   0x0000000c   Code   RO          847    i.USBD_MSC_DeviceDescriptor  usbd_msc_desc.o
    0x08004b54   0x08004b54   0x0000000c   Code   RO         1498    i.USBD_MSC_GetDeviceQualifierDescriptor  usbd_msc.o
    0x08004b60   0x08004b60   0x0000000c   Code   RO         1499    i.USBD_MSC_GetFSCfgDesc  usbd_msc.o
    0x08004b6c   0x08004b6c   0x0000000c   Code   RO         1500    i.USBD_MSC_GetHSCfgDesc  usbd_msc.o
    0x08004b78   0x08004b78   0x0000000c   Code   RO         1501    i.USBD_MSC_GetOtherSpeedCfgDesc  usbd_msc.o
    0x08004b84   0x08004b84   0x00000052   Code   RO         1502    i.USBD_MSC_Init     usbd_msc.o
    0x08004bd6   0x08004bd6   0x00000002   PAD
    0x08004bd8   0x08004bd8   0x00000024   Code   RO          848    i.USBD_MSC_InterfaceStrDescriptor  usbd_msc_desc.o
    0x08004bfc   0x08004bfc   0x0000000c   Code   RO          849    i.USBD_MSC_LangIDStrDescriptor  usbd_msc_desc.o
    0x08004c08   0x08004c08   0x00000028   Code   RO          850    i.USBD_MSC_ManufacturerStrDescriptor  usbd_msc_desc.o
    0x08004c30   0x08004c30   0x0000004c   Code   RO          851    i.USBD_MSC_ProductStrDescriptor  usbd_msc_desc.o
    0x08004c7c   0x08004c7c   0x0000000a   Code   RO         1503    i.USBD_MSC_RegisterStorage  usbd_msc.o
    0x08004c86   0x08004c86   0x00000002   PAD
    0x08004c88   0x08004c88   0x00000038   Code   RO          852    i.USBD_MSC_SerialStrDescriptor  usbd_msc_desc.o
    0x08004cc0   0x08004cc0   0x000000c2   Code   RO         1504    i.USBD_MSC_Setup    usbd_msc.o
    0x08004d82   0x08004d82   0x00000028   Code   RO         4692    i.USBD_ParseSetupRequest  usbd_ctlreq.o
    0x08004daa   0x08004daa   0x00000010   Code   RO         4566    i.USBD_RegisterClass  usbd_core.o
    0x08004dba   0x08004dba   0x00000016   Code   RO         4568    i.USBD_SetClassConfig  usbd_core.o
    0x08004dd0   0x08004dd0   0x00000074   Code   RO         4693    i.USBD_SetConfig    usbd_ctlreq.o
    0x08004e44   0x08004e44   0x0000000a   Code   RO         4569    i.USBD_Start        usbd_core.o
    0x08004e4e   0x08004e4e   0x000000f2   Code   RO         4694    i.USBD_StdDevReq    usbd_ctlreq.o
    0x08004f40   0x08004f40   0x000000dc   Code   RO         4695    i.USBD_StdEPReq     usbd_ctlreq.o
    0x0800501c   0x0800501c   0x00000034   Code   RO         4696    i.USBD_StdItfReq    usbd_ctlreq.o
    0x08005050   0x08005050   0x00000080   Code   RO         1701    i.USB_ActivateEndpoint  stm32f4xx_ll_usb.o
    0x080050d0   0x080050d0   0x00000034   Code   RO         1702    i.USB_ActivateSetup  stm32f4xx_ll_usb.o
    0x08005104   0x08005104   0x0000006c   Code   RO         1704    i.USB_CoreInit      stm32f4xx_ll_usb.o
    0x08005170   0x08005170   0x00000038   Code   RO         1705    i.USB_CoreReset     stm32f4xx_ll_usb.o
    0x080051a8   0x080051a8   0x000000c8   Code   RO         1707    i.USB_DeactivateEndpoint  stm32f4xx_ll_usb.o
    0x08005270   0x08005270   0x00000018   Code   RO         1708    i.USB_DevConnect    stm32f4xx_ll_usb.o
    0x08005288   0x08005288   0x00000018   Code   RO         1709    i.USB_DevDisconnect  stm32f4xx_ll_usb.o
    0x080052a0   0x080052a0   0x00000140   Code   RO         1710    i.USB_DevInit       stm32f4xx_ll_usb.o
    0x080053e0   0x080053e0   0x0000000c   Code   RO         1711    i.USB_DisableGlobalInt  stm32f4xx_ll_usb.o
    0x080053ec   0x080053ec   0x00000140   Code   RO         1714    i.USB_EP0StartXfer  stm32f4xx_ll_usb.o
    0x0800552c   0x0800552c   0x0000003e   Code   RO         1715    i.USB_EP0_OutStart  stm32f4xx_ll_usb.o
    0x0800556a   0x0800556a   0x00000064   Code   RO         1716    i.USB_EPClearStall  stm32f4xx_ll_usb.o
    0x080055ce   0x080055ce   0x0000005e   Code   RO         1717    i.USB_EPSetStall    stm32f4xx_ll_usb.o
    0x0800562c   0x0800562c   0x0000021c   Code   RO         1718    i.USB_EPStartXfer   stm32f4xx_ll_usb.o
    0x08005848   0x08005848   0x0000000c   Code   RO         1719    i.USB_EnableGlobalInt  stm32f4xx_ll_usb.o
    0x08005854   0x08005854   0x00000020   Code   RO         1720    i.USB_FlushRxFifo   stm32f4xx_ll_usb.o
    0x08005874   0x08005874   0x00000024   Code   RO         1721    i.USB_FlushTxFifo   stm32f4xx_ll_usb.o
    0x08005898   0x08005898   0x0000003c   Code   RO         1723    i.USB_GetDevSpeed   stm32f4xx_ll_usb.o
    0x080058d4   0x080058d4   0x00000008   Code   RO         1725    i.USB_GetMode       stm32f4xx_ll_usb.o
    0x080058dc   0x080058dc   0x0000000e   Code   RO         1732    i.USB_ReadDevAllInEpInterrupt  stm32f4xx_ll_usb.o
    0x080058ea   0x080058ea   0x0000000e   Code   RO         1733    i.USB_ReadDevAllOutEpInterrupt  stm32f4xx_ll_usb.o
    0x080058f8   0x080058f8   0x0000001e   Code   RO         1734    i.USB_ReadDevInEPInterrupt  stm32f4xx_ll_usb.o
    0x08005916   0x08005916   0x00000010   Code   RO         1735    i.USB_ReadDevOutEPInterrupt  stm32f4xx_ll_usb.o
    0x08005926   0x08005926   0x00000008   Code   RO         1736    i.USB_ReadInterrupts  stm32f4xx_ll_usb.o
    0x0800592e   0x0800592e   0x00000020   Code   RO         1737    i.USB_ReadPacket    stm32f4xx_ll_usb.o
    0x0800594e   0x0800594e   0x0000002c   Code   RO         1739    i.USB_SetCurrentMode  stm32f4xx_ll_usb.o
    0x0800597a   0x0800597a   0x00000022   Code   RO         1740    i.USB_SetDevAddress  stm32f4xx_ll_usb.o
    0x0800599c   0x0800599c   0x00000028   Code   RO         1744    i.USB_WritePacket   stm32f4xx_ll_usb.o
    0x080059c4   0x080059c4   0x00000002   Code   RO          698    i.UsageFault_Handler  stm32f4xx_it.o
    0x080059c6   0x080059c6   0x00000020   Code   RO         3848    i.__NVIC_SetPriority  stm32f4xx_hal_cortex.o
    0x080059e6   0x080059e6   0x0000000e   Code   RO         4872    i.__scatterload_copy  mc_w.l(handlers.o)
    0x080059f4   0x080059f4   0x00000002   Code   RO         4873    i.__scatterload_null  mc_w.l(handlers.o)
    0x080059f6   0x080059f6   0x0000000e   Code   RO         4874    i.__scatterload_zeroinit  mc_w.l(handlers.o)
    0x08005a04   0x08005a04   0x00000050   Code   RO         4820    i.free              mc_w.l(malloc.o)
    0x08005a54   0x08005a54   0x00000064   Code   RO          999    i.main              main.o
    0x08005ab8   0x08005ab8   0x0000006c   Code   RO         4821    i.malloc            mc_w.l(malloc.o)
    0x08005b24   0x08005b24   0x0000000a   Code   RO         4267    i.stmpe811_ClearGlobalIT  stmpe811.o
    0x08005b2e   0x08005b2e   0x0000001c   Code   RO         4268    i.stmpe811_DisableGlobalIT  stmpe811.o
    0x08005b4a   0x08005b4a   0x0000001e   Code   RO         4269    i.stmpe811_DisableITSource  stmpe811.o
    0x08005b68   0x08005b68   0x0000001c   Code   RO         4270    i.stmpe811_EnableGlobalIT  stmpe811.o
    0x08005b84   0x08005b84   0x0000001e   Code   RO         4271    i.stmpe811_EnableITSource  stmpe811.o
    0x08005ba2   0x08005ba2   0x00000002   PAD
    0x08005ba4   0x08005ba4   0x0000001c   Code   RO         4272    i.stmpe811_GetInstance  stmpe811.o
    0x08005bc0   0x08005bc0   0x00000038   Code   RO         4274    i.stmpe811_IO_ClearIT  stmpe811.o
    0x08005bf8   0x08005bf8   0x000000c8   Code   RO         4275    i.stmpe811_IO_Config  stmpe811.o
    0x08005cc0   0x08005cc0   0x0000001e   Code   RO         4276    i.stmpe811_IO_DisableAF  stmpe811.o
    0x08005cde   0x08005cde   0x00000014   Code   RO         4277    i.stmpe811_IO_DisableIT  stmpe811.o
    0x08005cf2   0x08005cf2   0x0000001a   Code   RO         4280    i.stmpe811_IO_EnableIT  stmpe811.o
    0x08005d0c   0x08005d0c   0x0000001e   Code   RO         4281    i.stmpe811_IO_EnablePinIT  stmpe811.o
    0x08005d2a   0x08005d2a   0x00000010   Code   RO         4282    i.stmpe811_IO_ITStatus  stmpe811.o
    0x08005d3a   0x08005d3a   0x00000028   Code   RO         4283    i.stmpe811_IO_InitPin  stmpe811.o
    0x08005d62   0x08005d62   0x00000010   Code   RO         4284    i.stmpe811_IO_ReadPin  stmpe811.o
    0x08005d72   0x08005d72   0x00000048   Code   RO         4285    i.stmpe811_IO_SetEdgeMode  stmpe811.o
    0x08005dba   0x08005dba   0x00000026   Code   RO         4286    i.stmpe811_IO_Start  stmpe811.o
    0x08005de0   0x08005de0   0x00000012   Code   RO         4287    i.stmpe811_IO_WritePin  stmpe811.o
    0x08005df2   0x08005df2   0x00000002   PAD
    0x08005df4   0x08005df4   0x00000030   Code   RO         4288    i.stmpe811_Init     stmpe811.o
    0x08005e24   0x08005e24   0x00000020   Code   RO         4290    i.stmpe811_ReadID   stmpe811.o
    0x08005e44   0x08005e44   0x00000028   Code   RO         4291    i.stmpe811_Reset    stmpe811.o
    0x08005e6c   0x08005e6c   0x00000020   Code   RO         4292    i.stmpe811_SetITPolarity  stmpe811.o
    0x08005e8c   0x08005e8c   0x00000020   Code   RO         4293    i.stmpe811_SetITType  stmpe811.o
    0x08005eac   0x08005eac   0x00000010   Data   RO         1294    .constdata          system_stm32f4xx.o
    0x08005ebc   0x08005ebc   0x00000008   Data   RO         1295    .constdata          system_stm32f4xx.o
    0x08005ec4   0x08005ec4   0x00000007   Data   RO         1399    .constdata          usbd_msc_data.o
    0x08005ecb   0x08005ecb   0x00000008   Data   RO         1400    .constdata          usbd_msc_data.o
    0x08005ed3   0x08005ed3   0x00000008   Data   RO         1401    .constdata          usbd_msc_data.o
    0x08005edb   0x08005edb   0x00000008   Data   RO         2169    .constdata          stm32f4xx_hal_dma.o
    0x08005ee3   0x08005ee3   0x00000001   PAD
    0x08005ee4   0x08005ee4   0x00000020   Data   RO         4870    Region$$Table       anon$$obj.o


    Execution Region RW_IRAM1 (Exec base: 0x20000000, Load base: 0x08005f04, Size: 0x00006290, Max: 0x00020000, ABSOLUTE, COMPRESSED[0x0000019c])

    Exec Addr    Load Addr    Size         Type   Attr      Idx    E Section Name        Object

    0x20000000   COMPRESSED   0x0000002c   Data   RW           48    .data               stm324xg_eval.o
    0x2000002c   COMPRESSED   0x00000004   Data   RW          623    .data               stm324xg_eval_io.o
    0x20000030   COMPRESSED   0x00000008   Data   RW          699    .data               stm32f4xx_it.o
    0x20000038   COMPRESSED   0x0000001c   Data   RW          854    .data               usbd_msc_desc.o
    0x20000054   COMPRESSED   0x00000030   Data   RW          855    .data               usbd_msc_desc.o
    0x20000084   COMPRESSED   0x0000000c   Data   RW          927    .data               usbd_storage.o
    0x20000090   COMPRESSED   0x00000024   Data   RW          928    .data               usbd_storage.o
    0x200000b4   COMPRESSED   0x00000020   Data   RW          929    .data               usbd_storage.o
    0x200000d4   COMPRESSED   0x0000001c   Data   RW         1039    .data               usbd_hid_desc.o
    0x200000f0   COMPRESSED   0x00000030   Data   RW         1040    .data               usbd_hid_desc.o
    0x20000120   COMPRESSED   0x00000004   Data   RW         1296    .data               system_stm32f4xx.o
    0x20000124   COMPRESSED   0x00000038   Data   RW         1505    .data               usbd_msc.o
    0x2000015c   COMPRESSED   0x0000006a   Data   RW         1506    .data               usbd_msc.o
    0x200001c6   COMPRESSED   0x00000002   PAD
    0x200001c8   COMPRESSED   0x0000000c   Data   RW         2008    .data               stm32f4xx_hal.o
    0x200001d4   COMPRESSED   0x0000002c   Data   RW         4302    .data               stmpe811.o
    0x20000200   COMPRESSED   0x00000002   Data   RW         4303    .data               stmpe811.o
    0x20000202   COMPRESSED   0x00000002   PAD
    0x20000204   COMPRESSED   0x00000038   Data   RW         4489    .data               usbd_hid.o
    0x2000023c   COMPRESSED   0x00000086   Data   RW         4490    .data               usbd_hid.o
    0x200002c2   COMPRESSED   0x00000001   Data   RW         4697    .data               usbd_ctlreq.o
    0x200002c3   COMPRESSED   0x00000001   PAD
    0x200002c4   COMPRESSED   0x00000004   Data   RW         4866    .data               mc_w.l(mvars.o)
    0x200002c8   COMPRESSED   0x00000004   Data   RW         4867    .data               mc_w.l(mvars.o)
    0x200002cc        -       0x00000054   Zero   RW           46    .bss                stm324xg_eval.o
    0x20000320        -       0x00000144   Zero   RW          497    .bss                stm324xg_eval_sd.o
    0x20000464        -       0x00000100   Zero   RW          853    .bss                usbd_msc_desc.o
    0x20000564        -       0x00000448   Zero   RW         1000    .bss                main.o
    0x200009ac        -       0x00000100   Zero   RW         1038    .bss                usbd_hid_desc.o
    0x20000aac        -       0x000007e0   Zero   RW         1131    .bss                usbd_conf.o
    0x2000128c   COMPRESSED   0x00000004   PAD
    0x20001290        -       0x00004000   Zero   RW          676    HEAP                startup_stm32f407xx.o
    0x20005290        -       0x00001000   Zero   RW          675    STACK               startup_stm32f407xx.o


==============================================================================

Image component sizes


      Code (inc. data)   RO Data    RW Data    ZI Data      Debug   Object Name

       244         40          0          0       1096       2027   main.o
        36          8        392          0      20480        888   startup_stm32f407xx.o
       538         54          0         44         84     676721   stm324xg_eval.o
        80         16          0          4          0       2219   stm324xg_eval_io.o
       602         60          0          0        324       9209   stm324xg_eval_sd.o
       186         32          0         12          0       6618   stm32f4xx_hal.o
       198         14          0          0          0      34119   stm32f4xx_hal_cortex.o
      1034         16          8          0          0       8231   stm32f4xx_hal_dma.o
       442         44          0          0          0       2787   stm32f4xx_hal_gpio.o
      2074         36          0          0          0      17096   stm32f4xx_hal_i2c.o
      2208         72          0          0          0      13684   stm32f4xx_hal_pcd.o
        76          0          0          0          0       2196   stm32f4xx_hal_pcd_ex.o
      1244         74          0          0          0       5725   stm32f4xx_hal_rcc.o
      2818         40          0          0          0      20248   stm32f4xx_hal_sd.o
       204         36          0          8          0      18714   stm32f4xx_it.o
      1630         42          0          0          0      26143   stm32f4xx_ll_sdmmc.o
      2420         56          0          0          0      23664   stm32f4xx_ll_usb.o
       900         16          0         46          0      21554   stmpe811.o
        84         18         24          4          0       1423   system_stm32f4xx.o
       932         44          0          0       2016      16928   usbd_conf.o
       626          0          0          0          0      14062   usbd_core.o
       986         30          0          1          0       9020   usbd_ctlreq.o
       302         12          0        190          0       8001   usbd_hid.o
       320        128          0         76        256       7082   usbd_hid_desc.o
       102          0          0          0          0       4496   usbd_ioreq.o
       398         16          0        162          0      10864   usbd_msc.o
       594          8          0          0          0       8477   usbd_msc_bot.o
         0          0         23          0          0       1081   usbd_msc_data.o
       320        128          0         76        256       7082   usbd_msc_desc.o
      1380         12          0          0          0      11779   usbd_msc_scsi.o
       268         22          0         80          0       6974   usbd_storage.o

    ----------------------------------------------------------------------
     23286       1074        480        708      24516     999112   Object Totals
         0          0         32          0          0          0   (incl. Generated)
        40          0          1          5          4          0   (incl. Padding)

    ----------------------------------------------------------------------

      Code (inc. data)   RO Data    RW Data    ZI Data      Debug   Library Member Name

        86          0          0          0          0          0   __dczerorl2.o
         0          0          0          0          0          0   entry.o
         0          0          0          0          0          0   entry10a.o
         0          0          0          0          0          0   entry11a.o
         8          4          0          0          0          0   entry2.o
         4          0          0          0          0          0   entry5.o
         0          0          0          0          0          0   entry7b.o
         0          0          0          0          0          0   entry8b.o
         8          4          0          0          0          0   entry9a.o
        30          0          0          0          0          0   handlers.o
        36          8          0          0          0         68   init.o
        30          0          0          0          0         68   llshl.o
        32          0          0          0          0         68   llushr.o
       188         20          0          0          0        160   malloc.o
        36          0          0          0          0         68   memcpya.o
         0          0          0          8          0          0   mvars.o
        98          0          0          0          0         92   uldiv.o

    ----------------------------------------------------------------------
       558         36          0          8          0        524   Library Totals
         2          0          0          0          0          0   (incl. Padding)

    ----------------------------------------------------------------------

      Code (inc. data)   RO Data    RW Data    ZI Data      Debug   Library Name

       556         36          0          8          0        524   mc_w.l

    ----------------------------------------------------------------------
       558         36          0          8          0        524   Library Totals

    ----------------------------------------------------------------------

==============================================================================


      Code (inc. data)   RO Data    RW Data    ZI Data      Debug   

     23844       1110        480        716      24516     969012   Grand Totals
     23844       1110        480        412      24516     969012   ELF Image Totals (compressed)
     23844       1110        480        412          0          0   ROM Totals

==============================================================================

    Total RO  Size (Code + RO Data)                24324 (  23.75kB)
    Total RW  Size (RW Data + ZI Data)             25232 (  24.64kB)
    Total ROM Size (Code + RO Data + RW Data)      24736 (  24.16kB)

==============================================================================

